D/NetworkStatsRecorder(  907): recordSnapshotLocked.uid:snapshot size:266
D/NetworkStatsRecorder(  907): recordSnapshotLocked.uid_tag:snapshot size:266
D/ConnectivityService(  907): notifyType PRECHECK for NetworkAgentInfo [WIFI () - 324]
D/ConnectivityService(  907): rematching NetworkAgentInfo [WIFI () - 324]
D/ConnectivityService(  907): rematchNetworkAndRequests currentNetwork: null
D/ConnectivityService(  907): currentNetwork = null, NetworkRequestInfo: Listen from uid/pid:10106/21349 for NetworkRequest [ id=590, legacyType=-1, [ Capabilities: INTERNET&NOT_RESTRICTED&TRUSTED] ]
D/ConnectivityService(  907): rematchNetworkAndRequests currentNetwork: null
D/ConnectivityService(  907): currentNetwork = null, NetworkRequestInfo: Listen from uid/pid:1000/1238 for NetworkRequest [ id=2, legacyType=-1, [] ]
D/ConnectivityService(  907): rematchNetworkAndRequests currentNetwork: null
D/ConnectivityService(  907): currentNetwork = null, NetworkRequestInfo: Request from uid/pid:1000/907 for NetworkRequest [ id=1, legacyType=-1, [ Capabilities: INTERNET&NOT_RESTRICTED&TRUSTED&NOT_VPN] ]
D/ConnectivityService(  907):    accepting network in place of null
D/ConnectivityService(  907): rematchNetworkAndRequests currentNetwork: null
D/ConnectivityService(  907): currentNetwork = null, NetworkRequestInfo: Listen from uid/pid:10107/21823 for NetworkRequest [ id=589, legacyType=-1, [ Capabilities: INTERNET&NOT_RESTRICTED&TRUSTED] ]
D/ConnectivityService(  907): Switching to new default network: NetworkAgentInfo{ ni{[type: WIFI[], state: CONNECTED/CONNECTED, reason: (unspecified), extra: "NETGEAR79", roaming: false, failover: false, isAvailable: true, isConnectedToProvisioningNetwork: false]}  network{324}  lp{{InterfaceName: wlan0 LinkAddresses: [fe80::caf2:30ff:fe0f:3631/64,192.168.1.2/24,]  Routes: [fe80::/64 -> :: wlan0,::/0 -> fe80::deef:9ff:fe38:ab89 wlan0,192.168.1.0/24 -> 0.0.0.0 wlan0,0.0.0.0/0 -> 192.168.1.1 wlan0,] DnsAddresses: [192.168.1.1,] Domains: domain.name MTU: 0 TcpBufferSizes: 524288,1048576,2097152,262144,524288,1048576}}  nc{[ Transports: WIFI Capabilities: INTERNET&NOT_RESTRICTED&TRUSTED&NOT_VPN LinkUpBandwidth>=1048576Kbps LinkDnBandwidth>=1048576Kbps]}  Score{60}  everValidated{false}  lastValidated{false}  created{true}  explicitlySelected{false} }
D/ConnectivityService(  907): notifyType AVAILABLE for NetworkAgentInfo [WIFI () - 324]
D/CSLegacyTypeTracker(  907): Sending connected broadcast for type 1 NetworkAgentInfo [WIFI () - 324] isDefaultNetwork=true
D/ConnectivityService(  907): sendStickyBroadcast: action=android.net.conn.CONNECTIVITY_CHANGE_IMMEDIATE
D/ConnectivityService(  907): sendStickyBroadcast: action=android.net.conn.CONNECTIVITY_CHANGE
I/ActivityManager(  907): Start proc 23311:android.process.blacklist/u0a30 for broadcast com.oppo.blacklist/.sogou.SogouAutoUpdateReceiver
D/ActivityManager(  907):  (1) delay start android.process.blacklist startResult.usingWrapper false
I/ActivityManager(  907): Start proc 23332:com.nearme.themespace/u0a57 for broadcast com.nearme.themespace/.receiver.GetPushReceiver
D/ActivityManager(  907):  (1) delay start com.nearme.themespace startResult.usingWrapper false
I/ActivityManager(  907): Killing 22067:com.oppo.activation/u0a78 (adj 15): empty #9
I/ActivityManager(  907): Start proc 23354:com.oppo.ota/u0a67 for broadcast com.oppo.ota/.app.UpdateReceiver
D/ActivityManager(  907):  (1) delay start com.oppo.ota startResult.usingWrapper false
D/ActivityManager(  907): cleanUpApplicationRecordLocked app:ProcessRecord{f2a3c78 22067:com.oppo.activation/u0a78}, restarting:false, allowRestart:true, index:-1
D/ActivityManager(  907): cleanUpApplicationRecordLocked from:com.android.server.am.ActivityManagerService.handleAppDiedLocked:4990 com.android.server.am.ActivityManagerService.appDiedLocked:5169 com.android.server.am.ActivityManagerService$AppDeathRecipient.binderDied:1379 android.os.BinderProxy.sendDeathNotice:551 
D/ActivityManager(  907): cleanUpApplicationRecordLocked:goodbye proc com.oppo.activation
D/ConnectivityService(  907): setProvNotificationVisibleIntent: E visible=false networkType=0 extraInfo=null
D/ConnectivityService(  907): Validated NetworkAgentInfo [WIFI () - 324]
D/ConnectivityService(  907): rematching NetworkAgentInfo [WIFI () - 324]
D/ConnectivityService(  907): rematchNetworkAndRequests currentNetwork: null
D/ConnectivityService(  907): currentNetwork = null, NetworkRequestInfo: Listen from uid/pid:10106/21349 for NetworkRequest [ id=590, legacyType=-1, [ Capabilities: INTERNET&NOT_RESTRICTED&TRUSTED] ]
D/ConnectivityService(  907): rematchNetworkAndRequests currentNetwork: null
D/ConnectivityService(  907): currentNetwork = null, NetworkRequestInfo: Listen from uid/pid:1000/1238 for NetworkRequest [ id=2, legacyType=-1, [] ]
D/ConnectivityService(  907): rematchNetworkAndRequests currentNetwork: NetworkAgentInfo{ ni{[type: WIFI[], state: CONNECTED/CONNECTED, reason: (unspecified), extra: "NETGEAR79", roaming: false, failover: false, isAvailable: true, isConnectedToProvisioningNetwork: false]}  network{324}  lp{{InterfaceName: wlan0 LinkAddresses: [fe80::caf2:30ff:fe0f:3631/64,192.168.1.2/24,]  Routes: [fe80::/64 -> :: wlan0,::/0 -> fe80::deef:9ff:fe38:ab89 wlan0,192.168.1.0/24 -> 0.0.0.0 wlan0,0.0.0.0/0 -> 192.168.1.1 wlan0,] DnsAddresses: [192.168.1.1,] Domains: domain.name MTU: 0 TcpBufferSizes: 524288,1048576,2097152,262144,524288,1048576}}  nc{[ Transports: WIFI Capabilities: INTERNET&NOT_RESTRICTED&TRUSTED&NOT_VPN LinkUpBandwidth>=1048576Kbps LinkDnBandwidth>=1048576Kbps]}  Score{60}  everValidated{true}  lastValidated{true}  created{true}  explicitlySelected{false} }
D/ConnectivityService(  907): currentNetwork = NetworkAgentInfo [WIFI () - 324], NetworkRequestInfo: Request from uid/pid:1000/907 for NetworkRequest [ id=1, legacyType=-1, [ Capabilities: INTERNET&NOT_RESTRICTED&TRUSTED&NOT_VPN] ]
D/ConnectivityService(  907): Network NetworkAgentInfo [WIFI () - 324] was already satisfying request 1. No change.
D/ConnectivityService(  907): rematchNetworkAndRequests currentNetwork: null
D/ConnectivityService(  907): currentNetwork = null, NetworkRequestInfo: Listen from uid/pid:10107/21823 for NetworkRequest [ id=589, legacyType=-1, [ Capabilities: INTERNET&NOT_RESTRICTED&TRUSTED] ]
D/ConnectivityService(  907): notifyType AVAILABLE for NetworkAgentInfo [WIFI () - 324]
D/ConnectivityService(  907): sendStickyBroadcast: action=android.net.conn.INET_CONDITION_ACTION
I/ActivityManager(  907): Killing 22089:com.oppo.weather/u0a80 (adj 15): empty #9
I/ActivityManager(  907): Killing 22109:com.google.android.apps.photos/u0a89 (adj 15): empty #9
I/ActivityManager(  907): Start proc 23376:com.oppo.activation/u0a78 for broadcast com.oppo.activation/.BootReceiver
D/ActivityManager(  907):  (1) delay start com.oppo.activation startResult.usingWrapper false
D/ActivityManager(  907): cleanUpApplicationRecordLocked app:ProcessRecord{3be0b542 22089:com.oppo.weather/u0a80}, restarting:false, allowRestart:true, index:-1
D/ActivityManager(  907): cleanUpApplicationRecordLocked from:com.android.server.am.ActivityManagerService.handleAppDiedLocked:4990 com.android.server.am.ActivityManagerService.appDiedLocked:5169 com.android.server.am.ActivityManagerService$AppDeathRecipient.binderDied:1379 android.os.BinderProxy.sendDeathNotice:551 
D/ActivityManager(  907): cleanUpApplicationRecordLocked:goodbye proc com.oppo.weather
D/ActivityManager(  907): cleanUpApplicationRecordLocked app:ProcessRecord{a33c32f 22109:com.google.android.apps.photos/u0a89}, restarting:false, allowRestart:true, index:-1
D/ActivityManager(  907): cleanUpApplicationRecordLocked from:com.android.server.am.ActivityManagerService.handleAppDiedLocked:4990 com.android.server.am.ActivityManagerService.appDiedLocked:5169 com.android.server.am.ActivityManagerService$AppDeathRecipient.binderDied:1379 android.os.BinderProxy.sendDeathNotice:551 
D/ActivityManager(  907): cleanUpApplicationRecordLocked:goodbye proc com.google.android.apps.photos
I/ActivityManager(  907): Start proc 23395:com.oppo.weather/u0a80 for broadcast com.oppo.weather/.receiver.AutoUpdateWeatherReceiver
D/ActivityManager(  907):  (1) delay start com.oppo.weather startResult.usingWrapper false
I/ActivityManager(  907): Start proc 23413:com.nearme.themespacelib/1000 for service com.nearme.themespacelib/.service.ThemeService
D/ActivityManager(  907):  (1) delay start com.nearme.themespacelib startResult.usingWrapper false
I/ActivityManager(  907): Start proc 23435:com.google.android.apps.photos/u0a89 for broadcast com.google.android.apps.photos/.actionqueue.SystemReceiver
D/ActivityManager(  907):  (1) delay start com.google.android.apps.photos startResult.usingWrapper false
I/ActivityManager(  907): Killing 23085:com.oppo.phonenoareainquire/u0a87 (adj 15): empty #9
D/ConnectivityService(  907): NetTransition Wakelock (NetworkAgentInfo [WIFI () - 323] cleared because we found a replacement network
I/ActivityManager(  907): Killing 15117:com.android.incallui/u0a55 (adj 15): empty #9
V/Process (23354): killProcess [23354] Callers=com.oppo.ota.app.UpdateReceiver.onReceive:191 android.app.ActivityThread.handleReceiver:2757 android.app.ActivityThread.access$1800:164 android.app.ActivityThread$H.handleMessage:1496 
D/ActivityManager(  907): cleanUpApplicationRecordLocked app:ProcessRecord{15a1a5fd 23085:com.oppo.phonenoareainquire/u0a87}, restarting:false, allowRestart:true, index:-1
D/ActivityManager(  907): cleanUpApplicationRecordLocked from:com.android.server.am.ActivityManagerService.handleAppDiedLocked:4990 com.android.server.am.ActivityManagerService.appDiedLocked:5169 com.android.server.am.ActivityManagerService$AppDeathRecipient.binderDied:1379 android.os.BinderProxy.sendDeathNotice:551 
D/ActivityManager(  907): cleanUpApplicationRecordLocked:goodbye proc com.oppo.phonenoareainquire
I/ActivityManager(  907): Process com.oppo.ota (pid 23354) has died
D/ActivityManager(  907): cleanUpApplicationRecordLocked app:ProcessRecord{351d5d43 23354:com.oppo.ota/u0a67}, restarting:false, allowRestart:true, index:-1
D/ActivityManager(  907): cleanUpApplicationRecordLocked from:com.android.server.am.ActivityManagerService.handleAppDiedLocked:4990 com.android.server.am.ActivityManagerService.appDiedLocked:5169 com.android.server.am.ActivityManagerService$AppDeathRecipient.binderDied:1379 android.os.BinderProxy.sendDeathNotice:551 
W/ActivityManager(  907): Scheduling restart of crashed service com.oppo.ota/.app.DownloadService in 605999104ms
D/ActivityManager(  907): cleanUpApplicationRecordLocked:goodbye proc com.oppo.ota
D/ActivityManager(  907): cleanUpApplicationRecordLocked app:ProcessRecord{34bd4fc0 15117:com.android.incallui/u0a55}, restarting:false, allowRestart:true, index:-1
D/ActivityManager(  907): cleanUpApplicationRecordLocked from:com.android.server.am.ActivityManagerService.handleAppDiedLocked:4990 com.android.server.am.ActivityManagerService.appDiedLocked:5169 com.android.server.am.ActivityManagerService$AppDeathRecipient.binderDied:1379 android.os.BinderProxy.sendDeathNotice:551 
D/ActivityManager(  907): cleanUpApplicationRecordLocked:goodbye proc com.android.incallui
W/FileUtils(23413): Failed to chmod(/system/media/theme/default_pic/): android.system.ErrnoException: chmod failed: ENOENT (No such file or directory)
I/ActivityManager(  907): Process com.nearme.themespacelib (pid 23413) has died
D/ActivityManager(  907): cleanUpApplicationRecordLocked app:ProcessRecord{1167a4f9 23413:com.nearme.themespacelib/1000}, restarting:false, allowRestart:true, index:-1
D/ActivityManager(  907): cleanUpApplicationRecordLocked from:com.android.server.am.ActivityManagerService.handleAppDiedLocked:4990 com.android.server.am.ActivityManagerService.appDiedLocked:5169 com.android.server.am.ActivityManagerService$AppDeathRecipient.binderDied:1379 android.os.BinderProxy.sendDeathNotice:551 
W/ActivityManager(  907): Scheduling restart of crashed service com.nearme.themespacelib/.service.ThemeService in 1000ms
D/ActivityManager(  907): cleanUpApplicationRecordLocked:goodbye proc com.nearme.themespacelib
V/AlarmManager(  907): Triggering alarm #0: Alarm{4f497b5 type 2 when 340757942 com.google.android.gms com.google.android.intent.action.GCM_RECONNECT}
I/ActivityManager(  907): Start proc 23471:com.nearme.themespacelib/1000 for service com.nearme.themespacelib/.service.ThemeService
D/ActivityManager(  907):  (1) delay start com.nearme.themespacelib startResult.usingWrapper false
W/FileUtils(23471): Failed to chmod(/system/media/theme/default_pic/): android.system.ErrnoException: chmod failed: ENOENT (No such file or directory)
I/ActivityManager(  907): Process com.nearme.themespacelib (pid 23471) has died
D/ActivityManager(  907): cleanUpApplicationRecordLocked app:ProcessRecord{19febe69 23471:com.nearme.themespacelib/1000}, restarting:false, allowRestart:true, index:-1
D/ActivityManager(  907): cleanUpApplicationRecordLocked from:com.android.server.am.ActivityManagerService.handleAppDiedLocked:4990 com.android.server.am.ActivityManagerService.appDiedLocked:5169 com.android.server.am.ActivityManagerService$AppDeathRecipient.binderDied:1379 android.os.BinderProxy.sendDeathNotice:551 
W/ActivityManager(  907): Scheduling restart of crashed service com.nearme.themespacelib/.service.ThemeService in 4000ms
D/ActivityManager(  907): cleanUpApplicationRecordLocked:goodbye proc com.nearme.themespacelib
I/ActivityManager(  907): Start proc 23511:com.google.android.talk/u0a53 for broadcast com.google.android.talk/com.google.android.apps.hangouts.service.broadcastreceiver.GcmStateReceiver
D/ActivityManager(  907):  (1) delay start com.google.android.talk startResult.usingWrapper false
W/ResourcesManager(23511): Asset path '/system/framework/com.google.android.media.effects.jar' does not exist or contains no resources.
I/ActivityManager(  907): Killing 23000:com.google.android.music:main/u0a63 (adj 15): empty #9
D/ActivityManager(  907): cleanUpApplicationRecordLocked app:ProcessRecord{22cf99b7 23000:com.google.android.music:main/u0a63}, restarting:false, allowRestart:true, index:-1
D/ActivityManager(  907): cleanUpApplicationRecordLocked from:com.android.server.am.ActivityManagerService.handleAppDiedLocked:4990 com.android.server.am.ActivityManagerService.appDiedLocked:5169 com.android.server.am.ActivityManagerService$AppDeathRecipient.binderDied:1379 android.os.BinderProxy.sendDeathNotice:551 
D/ActivityManager(  907): cleanUpApplicationRecordLocked:goodbye proc com.google.android.music:main
I/ActivityManager(  907): Start proc 23557:com.google.android.googlequicksearchbox:search/u0a23 for broadcast com.google.android.googlequicksearchbox/com.google.android.apps.gsa.search.core.udc.UdcSettingBroadcastReceiver
D/ActivityManager(  907):  (1) delay start com.google.android.googlequicksearchbox:search startResult.usingWrapper false
I/ActivityManager(  907): Killing 21538:com.android.email/u0a27 (adj 15): empty #9
D/ActivityManager(  907): cleanUpApplicationRecordLocked app:ProcessRecord{1e638175 21538:com.android.email/u0a27}, restarting:false, allowRestart:true, index:-1
D/ActivityManager(  907): cleanUpApplicationRecordLocked from:com.android.server.am.ActivityManagerService.handleAppDiedLocked:4990 com.android.server.am.ActivityManagerService.appDiedLocked:5169 com.android.server.am.ActivityManagerService$AppDeathRecipient.binderDied:1379 android.os.BinderProxy.sendDeathNotice:551 
D/ActivityManager(  907): cleanUpApplicationRecordLocked:goodbye proc com.android.email
I/ActivityManager(  907): Start proc 23582:com.nearme.themespacelib/1000 for service com.nearme.themespacelib/.service.ThemeService
D/ActivityManager(  907):  (1) delay start com.nearme.themespacelib startResult.usingWrapper false
W/FileUtils(23582): Failed to chmod(/system/media/theme/default_pic/): android.system.ErrnoException: chmod failed: ENOENT (No such file or directory)
I/ActivityManager(  907): Process com.nearme.themespacelib (pid 23582) has died
D/ActivityManager(  907): cleanUpApplicationRecordLocked app:ProcessRecord{1ca445b0 23582:com.nearme.themespacelib/1000}, restarting:false, allowRestart:true, index:-1
D/ActivityManager(  907): cleanUpApplicationRecordLocked from:com.android.server.am.ActivityManagerService.handleAppDiedLocked:4990 com.android.server.am.ActivityManagerService.appDiedLocked:5169 com.android.server.am.ActivityManagerService$AppDeathRecipient.binderDied:1379 android.os.BinderProxy.sendDeathNotice:551 
W/ActivityManager(  907): Canceling start item Intent { act=com.nearme.themespacelib.theme_service flg=0x20 (has extras) } in service ComponentInfo{com.nearme.themespacelib/com.nearme.themespacelib.service.ThemeService}
W/ActivityManager(  907): Scheduling restart of crashed service com.nearme.themespacelib/.service.ThemeService in 45737ms
D/ActivityManager(  907): cleanUpApplicationRecordLocked:goodbye proc com.nearme.themespacelib
I/ActivityManager(  907): Start proc 23616:com.google.android.partnersetup/u0a12 for content provider com.google.android.partnersetup/.RlzAppProvider
D/ActivityManager(  907):  (1) delay start com.google.android.partnersetup startResult.usingWrapper false
I/ActivityManager(  907): Start proc 23642:com.google.android.gms.ui/u0a9 for service com.google.android.gms/.chimera.UiIntentOperationService
D/ActivityManager(  907):  (1) delay start com.google.android.gms.ui startResult.usingWrapper false
W/ResourcesManager(23642): Asset path '/system/framework/com.android.media.remotedisplay.jar' does not exist or contains no resources.
W/ResourcesManager(23642): Asset path '/system/framework/com.android.location.provider.jar' does not exist or contains no resources.
V/WindowManager(  907): Changing focus from Window{10c23e16 u0 StatusBar} to Window{11b00fb4 u0 com.oppo.launcher/com.oppo.launcher.Launcher} Callers=com.android.server.wm.WindowManagerService.relayoutWindow:3446 com.android.server.wm.Session.relayout:202 android.view.IWindowSession$Stub.onTransact:273 com.android.server.wm.Session.onTransact:130 
W/InputMethodManagerService(  907): Window already focused, ignoring focus gain of: com.android.internal.view.IInputMethodClient$Stub$Proxy@47bf59c attribute=null, token = android.os.BinderProxy@66c1487
I/ActivityManager(  907): Killing 23311:android.process.blacklist/u0a30 (adj 15): empty #9
D/ActivityManager(  907): cleanUpApplicationRecordLocked app:ProcessRecord{454ba5 23311:android.process.blacklist/u0a30}, restarting:false, allowRestart:true, index:-1
D/ActivityManager(  907): cleanUpApplicationRecordLocked from:com.android.server.am.ActivityManagerService.handleAppDiedLocked:4990 com.android.server.am.ActivityManagerService.appDiedLocked:5169 com.android.server.am.ActivityManagerService$AppDeathRecipient.binderDied:1379 android.os.BinderProxy.sendDeathNotice:551 
D/ActivityManager(  907): cleanUpApplicationRecordLocked:goodbye proc android.process.blacklist
I/ActivityManager(  907): START u0 {act=android.intent.action.MAIN cat=[android.intent.category.HOME] flg=0x10200000 cmp=com.oppo.launcher/.Launcher} from uid 1000 and from pid 907 on display 0
I/ActivityManager(  907): START u0 {act=android.intent.action.MAIN cat=[android.intent.category.HOME] flg=0x10200000 cmp=com.oppo.launcher/.Launcher} from uid 1000 and from pid 907 on display 0
I/ActivityManager(  907): START u0 {act=android.intent.action.MAIN cat=[android.intent.category.HOME] flg=0x10200000 cmp=com.oppo.launcher/.Launcher} from uid 1000 and from pid 907 on display 0
I/ActivityManager(  907): START u0 {act=android.intent.action.MAIN cat=[android.intent.category.HOME] flg=0x10200000 cmp=com.oppo.launcher/.Launcher} from uid 1000 and from pid 907 on display 0
I/ActivityManager(  907): START u0 {act=android.intent.action.MAIN cat=[android.intent.category.HOME] flg=0x10200000 cmp=com.oppo.launcher/.Launcher} from uid 1000 and from pid 907 on display 0
I/ActivityManager(  907): START u0 {act=android.intent.action.MAIN cat=[android.intent.category.HOME] flg=0x10200000 cmp=com.oppo.launcher/.Launcher} from uid 1000 and from pid 907 on display 0
I/ActivityManager(  907): START u0 {act=android.intent.action.MAIN cat=[android.intent.category.HOME] flg=0x10200000 cmp=com.oppo.launcher/.Launcher} from uid 1000 and from pid 907 on display 0
I/ActivityManager(  907): START u0 {act=android.intent.action.MAIN cat=[android.intent.category.HOME] flg=0x10200000 cmp=com.oppo.launcher/.Launcher} from uid 1000 and from pid 907 on display 0
I/ActivityManager(  907): START u0 {act=android.intent.action.MAIN cat=[android.intent.category.HOME] flg=0x10200000 cmp=com.oppo.launcher/.Launcher} from uid 1000 and from pid 907 on display 0
I/ActivityManager(  907): START u0 {act=android.intent.action.MAIN cat=[android.intent.category.HOME] flg=0x10200000 cmp=com.oppo.launcher/.Launcher} from uid 1000 and from pid 907 on display 0
I/ActivityManager(  907): START u0 {act=android.intent.action.MAIN cat=[android.intent.category.HOME] flg=0x10200000 cmp=com.oppo.launcher/.Launcher} from uid 1000 and from pid 907 on display 0
I/ActivityManager(  907): START u0 {act=android.intent.action.MAIN cat=[android.intent.category.HOME] flg=0x10200000 cmp=com.oppo.launcher/.Launcher} from uid 1000 and from pid 907 on display 0
I/ActivityManager(  907): START u0 {act=android.intent.action.MAIN cat=[android.intent.category.HOME] flg=0x10200000 cmp=com.oppo.launcher/.Launcher} from uid 1000 and from pid 907 on display 0
I/ActivityManager(  907): Start proc 23724:com.android.settings/1000 for service com.android.settings/com.oppo.settings.ClearRunningAppService
D/ActivityManager(  907):  (1) delay start com.android.settings startResult.usingWrapper false
W/ActivityManager(  907): Unable to start service Intent { cmp=com.nearme.statistics.rom/.service.ReceiverService (has extras) } U=0: not found
W/ResourcesManager(23511): Asset path '/system/framework/com.android.media.remotedisplay.jar' does not exist or contains no resources.
W/ResourcesManager(23511): Asset path '/system/framework/com.android.location.provider.jar' does not exist or contains no resources.
D/ActivityManager(  907): for debug: forceStopPackage[pkg:com.nearme.sync,userId:0], caller[pid:23724,uid:1000]
I/ActivityManager(  907): Force stopping com.nearme.sync appid=10064 user=0: from pid 23724
I/ActivityManager(  907): Killing 22726:com.nearme.sync/u0a64 (adj 8): stop com.nearme.sync
D/ActivityManager(  907): cleanUpApplicationRecordLocked app:ProcessRecord{1d6e9e5c 22726:com.nearme.sync/u0a64}, restarting:true, allowRestart:true, index:-1
D/ActivityManager(  907): cleanUpApplicationRecordLocked from:com.android.server.am.ActivityManagerService.handleAppDiedLocked:4990 com.android.server.am.ActivityManagerService.removeProcessLocked:6389 com.android.server.am.ActivityManagerService.killPackageProcessesLocked:6161 com.android.server.am.ActivityManagerService.forceStopPackageLocked:6242 
W/ActivityManager(  907): Scheduling restart of crashed service com.nearme.sync/.services.AutoSyncService in 30423ms
I/ActivityManager(  907):   Force stopping service ServiceRecord{30b023aa u0 com.nearme.sync/.services.AutoSyncService}
I/ActivityManager(  907): START u0 {act=android.intent.action.MAIN cat=[android.intent.category.HOME] flg=0x10200000 cmp=com.oppo.launcher/.Launcher} from uid 1000 and from pid 907 on display 0
W/ActivityManager(  907): Spurious death for ProcessRecord{1d6e9e5c 22726:com.nearme.sync/u0a64}, curProc for 22726: null
D/ActivityManager(  907): for debug: forceStopPackage[pkg:com.nearme.themespace,userId:0], caller[pid:23724,uid:1000]
I/ActivityManager(  907): Force stopping com.nearme.themespace appid=10057 user=0: from pid 23724
I/ActivityManager(  907): Killing 23332:com.nearme.themespace/u0a57 (adj 15): stop com.nearme.themespace
D/ActivityManager(  907): cleanUpApplicationRecordLocked app:ProcessRecord{1fb6623a 23332:com.nearme.themespace/u0a57}, restarting:true, allowRestart:true, index:-1
D/ActivityManager(  907): cleanUpApplicationRecordLocked from:com.android.server.am.ActivityManagerService.handleAppDiedLocked:4990 com.android.server.am.ActivityManagerService.removeProcessLocked:6389 com.android.server.am.ActivityManagerService.killPackageProcessesLocked:6161 com.android.server.am.ActivityManagerService.forceStopPackageLocked:6242 
I/ActivityManager(  907): START u0 {act=android.intent.action.MAIN cat=[android.intent.category.HOME] flg=0x10200000 cmp=com.oppo.launcher/.Launcher} from uid 1000 and from pid 907 on display 0
W/ActivityManager(  907): Spurious death for ProcessRecord{1fb6623a 23332:com.nearme.themespace/u0a57}, curProc for 23332: null
D/ActivityManager(  907): for debug: forceStopPackage[pkg:com.android.dlna.service,userId:0], caller[pid:23724,uid:1000]
I/ActivityManager(  907): Force stopping com.android.dlna.service appid=10042 user=0: from pid 23724
I/ActivityManager(  907): Killing 22640:com.android.dlna.service/u0a42 (adj 1): stop com.android.dlna.service
E/WifiService(  907): Multicaster binderDied
D/ActivityManager(  907): cleanUpApplicationRecordLocked app:ProcessRecord{244e8545 22640:com.android.dlna.service/u0a42}, restarting:true, allowRestart:true, index:-1
D/ActivityManager(  907): cleanUpApplicationRecordLocked from:com.android.server.am.ActivityManagerService.handleAppDiedLocked:4990 com.android.server.am.ActivityManagerService.removeProcessLocked:6389 com.android.server.am.ActivityManagerService.killPackageProcessesLocked:6161 com.android.server.am.ActivityManagerService.forceStopPackageLocked:6242 
W/ActivityManager(  907): Scheduling restart of crashed service com.android.dlna.service/.DlnaService in 30098ms
I/ActivityManager(  907):   Force stopping service ServiceRecord{42430de u0 com.android.dlna.service/.DlnaService}
W/ActivityManager(  907): Spurious death for ProcessRecord{244e8545 22640:com.android.dlna.service/u0a42}, curProc for 22640: null
I/ActivityManager(  907): START u0 {act=android.intent.action.MAIN cat=[android.intent.category.HOME] flg=0x10200000 cmp=com.oppo.launcher/.Launcher} from uid 1000 and from pid 907 on display 0
D/ActivityManager(  907): for debug: forceStopPackage[pkg:com.oppo.alarmclock,userId:0], caller[pid:23724,uid:1000]
I/ActivityManager(  907): Force stopping com.oppo.alarmclock appid=10037 user=0: from pid 23724
I/ActivityManager(  907): Killing 22786:com.oppo.alarmclock/u0a37 (adj 8): stop com.oppo.alarmclock
D/ActivityManager(  907): cleanUpApplicationRecordLocked app:ProcessRecord{396c32e1 22786:com.oppo.alarmclock/u0a37}, restarting:true, allowRestart:true, index:-1
D/ActivityManager(  907): cleanUpApplicationRecordLocked from:com.android.server.am.ActivityManagerService.handleAppDiedLocked:4990 com.android.server.am.ActivityManagerService.removeProcessLocked:6389 com.android.server.am.ActivityManagerService.killPackageProcessesLocked:6161 com.android.server.am.ActivityManagerService.forceStopPackageLocked:6242 
W/ActivityManager(  907): Scheduling restart of crashed service com.oppo.alarmclock/.Timer.TimerService in 1932992ms
I/ActivityManager(  907):   Force stopping service ServiceRecord{3b80fc8f u0 com.oppo.alarmclock/.Timer.TimerService}
W/ActivityManager(  907): Spurious death for ProcessRecord{396c32e1 22786:com.oppo.alarmclock/u0a37}, curProc for 22786: null
I/ActivityManager(  907): Start proc 23749:com.oppo.wifidirect/u0a99 for service com.oppo.wifidirect/.WifiP2pConnectService
D/ActivityManager(  907):  (1) delay start com.oppo.wifidirect startResult.usingWrapper false
I/ActivityManager(  907): START u0 {act=android.intent.action.MAIN cat=[android.intent.category.HOME] flg=0x10200000 cmp=com.oppo.launcher/.Launcher} from uid 1000 and from pid 907 on display 0
D/ActivityManager(  907): for debug: forceStopPackage[pkg:com.oppo.trafficmonitor,userId:0], caller[pid:23724,uid:1000]
I/ActivityManager(  907): Force stopping com.oppo.trafficmonitor appid=1000 user=0: from pid 23724
I/ActivityManager(  907): Killing 22663:android.process.TrafficMonitor/1000 (adj 1): stop com.oppo.trafficmonitor
D/ActivityManager(  907): cleanUpApplicationRecordLocked app:ProcessRecord{2c3a4ec7 22663:android.process.TrafficMonitor/1000}, restarting:true, allowRestart:true, index:-1
D/ActivityManager(  907): cleanUpApplicationRecordLocked from:com.android.server.am.ActivityManagerService.handleAppDiedLocked:4990 com.android.server.am.ActivityManagerService.removeProcessLocked:6389 com.android.server.am.ActivityManagerService.killPackageProcessesLocked:6161 com.android.server.am.ActivityManagerService.forceStopPackageLocked:6242 
W/ActivityManager(  907): Scheduling restart of crashed service com.oppo.trafficmonitor/.service.DataUsageService in 1000ms
W/ActivityManager(  907): Scheduling restart of crashed service com.oppo.trafficmonitor/.service.TrafficTMService in 29791ms
W/ActivityManager(  907): Scheduling restart of crashed service com.oppo.trafficmonitor/.ColorAppServicesManagerClient in 39791ms
I/ActivityManager(  907):   Force stopping service ServiceRecord{b6db9af u0 com.oppo.trafficmonitor/.ColorAppServicesManagerClient}
I/ActivityManager(  907):   Force stopping service ServiceRecord{2722fb38 u0 com.oppo.trafficmonitor/.service.TrafficTMService}
I/ActivityManager(  907):   Force stopping service ServiceRecord{3da892e4 u0 com.oppo.trafficmonitor/.service.DataUsageService}
W/ActivityManager(  907): Spurious death for ProcessRecord{2c3a4ec7 22663:android.process.TrafficMonitor/1000}, curProc for 22663: null
I/ActivityManager(  907): START u0 {act=android.intent.action.MAIN cat=[android.intent.category.HOME] flg=0x10200000 cmp=com.oppo.launcher/.Launcher} from uid 1000 and from pid 907 on display 0
D/ActivityManager(  907): for debug: forceStopPackage[pkg:com.coloros.oppoguardelf,userId:0], caller[pid:23724,uid:1000]
I/ActivityManager(  907): Force stopping com.coloros.oppoguardelf appid=1000 user=0: from pid 23724
I/ActivityManager(  907): Killing 21069:com.coloros.oppoguardelf/1000 (adj 8): stop com.coloros.oppoguardelf
D/ActivityManager(  907): cleanUpApplicationRecordLocked app:ProcessRecord{35de5460 21069:com.coloros.oppoguardelf/1000}, restarting:true, allowRestart:true, index:-1
D/ActivityManager(  907): cleanUpApplicationRecordLocked from:com.android.server.am.ActivityManagerService.handleAppDiedLocked:4990 com.android.server.am.ActivityManagerService.removeProcessLocked:6389 com.android.server.am.ActivityManagerService.killPackageProcessesLocked:6161 com.android.server.am.ActivityManagerService.forceStopPackageLocked:6242 
W/ActivityManager(  907): Scheduling restart of crashed service com.coloros.oppoguardelf/.BackgroundMemClearService in 1000ms
W/ActivityManager(  907): Spurious death for ProcessRecord{35de5460 21069:com.coloros.oppoguardelf/1000}, curProc for 21069: null
I/ActivityManager(  907): START u0 {act=android.intent.action.MAIN cat=[android.intent.category.HOME] flg=0x10200000 cmp=com.oppo.launcher/.Launcher} from uid 1000 and from pid 907 on display 0
D/ActivityManager(  907): for debug: forceStopPackage[pkg:com.oppo.providers.permissions,userId:0], caller[pid:23724,uid:1000]
I/ActivityManager(  907): Force stopping com.oppo.providers.permissions appid=1000 user=0: from pid 23724
I/ActivityManager(  907): Killing 22976:android.process.safer/1000 (adj 1): stop com.oppo.providers.permissions
D/ActivityManager(  907): cleanUpApplicationRecordLocked app:ProcessRecord{f8e71de 22976:android.process.safer/1000}, restarting:true, allowRestart:true, index:-1
D/ActivityManager(  907): cleanUpApplicationRecordLocked from:com.android.server.am.ActivityManagerService.handleAppDiedLocked:4990 com.android.server.am.ActivityManagerService.removeProcessLocked:6389 com.android.server.am.ActivityManagerService.killPackageProcessesLocked:6161 com.android.server.am.ActivityManagerService.forceStopPackageLocked:6242 
W/ActivityManager(  907): Scheduling restart of crashed service com.oppo.secure/.AppProtectService in 80930ms
W/ActivityManager(  907): Scheduling restart of crashed service com.oppo.secure/.PermissionProtectService in 1000ms
I/ActivityThread(22957): Removing dead content provider:android.content.ContentProviderProxy@1bcf548f
W/ActivityManager(  907): Spurious death for ProcessRecord{f8e71de 22976:android.process.safer/1000}, curProc for 22976: null
I/ActivityManager(  907): START u0 {act=android.intent.action.MAIN cat=[android.intent.category.HOME] flg=0x10200000 cmp=com.oppo.launcher/.Launcher} from uid 1000 and from pid 907 on display 0
D/ActivityManager(  907): for debug: forceStopPackage[pkg:com.oppo.secure,userId:0], caller[pid:23724,uid:1000]
I/ActivityManager(  907): Force stopping com.oppo.secure appid=1000 user=0: from pid 23724
I/ActivityManager(  907):   Force stopping service ServiceRecord{836a2e2 u0 com.oppo.secure/.PermissionProtectService}
I/ActivityManager(  907):   Force stopping service ServiceRecord{32dd5fad u0 com.oppo.secure/.AppProtectService}
D/ActivityManager(  907): for debug: forceStopPackage[pkg:com.android.dialer,userId:0], caller[pid:23724,uid:1000]
I/ActivityManager(  907): Force stopping com.android.dialer appid=10006 user=0: from pid 23724
I/ActivityManager(  907): Killing 22885:com.android.dialer/u0a6 (adj 1): stop com.android.dialer
D/ActivityManager(  907): cleanUpApplicationRecordLocked app:ProcessRecord{3044568c 22885:com.android.dialer/u0a6}, restarting:true, allowRestart:true, index:-1
D/ActivityManager(  907): cleanUpApplicationRecordLocked from:com.android.server.am.ActivityManagerService.handleAppDiedLocked:4990 com.android.server.am.ActivityManagerService.removeProcessLocked:6389 com.android.server.am.ActivityManagerService.killPackageProcessesLocked:6161 com.android.server.am.ActivityManagerService.forceStopPackageLocked:6242 
W/ActivityManager(  907): Scheduling restart of crashed service com.android.dialer/.ColorAppServicesManagerClient in 1000ms
I/ActivityManager(  907):   Force stopping service ServiceRecord{1375f41f u0 com.android.dialer/.ColorAppServicesManagerClient}
W/ActivityManager(  907): Spurious death for ProcessRecord{3044568c 22885:com.android.dialer/u0a6}, curProc for 22885: null
I/ActivityManager(  907): START u0 {act=android.intent.action.MAIN cat=[android.intent.category.HOME] flg=0x10200000 cmp=com.oppo.launcher/.Launcher} from uid 1000 and from pid 907 on display 0
I/ActivityManager(  907): Start proc 23773:android.process.TrafficMonitor/1000 for service com.oppo.trafficmonitor/.ColorAppServicesManagerClient
D/ActivityManager(  907):  (1) delay start android.process.TrafficMonitor startResult.usingWrapper false
I/ActivityManager(  907): START u0 {act=android.intent.action.MAIN cat=[android.intent.category.HOME] flg=0x10200000 cmp=com.oppo.launcher/.Launcher} from uid 1000 and from pid 907 on display 0
I/ActivityManager(  907): START u0 {act=android.intent.action.MAIN cat=[android.intent.category.HOME] flg=0x10200000 cmp=com.oppo.launcher/.Launcher} from uid 1000 and from pid 907 on display 0
I/ActivityManager(  907): START u0 {act=android.intent.action.MAIN cat=[android.intent.category.HOME] flg=0x10200000 cmp=com.oppo.launcher/.Launcher} from uid 1000 and from pid 907 on display 0
I/ActivityManager(  907): Start proc 23812:com.android.dialer/u0a6 for service com.android.dialer/.ColorAppServicesManagerClient
D/ActivityManager(  907):  (1) delay start com.android.dialer startResult.usingWrapper false
I/ActivityManager(  907): START u0 {act=android.intent.action.MAIN cat=[android.intent.category.HOME] flg=0x10200000 cmp=com.oppo.launcher/.Launcher} from uid 1000 and from pid 907 on display 0
D/WifiDisplayController(  907): FORCE_CLOSE_ALL_PROCESS isAutoClean = false
I/ActivityManager(  907): Start proc 23830:com.oppo.alarmclock/u0a37 for broadcast com.oppo.alarmclock/.Timer.TimerAlertReceiver
D/ActivityManager(  907):  (1) delay start com.oppo.alarmclock startResult.usingWrapper false
W/ResourcesManager(23830): Asset path '/system/framework/android.test.runner.jar' does not exist or contains no resources.
D/WifiDisplayController(  907): FORCE_CLOSE_ALL_PROCESS isAutoClean = false
I/WindowManager(  907): handleNotObscuredLocked: w=Window{33b21d97 u0 Toast}
I/WindowManager(  907): setHoldScreenLocked: hold=true
I/WindowManager(  907): setHoldScreenLocked: hold=true, pid=23724, uid=1000
I/ActivityManager(  907): START u0 {act=android.intent.action.MAIN cat=[android.intent.category.LAUNCHER] flg=0x10200000 cmp=com.android.dialer/.DialtactsActivity bnds=[64,877][222,1001]} from uid 10057 and from pid 1549 on display 0
V/WindowManager(  907): addAppToken: AppWindowToken{dd5addd token=Token{33141db4 ActivityRecord{29bf9a87 u0 com.android.dialer/.DialtactsActivity t488}}} to stack=1 task=488 at 0
I/ActivityManager(  907): Start proc 23852:com.coloros.oppoguardelf/1000 for broadcast com.coloros.oppoguardelf/.AppChangeReceiver
D/ActivityManager(  907):  (1) delay start com.coloros.oppoguardelf startResult.usingWrapper false
V/WindowManager(  907): Adding window Window{f43438 u0 Starting com.android.dialer} at 6 of 13 (after Window{7c898b1 u0 com.android.server.telecom/com.android.server.telecom.PrivilegedCallActivity EXITING})
V/WindowManager(  907): Changing focus from Window{11b00fb4 u0 com.oppo.launcher/com.oppo.launcher.Launcher} to null Callers=com.android.server.wm.WindowManagerService.relayoutWindow:3446 com.android.server.wm.Session.relayout:202 android.view.ViewRootImpl.relayoutWindow:5514 android.view.ViewRootImpl.performTraversals:1599 
D/NetworkStatsRecorder(  907): recordSnapshotLocked.dev:snapshot size:2
D/NetworkStatsRecorder(  907): recordSnapshotLocked.xt:snapshot size:2
D/NetworkStatsRecorder(  907): recordSnapshotLocked.uid:snapshot size:266
D/NetworkStatsRecorder(  907): recordSnapshotLocked.uid_tag:snapshot size:266
W/ActivityManager(  907): Unable to start service Intent { cmp=com.nearme.statistics.rom/.service.ReceiverService (has extras) } U=0: not found
V/WindowManager(  907): Adding window Window{3a3683ac u0 com.android.dialer/com.android.dialer.DialtactsActivity} at 7 of 14 (before Window{f43438 u0 Starting com.android.dialer})
W/ActivityManager(  907): Unable to start service Intent { cmp=com.nearme.statistics.rom/.service.ReceiverService (has extras) } U=0: not found
I/ActivityManager(  907): Killing 23376:com.oppo.activation/u0a78 (adj 15): empty #9
I/ActivityManager(  907): Killing 19102:com.oppo.applock.provider/1000 (adj 9): empty #10
I/ActivityManager(  907): Start proc 23883:com.android.server.telecom:ui/1000 for broadcast com.android.server.telecom/.color.missedcall.OppoMissedCallAlertReceiver
D/ActivityManager(  907):  (1) delay start com.android.server.telecom:ui startResult.usingWrapper false
D/ActivityManager(  907): cleanUpApplicationRecordLocked app:ProcessRecord{233d907b 23376:com.oppo.activation/u0a78}, restarting:false, allowRestart:true, index:-1
D/ActivityManager(  907): cleanUpApplicationRecordLocked from:com.android.server.am.ActivityManagerService.handleAppDiedLocked:4990 com.android.server.am.ActivityManagerService.appDiedLocked:5169 com.android.server.am.ActivityManagerService$AppDeathRecipient.binderDied:1379 android.os.BinderProxy.sendDeathNotice:551 
D/ActivityManager(  907): cleanUpApplicationRecordLocked:goodbye proc com.oppo.activation
W/ActivityManager(  907): Unable to start service Intent { cmp=com.coloros.oppoguardelf/.OppoGuardElfService } U=0: not found
D/ActivityManager(  907): cleanUpApplicationRecordLocked app:ProcessRecord{3d5e2e98 19102:com.oppo.applock.provider/1000}, restarting:false, allowRestart:true, index:-1
D/ActivityManager(  907): cleanUpApplicationRecordLocked from:com.android.server.am.ActivityManagerService.handleAppDiedLocked:4990 com.android.server.am.ActivityManagerService.appDiedLocked:5169 com.android.server.am.ActivityManagerService$AppDeathRecipient.binderDied:1379 android.os.BinderProxy.sendDeathNotice:551 
I/ActivityManager(  907): Killing 23724:com.android.settings/1000 (adj 9): depends on provider com.oppo.recents/.provider.AppLockContentProvider in dying proc com.oppo.applock.provider
I/WindowState(  907): WIN DEATH: Window{33b21d97 u0 Toast EXITING}
D/ActivityManager(  907): cleanUpApplicationRecordLocked:goodbye proc com.oppo.applock.provider
D/ActivityManager(  907): cleanUpApplicationRecordLocked app:ProcessRecord{350ab957 23724:com.android.settings/1000}, restarting:false, allowRestart:true, index:-1
D/ActivityManager(  907): cleanUpApplicationRecordLocked from:com.android.server.am.ActivityManagerService.handleAppDiedLocked:4990 com.android.server.am.ActivityManagerService.appDiedLocked:5169 com.android.server.am.ActivityManagerService$AppDeathRecipient.binderDied:1379 android.os.BinderProxy.sendDeathNotice:551 
D/ActivityManager(  907): cleanUpApplicationRecordLocked:goodbye proc com.android.settings
V/WindowManager(  907): Changing focus from null to Window{3a3683ac u0 com.android.dialer/com.android.dialer.DialtactsActivity} Callers=com.android.server.wm.WindowManagerService.relayoutWindow:3446 com.android.server.wm.Session.relayout:202 android.view.IWindowSession$Stub.onTransact:273 com.android.server.wm.Session.onTransact:130 
I/WindowManager(  907): setHoldScreenLocked: hold=false
I/ActivityManager(  907): START u0 {act=android.intent.action.MAIN cat=[android.intent.category.HOME] flg=0x10200000 cmp=com.oppo.launcher/.Launcher} from uid 1000 and from pid 907 on display 0
V/WindowManager(  907): Changing focus from Window{3a3683ac u0 com.android.dialer/com.android.dialer.DialtactsActivity} to Window{11b00fb4 u0 com.oppo.launcher/com.oppo.launcher.Launcher} Callers=com.android.server.wm.WindowManagerService.relayoutWindow:3446 com.android.server.wm.Session.relayout:202 android.view.IWindowSession$Stub.onTransact:273 com.android.server.wm.Session.onTransact:130 
I/ActivityManager(  907): START u0 {act=android.intent.action.MAIN cat=[android.intent.category.HOME] flg=0x10200000 cmp=com.oppo.launcher/.Launcher} from uid 1000 and from pid 907 on display 0
W/InputMethodManagerService(  907): Starting input on non-focused client com.android.internal.view.IInputMethodClient$Stub$Proxy@19b82fdc (uid=10006 pid=23812)
D/NetworkStatsRecorder(  907): recordSnapshotLocked.dev:snapshot size:2
D/NetworkStatsRecorder(  907): recordSnapshotLocked.xt:snapshot size:2
D/NetworkStatsRecorder(  907): recordSnapshotLocked.uid:snapshot size:266
D/NetworkStatsRecorder(  907): recordSnapshotLocked.uid_tag:snapshot size:266
V/WindowManager(  907): Changing focus from Window{11b00fb4 u0 com.oppo.launcher/com.oppo.launcher.Launcher} to Window{2243f31a u0 android} Callers=com.android.server.wm.WindowManagerService.addWindow:2696 com.android.server.wm.Session.addToDisplay:173 android.view.ViewRootImpl.setView:582 android.view.WindowManagerGlobal.addView:300 
W/InputMethodManagerService(  907): Starting input on non-focused client com.android.internal.view.IInputMethodClient$Stub$Proxy@367ef2c8 (uid=10057 pid=1549)
W/Telecom (  907): TelecomServiceImpl: null is not visible for the calling user
W/Telecom (  907): TelecomServiceImpl: ComponentInfo{com.google.android.talk/com.google.android.apps.hangouts.telephony.TeleConnectionService}, hangouts, UserHandle{0} is not visible for the calling user
W/Telecom (  907): TelecomServiceImpl: null is not visible for the calling user
W/Telecom (  907): TelecomServiceImpl: ComponentInfo{com.google.android.talk/com.google.android.apps.hangouts.telephony.TeleConnectionService}, hangouts, UserHandle{0} is not visible for the calling user
V/WindowManager(  907): Changing focus from Window{2243f31a u0 android EXITING} to Window{11b00fb4 u0 com.oppo.launcher/com.oppo.launcher.Launcher} Callers=com.android.server.wm.WindowManagerService.removeWindowLocked:2845 com.android.server.wm.WindowManagerService.removeWindowLocked:2775 com.android.server.wm.WindowManagerService.removeWindow:2765 com.android.server.wm.Session.remove:192 
I/ActivityManager(  907): Waited long enough for: ServiceRecord{335288f u0 com.oppo.alarmclock/.Timer.TimerService}
I/ActivityManager(  907): START u0 {act=android.intent.action.MAIN cat=[android.intent.category.LAUNCHER] flg=0x10200000 cmp=com.android.dialer/.DialtactsActivity bnds=[64,877][222,1001]} from uid 10057 and from pid 1549 on display 0
V/WindowManager(  907): Changing focus from Window{11b00fb4 u0 com.oppo.launcher/com.oppo.launcher.Launcher} to null Callers=com.android.server.wm.WindowManagerService.relayoutWindow:3446 com.android.server.wm.Session.relayout:202 android.view.IWindowSession$Stub.onTransact:273 com.android.server.wm.Session.onTransact:130 
V/WindowManager(  907): Changing focus from null to Window{3a3683ac u0 com.android.dialer/com.android.dialer.DialtactsActivity} Callers=com.android.server.wm.WindowManagerService.relayoutWindow:3446 com.android.server.wm.Session.relayout:202 android.view.IWindowSession$Stub.onTransact:273 com.android.server.wm.Session.onTransact:130 
I/ActivityManager(  907): START u0 {act=android.intent.action.CALL_PRIVILEGED dat=tel:xxxxxxxxxxxxx cmp=com.android.server.telecom/.PrivilegedCallActivity (has extras)} from uid 10006 and from pid 23812 on display 0
V/WindowManager(  907): addAppToken: AppWindowToken{593f522 token=Token{36f92ed ActivityRecord{6a12d04 u0 com.android.server.telecom/.PrivilegedCallActivity t488}}} to stack=1 task=488 at 1
I/Telecom (23883): ColorProcessOutGoingCall: simSelection1 mSimCount:2
I/Telecom (  907): TelecomService: service command  = 1005
I/Telecom (  907): TelecomService: service command ret = false
I/Telecom (23883): ColorProcessOutGoingCall: colorShowSimSelectionDialog mSimCount = 2
V/WindowManager(  907): Adding window Window{291532a5 u0 com.android.server.telecom/com.android.server.telecom.PrivilegedCallActivity} at 8 of 13 (after Window{3a3683ac u0 com.android.dialer/com.android.dialer.DialtactsActivity})
V/WindowManager(  907): Changing focus from Window{3a3683ac u0 com.android.dialer/com.android.dialer.DialtactsActivity} to Window{291532a5 u0 com.android.server.telecom/com.android.server.telecom.PrivilegedCallActivity} Callers=com.android.server.wm.WindowManagerService.addWindow:2696 com.android.server.wm.Session.addToDisplay:173 android.view.IWindowSession$Stub.onTransact:122 com.android.server.wm.Session.onTransact:130 
I/ActivityManager(  907): Start proc 23934:com.oppo.usbselection/1000 for service com.oppo.usbselection/.UsbService
D/ActivityManager(  907):  (1) delay start com.oppo.usbselection startResult.usingWrapper false
I/Telecom (  907): TelecomService: service command  = 1004
I/Telecom (  907): TelecomService: service command ret = null
V/WindowManager(  907): Changing focus from Window{291532a5 u0 com.android.server.telecom/com.android.server.telecom.PrivilegedCallActivity EXITING} to Window{3a3683ac u0 com.android.dialer/com.android.dialer.DialtactsActivity} Callers=com.android.server.wm.WindowManagerService.removeWindowLocked:2845 com.android.server.wm.WindowManagerService.removeWindowLocked:2775 com.android.server.wm.WindowManagerService.removeWindow:2765 com.android.server.wm.Session.remove:192 
W/InputMethodManagerService(  907): Window already focused, ignoring focus gain of: com.android.internal.view.IInputMethodClient$Stub$Proxy@2acb5421 attribute=null, token = android.os.BinderProxy@e247d5f
I/Telecom (  907): Call: setTargetPhoneAccount  ComponentInfo{com.android.phone/com.android.services.telephony.TelephonyConnectionService}, 2, UserHandle{0} 
I/ActivityManager(  907): START u0 {act=android.intent.action.MAIN flg=0x10840000 cmp=com.android.incallui/.OppoInCallActivity (has extras)} from uid 1000 and from pid 907 on display 0
V/WindowManager(  907): addAppToken: AppWindowToken{332a9aff token=Token{1cd5e21e ActivityRecord{3f196659 u0 com.android.incallui/.OppoInCallActivity t489}}} to stack=1 task=489 at 0
I/ActivityManager(  907): Start proc 23956:com.android.incallui/u0a55 for activity com.android.incallui/.OppoInCallActivity
D/ActivityManager(  907):  (1) delay start com.android.incallui startResult.usingWrapper false
I/Telecom (  907): Call: CallerInfo received for *************: com.android.internal.telephony.CallerInfo@c7a022a { name non-null, phoneNumber non-null }
--------- beginning of main
D/OppoGaussianBlurUtils(23956): Gaussian:captureWallpaper enter ...
D/OppoGaussianBlurUtils(23956): Gaussian:captureWallpaper static wallpaper
D/OppoGaussianBlurUtils(23956): Gaussian:captureWallpaper bitmap.getWidth = 67, bitmap.getHeight = 120
D/OppoGaussianBlurUtils(23956): android.graphics.Bitmap@1983eacb isRecycled = false
D/GaussianBlur11(23956): Utilities:setScreenWidth   getRotation() 0, mScreenWidth = 540
V/GaussianBlur11(23956): GaussianBlur:generateGaussianBitmap  Enter !!!!
D/GaussianBlur11(23956): GaussianBlur:generateGaussianBitmap  Modify Alpha -- delta = 24
D/GaussianBlur11(23956): GaussianBlur:generateGaussianBitmap  generate Complete !!!!
D/OppoGaussianBlurUtils(23956): backgroundWidth = 67, backgroundHeight = 120
D/OppoGaussianBlurUtils(23956): registerWallpaperChangedReceiver...
I/InCall  (23956): OppoInCallActivity - onCreate(): this is our very first launch, checking intent...
I/ActivityManager(  907): Waited long enough for: ServiceRecord{322998e5 u0 com.coloros.oppoguardelf/.BackgroundMemClearService}
D/TelephonyProvider( 1706): simId = 0
D/OppoMissedCallAlertReceiver(23883): onReceive : action = oppo.intent.action.CANCEL.MISSED.CALL.NOTIFICATIONS
D/TelephonyProvider( 1706): simId = 0
D/TelephonyProvider( 1706): simId = 0
D/TelephonyProvider( 1706): simId = 0
I/InCall  (23956): OppoCallCardFragment - photo is NULL!!!
D/TelephonyProvider( 1706): simId = 0
D/TelephonyProvider( 1706): simId = 0
D/TelephonyProvider( 1706): simId = 0
D/TelephonyProvider( 1706): simId = 0
I/InCall  (23956): OppoCallCardFragment - photo is NULL!!!
