W/ActivityManager(  907): Canceling start item Intent { act=com.nearme.themespacelib.theme_service flg=0x20 (has extras) } in service ComponentInfo{com.nearme.themespacelib/com.nearme.themespacelib.service.ThemeService}
W/ActivityManager(  907): Scheduling restart of crashed service com.nearme.themespacelib/.service.ThemeService in 16000ms
D/ActivityManager(  907): cleanUpApplicationRecordLocked:goodbye proc com.nearme.themespacelib
E/PSD     (  343): prox near, cur ps:1023 
E/PSD     (  343): prox near, cur ps:1023 
D/PowerManagerService(  907): acquire PROXIMITY_SCREEN_OFF_WAKE_LOCK from com.android.incallui
E/SQLiteLog(24383): (283) recovered 101 frames from WAL file /data/data/com.google.android.apps.photos/databases/gphotos0.db-wal
E/PSD     (  343): prox near, cur ps:1023 
E/SQLiteLog(24383): (283) recovered 93 frames from WAL file /data/data/com.google.android.apps.photos/databases/gphotos1.db-wal
E/PSD     (  343): prox near, cur ps:1023 
E/SQLiteLog(24383): (283) recovered 70 frames from WAL file /data/data/com.google.android.apps.photos/databases/gphotos2.db-wal
E/PSD     (  343): prox near, cur ps:1023 
D/PowerManagerService(  907): acquire PROXIMITY_SCREEN_OFF_WAKE_LOCK from com.android.incallui
D/PowerManagerService(  907): acquire PROXIMITY_SCREEN_OFF_WAKE_LOCK from com.android.incallui
E/PSD     (  343): prox near, cur ps:1023 
E/PSD     (  343): prox near, cur ps:1023 
E/PSD     (  343): prox near, cur ps:1023 
E/PSD     (  343): prox near, cur ps:1023 
E/PSD     (  343): prox near, cur ps:1023 
E/PSD     (  343): prox near, cur ps:1023 
E/PSD     (  343): prox near, cur ps:1023 
E/PSD     (  343): prox near, cur ps:1023 
E/PSD     (  343): prox near, cur ps:1023 
E/PSD     (  343): prox near, cur ps:1023 
E/PSD     (  343): prox near, cur ps:1023 
E/PSD     (  343): prox near, cur ps:1023 
E/PSD     (  343): prox near, cur ps:1023 
E/PSD     (  343): prox near, cur ps:1023 
E/PSD     (  343): prox near, cur ps:1023 
D/VM_BMS  (  421): wake_lock acquired
D/VM_BMS  (  421): New BMS data - Size=56
D/VM_BMS  (  421): Start process_bms_data
D/VM_BMS  (  421): For batt_temp=375 fcc_mah=2460
D/VM_BMS  (  421): For ocv=3813699 batt_temp=375 soc=44
D/VM_BMS  (  421): fifo_count=5 acc_count=0
D/VM_BMS  (  421): INIT: ocv=3813699 last_ocv=3813699 batt_temp=375 soc=44
D/VM_BMS  (  421): For soc=44 batt_temp=375 slope=3600
D/VM_BMS  (  421): For soc=44 batt_temp=375 rbatt_sf=90
D/VM_BMS  (  421): rbatt_mohm_default=172, rbatt_mohm=154, sf=90 batt_temp=375
D/VM_BMS  (  421): For ocv=3813748 batt_temp=375 soc=44
D/VM_BMS  (  421): FIFO=0 fifo_avg=3.841521 rbatt=0.204000 slope=0.360000 ibatt=-0.136261 ocv=3.813749 soc=44 fcc_ah=2.460000 sample_count=128 sample_interval=70 seq_num=13114
D/VM_BMS  (  421): For soc=44 batt_temp=375 slope=3600
D/VM_BMS  (  421): For soc=44 batt_temp=375 rbatt_sf=90
D/VM_BMS  (  421): rbatt_mohm_default=172, rbatt_mohm=154, sf=90 batt_temp=375
D/VM_BMS  (  421): For ocv=3813862 batt_temp=375 soc=44
D/VM_BMS  (  421): FIFO=1 fifo_avg=3.877776 rbatt=0.204000 slope=0.360000 ibatt=-0.313583 ocv=3.813862 soc=44 fcc_ah=2.460000 sample_count=128 sample_interval=70 seq_num=13114
D/VM_BMS  (  421): For soc=44 batt_temp=375 slope=3600
D/VM_BMS  (  421): For soc=44 batt_temp=375 rbatt_sf=90
D/VM_BMS  (  421): rbatt_mohm_default=172, rbatt_mohm=154, sf=90 batt_temp=375
D/VM_BMS  (  421): For ocv=3813943 batt_temp=375 soc=44
D/VM_BMS  (  421): FIFO=2 fifo_avg=3.859520 rbatt=0.204000 slope=0.360000 ibatt=-0.223613 ocv=3.813944 soc=44 fcc_ah=2.460000 sample_count=128 sample_interval=70 seq_num=13114
D/VM_BMS  (  421): For soc=44 batt_temp=375 slope=3600
D/VM_BMS  (  421): For soc=44 batt_temp=375 rbatt_sf=90
D/VM_BMS  (  421): rbatt_mohm_default=172, rbatt_mohm=154, sf=90 batt_temp=375
D/VM_BMS  (  421): For ocv=3813988 batt_temp=375 soc=44
D/VM_BMS  (  421): FIFO=3 fifo_avg=3.839480 rbatt=0.204000 slope=0.360000 ibatt=-0.125070 ocv=3.813988 soc=44 fcc_ah=2.460000 sample_count=128 sample_interval=70 seq_num=13114
D/VM_BMS  (  421): For soc=44 batt_temp=375 slope=3600
D/VM_BMS  (  421): For soc=44 batt_temp=375 rbatt_sf=90
D/VM_BMS  (  421): rbatt_mohm_default=172, rbatt_mohm=154, sf=90 batt_temp=375
D/VM_BMS  (  421): For ocv=3814042 batt_temp=375 soc=45
D/VM_BMS  (  421): FIFO=4 fifo_avg=3.844782 rbatt=0.204000 slope=0.360000 ibatt=-0.150817 ocv=3.814043 soc=45 fcc_ah=2.460000 sample_count=128 sample_interval=70 seq_num=13114
I/VM_BMS  (  421): power_supply_update: ocv_uv=3814042 ibatt=-150817 soc=45 seq_num=13114
D/VM_BMS  (  421): End process_bms_data
D/VM_BMS  (  421): wake_lock released
E/PSD     (  343): prox near, cur ps:1023 
E/PSD     (  343): prox near, cur ps:1023 
E/PSD     (  343): prox near, cur ps:1023 
E/PSD     (  343): prox near, cur ps:1023 
E/PSD     (  343): prox near, cur ps:1023 
E/PSD     (  343): prox near, cur ps:1023 
E/PSD     (  343): prox near, cur ps:1023 
E/PSD     (  343): prox near, cur ps:1023 
E/PSD     (  343): prox near, cur ps:1023 
E/PSD     (  343): prox near, cur ps:1014 
E/PSD     (  343): prox near, cur ps:1014 
E/PSD     (  343): prox near, cur ps:1023 
E/PSD     (  343): prox near, cur ps:1023 
E/PSD     (  343): prox near, cur ps:1023 
E/PSD     (  343): prox near, cur ps:1023 
E/PSD     (  343): prox near, cur ps:1023 
E/SQLiteLog(24383): (283) recovered 148 frames from WAL file /data/data/com.google.android.apps.photos/databases/gphotos-1.db-wal
E/PSD     (  343): prox near, cur ps:1023 
D/PowerManagerService(  907): acquire PROXIMITY_SCREEN_OFF_WAKE_LOCK from com.android.incallui
E/PSD     (  343): prox near, cur ps:1023 
E/PSD     (  343): prox near, cur ps:1023 
E/PSD     (  343): prox near, cur ps:1023 
E/PSD     (  343): prox near, cur ps:993 
E/PSD     (  343): prox near, cur ps:993 
V/AlarmManager(  907): Triggering alarm #0: Alarm{1654e0e1 type 3 when 340871818 android android.intent.action.TIME_TICK}
V/AlarmManager(  907): Triggering alarm #0: Alarm{2dae7e06 type 2 when 340871857 com.google.android.gms com.google.android.intent.action.GCM_RECONNECT}
D/PowerManagerService(  907): acquire PROXIMITY_SCREEN_OFF_WAKE_LOCK from com.android.incallui
D/PowerManagerService(  907): acquire PROXIMITY_SCREEN_OFF_WAKE_LOCK from com.android.incallui
E/PSD     (  343): prox near, cur ps:994 
D/PowerManagerService(  907): acquire PROXIMITY_SCREEN_OFF_WAKE_LOCK from com.android.incallui
E/PSD     (  343): prox near, cur ps:994 
D/PowerManagerService(  907): acquire PROXIMITY_SCREEN_OFF_WAKE_LOCK from com.android.incallui
E/PSD     (  343): prox near, cur ps:837 
E/PSD     (  343): prox near, cur ps:837 
E/PSD     (  343): prox near, cur ps:817 
E/PSD     (  343): prox near, cur ps:817 
E/PSD     (  343): prox near, cur ps:838 
E/PSD     (  343): prox near, cur ps:878 
E/PSD     (  343): prox near, cur ps:878 
E/PSD     (  343): prox near, cur ps:1023 
E/PSD     (  343): prox near, cur ps:1023 
E/PSD     (  343): prox near, cur ps:1023 
E/PSD     (  343): prox near, cur ps:1023 
E/PSD     (  343): prox near, cur ps:1023 
E/PSD     (  343): prox near, cur ps:1023 
E/PSD     (  343): prox near, cur ps:1023 
E/PSD     (  343): prox near, cur ps:1023 
E/PSD     (  343): prox near, cur ps:1023 
E/PSD     (  343): prox near, cur ps:1023 
E/PSD     (  343): prox near, cur ps:1023 
E/PSD     (  343): prox near, cur ps:1023 
E/PSD     (  343): prox near, cur ps:1023 
E/PSD     (  343): prox near, cur ps:1023 
E/PSD     (  343): prox near, cur ps:1023 
E/PSD     (  343): prox near, cur ps:1023 
E/PSD     (  343): prox near, cur ps:1023 
E/PSD     (  343): prox near, cur ps:1023 
E/PSD     (  343): prox near, cur ps:1023 
E/PSD     (  343): prox near, cur ps:1023 
E/PSD     (  343): prox near, cur ps:1023 
E/PSD     (  343): prox near, cur ps:916 
E/PSD     (  343): prox near, cur ps:916 
E/PSD     (  343): prox near, cur ps:869 
E/PSD     (  343): prox near, cur ps:869 
E/PSD     (  343): prox near, cur ps:1023 
E/PSD     (  343): prox near, cur ps:1023 
E/PSD     (  343): prox near, cur ps:1023 
E/PSD     (  343): prox near, cur ps:1023 
E/PSD     (  343): prox near, cur ps:1023 
E/PSD     (  343): prox near, cur ps:1023 
E/PSD     (  343): prox near, cur ps:1023 
E/PSD     (  343): prox near, cur ps:1023 
E/PSD     (  343): prox near, cur ps:1023 
E/PSD     (  343): prox near, cur ps:1023 
E/PSD     (  343): prox near, cur ps:1023 
E/PSD     (  343): prox near, cur ps:1023 
E/PSD     (  343): prox near, cur ps:1023 
E/PSD     (  343): prox near, cur ps:1023 
E/PSD     (  343): prox near, cur ps:1023 
E/PSD     (  343): prox near, cur ps:1023 
E/PSD     (  343): prox near, cur ps:1023 
E/PSD     (  343): prox near, cur ps:1023 
E/PSD     (  343): prox near, cur ps:1023 
E/PSD     (  343): prox near, cur ps:1023 
E/PSD     (  343): prox near, cur ps:1023 
E/PSD     (  343): prox near, cur ps:1023 
E/PSD     (  343): prox near, cur ps:1023 
E/PSD     (  343): prox near, cur ps:1023 
E/PSD     (  343): prox near, cur ps:1023 
E/PSD     (  343): prox near, cur ps:1023 
E/PSD     (  343): prox near, cur ps:1023 
E/PSD     (  343): prox near, cur ps:1023 
E/PSD     (  343): prox near, cur ps:1023 
E/PSD     (  343): prox near, cur ps:1023 
E/PSD     (  343): prox near, cur ps:1023 
E/PSD     (  343): prox near, cur ps:1023 
D/TelephonyProvider( 1706): simId = 0
D/TelephonyProvider( 1706): simId = 0
E/PSD     (  343): prox near, cur ps:1023 
D/PhoneInterfaceManager( 1706): [PhoneIntfMgr] getDataEnabled: subId=1 phoneId=0
D/PhoneInterfaceManager( 1706): [PhoneIntfMgr] getDataEnabled: subId=1 retVal=false
D/PhoneInterfaceManager( 1706): [PhoneIntfMgr] getDataEnabled: subId=1 phoneId=0
D/PhoneInterfaceManager( 1706): [PhoneIntfMgr] getDataEnabled: subId=1 retVal=false
E/PSD     (  343): prox near, cur ps:1023 
E/PSD     (  343): prox near, cur ps:1023 
E/PSD     (  343): prox near, cur ps:1023 
E/PSD     (  343): prox near, cur ps:1023 
E/PSD     (  343): prox near, cur ps:1023 
E/PSD     (  343): prox near, cur ps:1023 
E/PSD     (  343): prox near, cur ps:1023 
E/PSD     (  343): prox near, cur ps:1023 
E/PSD     (  343): prox near, cur ps:1023 
E/PSD     (  343): prox near, cur ps:1023 
E/PSD     (  343): prox near, cur ps:1023 
E/PSD     (  343): prox near, cur ps:1023 
E/PSD     (  343): prox near, cur ps:1023 
E/PSD     (  343): prox near, cur ps:1023 
E/PSD     (  343): prox near, cur ps:1023 
E/PSD     (  343): prox near, cur ps:1023 
E/PSD     (  343): prox near, cur ps:1023 
E/PSD     (  343): prox near, cur ps:1023 
E/PSD     (  343): prox near, cur ps:1023 
E/PSD     (  343): prox near, cur ps:1023 
E/PSD     (  343): prox near, cur ps:1023 
E/PSD     (  343): prox near, cur ps:1023 
E/PSD     (  343): prox near, cur ps:1023 
E/PSD     (  343): prox near, cur ps:1023 
E/PSD     (  343): prox near, cur ps:1023 
E/PSD     (  343): prox near, cur ps:1023 
E/PSD     (  343): prox near, cur ps:1023 
E/PSD     (  343): prox near, cur ps:1023 
E/PSD     (  343): prox near, cur ps:1023 
E/PSD     (  343): prox near, cur ps:1023 
E/PSD     (  343): prox near, cur ps:1023 
E/PSD     (  343): prox near, cur ps:1023 
E/PSD     (  343): prox near, cur ps:1023 
E/PSD     (  343): prox near, cur ps:1023 
E/PSD     (  343): prox near, cur ps:1023 
E/PSD     (  343): prox near, cur ps:1023 
E/PSD     (  343): prox near, cur ps:1023 
E/PSD     (  343): prox near, cur ps:1023 
E/PSD     (  343): prox near, cur ps:1023 
E/PSD     (  343): prox near, cur ps:1023 
E/PSD     (  343): prox near, cur ps:1023 
E/PSD     (  343): prox near, cur ps:1023 
E/PSD     (  343): prox near, cur ps:1023 
E/PSD     (  343): prox near, cur ps:1023 
E/PSD     (  343): prox near, cur ps:1023 
I/ActivityManager(  907): Waited long enough for: ServiceRecord{37a76da0 u0 com.android.email/com.kingsoft.email.service.AttachmentDownloadService}
I/ActivityManager(  907): Waited long enough for: ServiceRecord{1f709d59 u0 com.nearme.sync/.services.AutoSyncService}
E/PSD     (  343): prox near, cur ps:1023 
E/PSD     (  343): prox near, cur ps:1023 
E/PSD     (  343): prox near, cur ps:1023 
E/PSD     (  343): prox near, cur ps:1023 
E/PSD     (  343): prox near, cur ps:1023 
E/PSD     (  343): prox near, cur ps:1023 
E/PSD     (  343): prox near, cur ps:1023 
E/PSD     (  343): prox near, cur ps:1023 
E/PSD     (  343): prox near, cur ps:1023 
E/PSD     (  343): prox near, cur ps:1023 
E/PSD     (  343): prox near, cur ps:1023 
E/PSD     (  343): prox near, cur ps:1023 
E/PSD     (  343): prox near, cur ps:1023 
E/PSD     (  343): prox near, cur ps:1023 
E/PSD     (  343): prox near, cur ps:1023 
E/PSD     (  343): prox near, cur ps:1023 
E/PSD     (  343): prox near, cur ps:1023 
E/PSD     (  343): prox near, cur ps:1023 
E/PSD     (  343): prox near, cur ps:1023 
E/PSD     (  343): prox near, cur ps:1023 
E/PSD     (  343): prox near, cur ps:1023 
E/PSD     (  343): prox near, cur ps:1023 
E/PSD     (  343): prox near, cur ps:1023 
E/PSD     (  343): prox near, cur ps:1023 
E/PSD     (  343): prox near, cur ps:1023 
E/PSD     (  343): prox near, cur ps:1023 
E/PSD     (  343): prox near, cur ps:1023 
E/PSD     (  343): prox near, cur ps:1023 
E/PSD     (  343): prox near, cur ps:1023 
E/PSD     (  343): prox near, cur ps:1023 
E/PSD     (  343): prox near, cur ps:1023 
E/PSD     (  343): prox near, cur ps:1023 
E/PSD     (  343): prox near, cur ps:1023 
E/PSD     (  343): prox near, cur ps:1023 
E/PSD     (  343): prox near, cur ps:1023 
E/PSD     (  343): prox near, cur ps:1023 
E/PSD     (  343): prox near, cur ps:1023 
E/PSD     (  343): prox near, cur ps:1023 
E/PSD     (  343): prox near, cur ps:1023 
E/PSD     (  343): prox near, cur ps:1023 
E/PSD     (  343): prox near, cur ps:1023 
E/PSD     (  343): prox near, cur ps:1023 
E/PSD     (  343): prox near, cur ps:1023 
E/PSD     (  343): prox near, cur ps:1023 
E/PSD     (  343): prox near, cur ps:1023 
E/PSD     (  343): prox near, cur ps:1023 
E/PSD     (  343): prox near, cur ps:1023 
E/PSD     (  343): prox near, cur ps:1023 
E/PSD     (  343): prox near, cur ps:1023 
E/PSD     (  343): prox near, cur ps:1023 
E/PSD     (  343): prox near, cur ps:1023 
E/PSD     (  343): prox near, cur ps:1023 
E/PSD     (  343): prox near, cur ps:1023 
E/PSD     (  343): prox near, cur ps:1023 
E/PSD     (  343): prox near, cur ps:1023 
E/PSD     (  343): prox near, cur ps:1023 
E/PSD     (  343): prox near, cur ps:1023 
E/PSD     (  343): prox near, cur ps:1023 
E/PSD     (  343): prox near, cur ps:1023 
E/PSD     (  343): prox near, cur ps:1023 
E/PSD     (  343): prox near, cur ps:1023 
E/PSD     (  343): prox near, cur ps:1023 
E/PSD     (  343): prox near, cur ps:1023 
E/PSD     (  343): prox near, cur ps:1023 
E/PSD     (  343): prox near, cur ps:1023 
E/PSD     (  343): prox near, cur ps:1023 
E/PSD     (  343): prox near, cur ps:1019 
E/PSD     (  343): prox near, cur ps:1019 
E/PSD     (  343): prox near, cur ps:935 
E/PSD     (  343): prox near, cur ps:889 
E/PSD     (  343): prox near, cur ps:889 
E/PSD     (  343): prox near, cur ps:874 
E/PSD     (  343): prox near, cur ps:874 
E/PSD     (  343): prox near, cur ps:934 
E/PSD     (  343): prox near, cur ps:934 
E/PSD     (  343): prox near, cur ps:919 
E/PSD     (  343): prox near, cur ps:919 
E/PSD     (  343): prox near, cur ps:970 
E/PSD     (  343): prox near, cur ps:970 
E/PSD     (  343): prox near, cur ps:967 
E/PSD     (  343): prox near, cur ps:967 
E/PSD     (  343): prox near, cur ps:962 
E/PSD     (  343): prox near, cur ps:962 
E/PSD     (  343): prox near, cur ps:983 
E/PSD     (  343): prox near, cur ps:1013 
E/PSD     (  343): prox near, cur ps:1013 
E/PSD     (  343): prox near, cur ps:1015 
E/PSD     (  343): prox near, cur ps:1015 
E/PSD     (  343): prox near, cur ps:990 
E/PSD     (  343): prox near, cur ps:990 
E/PSD     (  343): prox near, cur ps:1005 
E/PSD     (  343): prox near, cur ps:1005 
E/PSD     (  343): prox near, cur ps:1023 
E/PSD     (  343): prox near, cur ps:1023 
E/PSD     (  343): prox near, cur ps:1014 
E/PSD     (  343): prox near, cur ps:1014 
E/PSD     (  343): prox near, cur ps:1023 
E/PSD     (  343): prox near, cur ps:1023 
E/PSD     (  343): prox near, cur ps:1023 
E/PSD     (  343): prox near, cur ps:1023 
E/PSD     (  343): prox near, cur ps:1023 
E/PSD     (  343): prox near, cur ps:1023 
E/PSD     (  343): prox near, cur ps:1023 
E/PSD     (  343): prox near, cur ps:1023 
E/PSD     (  343): prox near, cur ps:1023 
E/PSD     (  343): prox near, cur ps:1023 
E/PSD     (  343): prox near, cur ps:1023 
E/PSD     (  343): prox near, cur ps:1023 
E/PSD     (  343): prox near, cur ps:1023 
E/PSD     (  343): prox near, cur ps:1023 
E/PSD     (  343): prox near, cur ps:1023 
E/PSD     (  343): prox near, cur ps:846 
E/PSD     (  343): prox near, cur ps:846 
E/PSD     (  343): prox near, cur ps:633 
E/PSD     (  343): prox near, cur ps:1023 
E/PSD     (  343): prox near, cur ps:1023 
E/PSD     (  343): prox near, cur ps:1023 
E/PSD     (  343): prox near, cur ps:1023 
E/PSD     (  343): prox near, cur ps:1023 
E/PSD     (  343): prox near, cur ps:1023 
E/PSD     (  343): prox near, cur ps:1023 
E/PSD     (  343): prox near, cur ps:1023 
E/PSD     (  343): prox near, cur ps:1023 
E/PSD     (  343): prox near, cur ps:1023 
E/PSD     (  343): prox near, cur ps:1023 
E/PSD     (  343): prox near, cur ps:1023 
E/PSD     (  343): prox near, cur ps:1023 
E/PSD     (  343): prox near, cur ps:1023 
E/PSD     (  343): prox near, cur ps:1023 
E/PSD     (  343): prox near, cur ps:1023 
E/PSD     (  343): prox near, cur ps:1023 
E/PSD     (  343): prox near, cur ps:1023 
E/PSD     (  343): prox near, cur ps:1023 
E/PSD     (  343): prox near, cur ps:1023 
E/PSD     (  343): prox near, cur ps:1023 
E/PSD     (  343): prox near, cur ps:1023 
E/PSD     (  343): prox near, cur ps:1023 
E/PSD     (  343): prox near, cur ps:1023 
E/PSD     (  343): prox near, cur ps:1023 
E/PSD     (  343): prox near, cur ps:1023 
E/PSD     (  343): prox near, cur ps:1023 
E/PSD     (  343): prox near, cur ps:1023 
E/PSD     (  343): prox near, cur ps:1023 
E/PSD     (  343): prox near, cur ps:1023 
E/PSD     (  343): prox near, cur ps:1023 
E/PSD     (  343): prox near, cur ps:1023 
E/PSD     (  343): prox near, cur ps:1023 
E/PSD     (  343): prox near, cur ps:1023 
E/PSD     (  343): prox near, cur ps:1023 
D/TelephonyProvider( 1706): simId = 0
D/TelephonyProvider( 1706): simId = 0
D/PhoneInterfaceManager( 1706): [PhoneIntfMgr] getDataEnabled: subId=1 phoneId=0
D/PhoneInterfaceManager( 1706): [PhoneIntfMgr] getDataEnabled: subId=1 retVal=false
D/PhoneInterfaceManager( 1706): [PhoneIntfMgr] getDataEnabled: subId=1 phoneId=0
D/PhoneInterfaceManager( 1706): [PhoneIntfMgr] getDataEnabled: subId=1 retVal=false
E/PSD     (  343): prox near, cur ps:1023 
E/PSD     (  343): prox near, cur ps:1023 
E/PSD     (  343): prox near, cur ps:1023 
E/PSD     (  343): prox near, cur ps:1023 
E/PSD     (  343): prox near, cur ps:1023 
E/PSD     (  343): prox near, cur ps:1023 
E/PSD     (  343): prox near, cur ps:1023 
E/PSD     (  343): prox near, cur ps:1023 
E/PSD     (  343): prox near, cur ps:1023 
E/PSD     (  343): prox near, cur ps:1023 
E/PSD     (  343): prox near, cur ps:1023 
E/PSD     (  343): prox near, cur ps:1023 
E/PSD     (  343): prox near, cur ps:1023 
E/PSD     (  343): prox near, cur ps:1023 
E/PSD     (  343): prox near, cur ps:1023 
E/PSD     (  343): prox near, cur ps:1023 
E/PSD     (  343): prox near, cur ps:1023 
E/PSD     (  343): prox near, cur ps:1023 
E/PSD     (  343): prox near, cur ps:1023 
E/PSD     (  343): prox near, cur ps:1023 
E/PSD     (  343): prox near, cur ps:1023 
E/PSD     (  343): prox near, cur ps:1023 
E/PSD     (  343): prox near, cur ps:1023 
E/PSD     (  343): prox near, cur ps:1023 
E/PSD     (  343): prox near, cur ps:1023 
E/PSD     (  343): prox near, cur ps:1023 
E/PSD     (  343): prox near, cur ps:1023 
E/PSD     (  343): prox near, cur ps:1023 
E/PSD     (  343): prox near, cur ps:1023 
E/PSD     (  343): prox near, cur ps:1023 
E/PSD     (  343): prox near, cur ps:1023 
E/PSD     (  343): prox near, cur ps:1023 
E/PSD     (  343): prox near, cur ps:1023 
E/PSD     (  343): prox near, cur ps:1023 
E/PSD     (  343): prox near, cur ps:1023 
E/PSD     (  343): prox near, cur ps:1023 
E/PSD     (  343): prox near, cur ps:1023 
E/PSD     (  343): prox near, cur ps:1023 
E/PSD     (  343): prox near, cur ps:1023 
E/PSD     (  343): prox near, cur ps:1023 
E/PSD     (  343): prox near, cur ps:1023 
E/PSD     (  343): prox near, cur ps:1023 
E/PSD     (  343): prox near, cur ps:1023 
E/PSD     (  343): prox near, cur ps:1023 
E/PSD     (  343): prox near, cur ps:1023 
E/PSD     (  343): prox near, cur ps:1023 
E/PSD     (  343): prox near, cur ps:1023 
V/AlarmManager(  907): Triggering alarm #0: Alarm{1c55acc7 type 2 when 340890213 com.google.android.gms com.google.android.location.ALARM_WAKEUP_ACTIVITY_DETECTION}
V/AlarmManager(  907): Triggering alarm #1: Alarm{140962f4 type 2 when 340890874 com.google.android.gms com.google.android.intent.action.GCM_RECONNECT}
D/PowerManagerService(  907): acquire PROXIMITY_SCREEN_OFF_WAKE_LOCK from com.android.incallui
E/PSD     (  343): prox near, cur ps:1023 
D/PowerManagerService(  907): acquire PROXIMITY_SCREEN_OFF_WAKE_LOCK from com.android.incallui
D/PowerManagerService(  907): acquire PROXIMITY_SCREEN_OFF_WAKE_LOCK from com.android.incallui
D/PowerManagerService(  907): acquire PROXIMITY_SCREEN_OFF_WAKE_LOCK from com.android.incallui
E/PSD     (  343): prox near, cur ps:1023 
D/PowerManagerService(  907): acquire PROXIMITY_SCREEN_OFF_WAKE_LOCK from com.android.incallui
D/PowerManagerService(  907): acquire PROXIMITY_SCREEN_OFF_WAKE_LOCK from com.android.incallui
D/PowerManagerService(  907): acquire PROXIMITY_SCREEN_OFF_WAKE_LOCK from com.android.incallui
D/PowerManagerService(  907): acquire PROXIMITY_SCREEN_OFF_WAKE_LOCK from com.android.incallui
D/PowerManagerService(  907): acquire PROXIMITY_SCREEN_OFF_WAKE_LOCK from com.android.incallui
E/PSD     (  343): prox near, cur ps:1023 
E/PSD     (  343): prox near, cur ps:1023 
E/PSD     (  343): prox near, cur ps:1023 
E/PSD     (  343): prox near, cur ps:1023 
E/PSD     (  343): prox near, cur ps:1023 
E/PSD     (  343): prox near, cur ps:1023 
E/PSD     (  343): prox near, cur ps:1023 
E/PSD     (  343): prox near, cur ps:1023 
E/PSD     (  343): prox near, cur ps:1023 
E/PSD     (  343): prox near, cur ps:1023 
E/PSD     (  343): prox near, cur ps:1023 
E/PSD     (  343): prox near, cur ps:1023 
E/PSD     (  343): prox near, cur ps:1023 
E/PSD     (  343): prox near, cur ps:1023 
E/PSD     (  343): prox near, cur ps:1023 
E/PSD     (  343): prox near, cur ps:1023 
E/PSD     (  343): prox near, cur ps:1023 
E/PSD     (  343): prox near, cur ps:1023 
E/PSD     (  343): prox near, cur ps:1023 
E/PSD     (  343): prox near, cur ps:1023 
E/PSD     (  343): prox near, cur ps:1023 
E/PSD     (  343): prox near, cur ps:1023 
E/PSD     (  343): prox near, cur ps:1023 
E/PSD     (  343): prox near, cur ps:1023 
E/PSD     (  343): prox near, cur ps:1023 
E/PSD     (  343): prox near, cur ps:1023 
E/PSD     (  343): prox near, cur ps:1023 
E/PSD     (  343): prox near, cur ps:1023 
E/PSD     (  343): prox near, cur ps:1023 
E/PSD     (  343): prox near, cur ps:1023 
E/PSD     (  343): prox near, cur ps:1023 
E/PSD     (  343): prox near, cur ps:1023 
E/PSD     (  343): prox near, cur ps:1023 
E/PSD     (  343): prox near, cur ps:1023 
E/PSD     (  343): prox near, cur ps:1023 
E/PSD     (  343): prox near, cur ps:1023 
E/PSD     (  343): prox near, cur ps:1023 
E/PSD     (  343): prox near, cur ps:1023 
E/PSD     (  343): prox near, cur ps:1023 
E/PSD     (  343): prox near, cur ps:1023 
E/PSD     (  343): prox near, cur ps:1023 
E/PSD     (  343): prox near, cur ps:1023 
E/PSD     (  343): prox near, cur ps:1023 
E/PSD     (  343): prox near, cur ps:1023 
E/PSD     (  343): prox near, cur ps:1023 
E/PSD     (  343): prox near, cur ps:1023 
E/PSD     (  343): prox near, cur ps:1023 
E/PSD     (  343): prox near, cur ps:1023 
E/PSD     (  343): prox near, cur ps:1023 
E/PSD     (  343): prox near, cur ps:1023 
E/PSD     (  343): prox near, cur ps:1023 
E/PSD     (  343): prox near, cur ps:1023 
E/PSD     (  343): prox near, cur ps:1023 
E/PSD     (  343): prox near, cur ps:1023 
E/PSD     (  343): prox near, cur ps:1023 
D/PowerManagerService(  907): acquire PROXIMITY_SCREEN_OFF_WAKE_LOCK from com.android.incallui
D/PowerManagerService(  907): acquire PROXIMITY_SCREEN_OFF_WAKE_LOCK from com.android.incallui
D/PowerManagerService(  907): acquire PROXIMITY_SCREEN_OFF_WAKE_LOCK from com.android.incallui
D/PowerManagerService(  907): acquire PROXIMITY_SCREEN_OFF_WAKE_LOCK from com.android.incallui
D/PowerManagerService(  907): acquire PROXIMITY_SCREEN_OFF_WAKE_LOCK from com.android.incallui
D/PowerManagerService(  907): acquire PROXIMITY_SCREEN_OFF_WAKE_LOCK from com.android.incallui
D/PowerManagerService(  907): acquire PROXIMITY_SCREEN_OFF_WAKE_LOCK from com.android.incallui
D/PowerManagerService(  907): acquire PROXIMITY_SCREEN_OFF_WAKE_LOCK from com.android.incallui
E/PSD     (  343): prox near, cur ps:1023 
I/GCoreUlr(12526): Starting service, intent=Intent { act=com.google.android.location.reporting.ACTION_UPDATE_ACTIVE_STATE cmp=com.google.android.gms/com.google.android.location.reporting.service.DispatchingService (has extras) }, extras=Bundle[{source=PowerModeReceiver}]
D/PowerManagerService(  907): acquire PROXIMITY_SCREEN_OFF_WAKE_LOCK from com.android.incallui
E/PSD     (  343): prox near, cur ps:1023 
D/PowerManagerService(  907): acquire PROXIMITY_SCREEN_OFF_WAKE_LOCK from com.android.incallui
D/PowerManagerService(  907): acquire PROXIMITY_SCREEN_OFF_WAKE_LOCK from com.android.incallui
E/PSD     (  343): prox near, cur ps:1023 
D/PowerManagerService(  907): acquire PROXIMITY_SCREEN_OFF_WAKE_LOCK from com.android.incallui
D/PowerManagerService(  907): acquire PROXIMITY_SCREEN_OFF_WAKE_LOCK from com.android.incallui
D/PowerManagerService(  907): acquire PROXIMITY_SCREEN_OFF_WAKE_LOCK from com.android.incallui
D/PowerManagerService(  907): acquire PROXIMITY_SCREEN_OFF_WAKE_LOCK from com.android.incallui
D/PowerManagerService(  907): acquire PROXIMITY_SCREEN_OFF_WAKE_LOCK from com.android.incallui
E/PSD     (  343): prox near, cur ps:1023 
I/GCoreUlr(12526): DispatchingService.updateActiveState+PowerModeReceiver: Ensuring that reporting is active for [account#8#]
E/PSD     (  343): prox near, cur ps:1023 
D/PowerManagerService(  907): acquire PROXIMITY_SCREEN_OFF_WAKE_LOCK from com.android.incallui
W/GCoreFlp(12526): No location to return for getLastLocation()
D/PowerManagerService(  907): acquire PROXIMITY_SCREEN_OFF_WAKE_LOCK from com.android.incallui
D/PowerManagerService(  907): acquire PROXIMITY_SCREEN_OFF_WAKE_LOCK from com.android.incallui
E/PSD     (  343): prox near, cur ps:1023 
D/PowerManagerService(  907): acquire PROXIMITY_SCREEN_OFF_WAKE_LOCK from com.android.incallui
D/PowerManagerService(  907): acquire PROXIMITY_SCREEN_OFF_WAKE_LOCK from com.android.incallui
I/GCoreUlr(12526): GMS FLP location and AR updates requested: {"description":"stationary","newRequest":true,"samplePeriodMs":2160000,"sampleReason":"stationary","sampleSource":"internal","timestampMs":1498669102750}
D/PowerManagerService(  907): acquire PROXIMITY_SCREEN_OFF_WAKE_LOCK from com.android.incallui
E/PSD     (  343): prox near, cur ps:1023 
I/GCoreUlr(12526): Place inference reporting - stop
D/PowerManagerService(  907): acquire PROXIMITY_SCREEN_OFF_WAKE_LOCK from com.android.incallui
D/PowerManagerService(  907): acquire PROXIMITY_SCREEN_OFF_WAKE_LOCK from com.android.incallui
D/PowerManagerService(  907): acquire PROXIMITY_SCREEN_OFF_WAKE_LOCK from com.android.incallui
D/PowerManagerService(  907): acquire PROXIMITY_SCREEN_OFF_WAKE_LOCK from com.android.incallui
D/PowerManagerService(  907): acquire PROXIMITY_SCREEN_OFF_WAKE_LOCK from com.android.incallui
D/PowerManagerService(  907): acquire PROXIMITY_SCREEN_OFF_WAKE_LOCK from com.android.incallui
D/PowerManagerService(  907): acquire PROXIMITY_SCREEN_OFF_WAKE_LOCK from com.android.incallui
E/PSD     (  343): prox near, cur ps:1023 
E/PSD     (  343): prox near, cur ps:1023 
E/PSD     (  343): prox near, cur ps:1023 
E/PSD     (  343): prox near, cur ps:1023 
E/PSD     (  343): prox near, cur ps:1023 
E/PSD     (  343): prox near, cur ps:1023 
E/PSD     (  343): prox near, cur ps:1023 
E/PSD     (  343): prox near, cur ps:1023 
E/PSD     (  343): prox near, cur ps:1023 
E/PSD     (  343): prox near, cur ps:1023 
E/PSD     (  343): prox near, cur ps:1023 
E/PSD     (  343): prox near, cur ps:1023 
E/PSD     (  343): prox near, cur ps:1023 
E/PSD     (  343): prox near, cur ps:1023 
E/PSD     (  343): prox near, cur ps:1023 
E/PSD     (  343): prox near, cur ps:1023 
E/PSD     (  343): prox near, cur ps:1023 
E/PSD     (  343): prox near, cur ps:1023 
E/PSD     (  343): prox near, cur ps:1023 
E/PSD     (  343): prox near, cur ps:1023 
E/PSD     (  343): prox near, cur ps:1023 
E/PSD     (  343): prox near, cur ps:1023 
E/PSD     (  343): prox near, cur ps:1023 
E/PSD     (  343): prox near, cur ps:1023 
E/PSD     (  343): prox near, cur ps:1023 
E/PSD     (  343): prox near, cur ps:1023 
E/PSD     (  343): prox near, cur ps:1023 
E/PSD     (  343): prox near, cur ps:1023 
E/PSD     (  343): prox near, cur ps:1023 
E/PSD     (  343): prox near, cur ps:1023 
E/PSD     (  343): prox near, cur ps:1023 
E/PSD     (  343): prox near, cur ps:1023 
E/PSD     (  343): prox near, cur ps:1023 
E/PSD     (  343): prox near, cur ps:1023 
E/PSD     (  343): prox near, cur ps:1023 
E/PSD     (  343): prox near, cur ps:1023 
E/PSD     (  343): prox near, cur ps:1023 
E/PSD     (  343): prox near, cur ps:1023 
E/PSD     (  343): prox near, cur ps:1023 
E/PSD     (  343): prox near, cur ps:1023 
E/PSD     (  343): prox near, cur ps:1023 
E/PSD     (  343): prox near, cur ps:1023 
E/PSD     (  343): prox near, cur ps:1023 
E/PSD     (  343): prox near, cur ps:1023 
E/PSD     (  343): prox near, cur ps:1023 
E/PSD     (  343): prox near, cur ps:1023 
E/PSD     (  343): prox near, cur ps:1023 
E/PSD     (  343): prox near, cur ps:1023 
E/PSD     (  343): prox near, cur ps:1023 
E/PSD     (  343): prox near, cur ps:1023 
E/PSD     (  343): prox near, cur ps:1023 
E/PSD     (  343): prox near, cur ps:1023 
E/PSD     (  343): prox near, cur ps:1023 
E/PSD     (  343): prox near, cur ps:1023 
E/PSD     (  343): prox near, cur ps:1023 
W/Watchdog_N(  907): !@WatchDog_4958;
E/PSD     (  343): prox near, cur ps:1023 
E/PSD     (  343): prox near, cur ps:1023 
E/PSD     (  343): prox near, cur ps:1023 
E/PSD     (  343): prox near, cur ps:1023 
E/PSD     (  343): prox near, cur ps:1023 
E/PSD     (  343): prox near, cur ps:1023 
E/PSD     (  343): prox near, cur ps:1023 
E/PSD     (  343): prox near, cur ps:1023 
E/PSD     (  343): prox near, cur ps:1023 
E/PSD     (  343): prox near, cur ps:1023 
E/PSD     (  343): prox near, cur ps:1023 
E/PSD     (  343): prox near, cur ps:1023 
E/PSD     (  343): prox near, cur ps:1023 
E/PSD     (  343): prox near, cur ps:1023 
E/PSD     (  343): prox near, cur ps:1023 
E/PSD     (  343): prox near, cur ps:1023 
E/PSD     (  343): prox near, cur ps:1023 
E/PSD     (  343): prox near, cur ps:1023 
E/PSD     (  343): prox near, cur ps:1023 
E/PSD     (  343): prox near, cur ps:1023 
E/PSD     (  343): prox near, cur ps:1023 
E/PSD     (  343): prox near, cur ps:1023 
E/PSD     (  343): prox near, cur ps:1023 
E/PSD     (  343): prox near, cur ps:1023 
E/PSD     (  343): prox near, cur ps:1023 
E/PSD     (  343): prox near, cur ps:1023 
E/PSD     (  343): prox near, cur ps:1023 
E/PSD     (  343): prox near, cur ps:1023 
D/TelephonyProvider( 1706): simId = 0
D/TelephonyProvider( 1706): simId = 0
E/PSD     (  343): prox near, cur ps:1023 
D/PhoneInterfaceManager( 1706): [PhoneIntfMgr] getDataEnabled: subId=1 phoneId=0
D/PhoneInterfaceManager( 1706): [PhoneIntfMgr] getDataEnabled: subId=1 retVal=false
D/PhoneInterfaceManager( 1706): [PhoneIntfMgr] getDataEnabled: subId=1 phoneId=0
D/PhoneInterfaceManager( 1706): [PhoneIntfMgr] getDataEnabled: subId=1 retVal=false
E/PSD     (  343): prox near, cur ps:1023 
E/PSD     (  343): prox near, cur ps:1023 
E/PSD     (  343): prox near, cur ps:1023 
E/PSD     (  343): prox near, cur ps:1023 
E/PSD     (  343): prox near, cur ps:1023 
E/PSD     (  343): prox near, cur ps:1023 
E/PSD     (  343): prox near, cur ps:1023 
E/PSD     (  343): prox near, cur ps:1023 
E/PSD     (  343): prox near, cur ps:1023 
E/PSD     (  343): prox near, cur ps:1023 
E/PSD     (  343): prox near, cur ps:1023 
E/PSD     (  343): prox near, cur ps:1023 
E/PSD     (  343): prox near, cur ps:1023 
E/PSD     (  343): prox near, cur ps:1023 
E/PSD     (  343): prox near, cur ps:1023 
E/PSD     (  343): prox near, cur ps:1023 
E/PSD     (  343): prox near, cur ps:1023 
E/PSD     (  343): prox near, cur ps:1023 
E/PSD     (  343): prox near, cur ps:1023 
E/PSD     (  343): prox near, cur ps:1023 
E/PSD     (  343): prox near, cur ps:1023 
E/PSD     (  343): prox near, cur ps:1023 
E/PSD     (  343): prox near, cur ps:1023 
E/PSD     (  343): prox near, cur ps:1023 
E/PSD     (  343): prox near, cur ps:1023 
E/PSD     (  343): prox near, cur ps:1023 
E/PSD     (  343): prox near, cur ps:1023 
E/PSD     (  343): prox near, cur ps:1023 
E/PSD     (  343): prox near, cur ps:1023 
E/PSD     (  343): prox near, cur ps:1023 
E/PSD     (  343): prox near, cur ps:1023 
E/PSD     (  343): prox near, cur ps:1023 
E/PSD     (  343): prox near, cur ps:1023 
E/PSD     (  343): prox near, cur ps:1023 
E/PSD     (  343): prox near, cur ps:1023 
E/PSD     (  343): prox near, cur ps:1023 
E/PSD     (  343): prox near, cur ps:1023 
E/PSD     (  343): prox near, cur ps:1023 
E/PSD     (  343): prox near, cur ps:1023 
E/PSD     (  343): prox near, cur ps:1023 
E/PSD     (  343): prox near, cur ps:1023 
E/PSD     (  343): prox near, cur ps:1023 
E/PSD     (  343): prox near, cur ps:1023 
E/PSD     (  343): prox near, cur ps:1023 
E/PSD     (  343): prox near, cur ps:1023 
E/PSD     (  343): prox near, cur ps:1023 
E/PSD     (  343): prox near, cur ps:1023 
E/PSD     (  343): prox near, cur ps:1023 
E/PSD     (  343): prox near, cur ps:1023 
E/PSD     (  343): prox near, cur ps:1023 
E/PSD     (  343): prox near, cur ps:1023 
E/PSD     (  343): prox near, cur ps:1023 
E/PSD     (  343): prox near, cur ps:1023 
E/PSD     (  343): prox near, cur ps:1023 
E/PSD     (  343): prox near, cur ps:1023 
E/PSD     (  343): prox near, cur ps:1023 
E/PSD     (  343): prox near, cur ps:1023 
E/PSD     (  343): prox near, cur ps:1023 
E/PSD     (  343): prox near, cur ps:1023 
E/PSD     (  343): prox near, cur ps:1023 
E/PSD     (  343): prox near, cur ps:1023 
E/PSD     (  343): prox near, cur ps:1023 
E/PSD     (  343): prox near, cur ps:1023 
E/PSD     (  343): prox near, cur ps:1023 
E/PSD     (  343): prox near, cur ps:1023 
E/PSD     (  343): prox near, cur ps:1023 
E/PSD     (  343): prox near, cur ps:1023 
E/PSD     (  343): prox near, cur ps:1023 
E/PSD     (  343): prox near, cur ps:1023 
E/PSD     (  343): prox near, cur ps:1023 
E/PSD     (  343): prox near, cur ps:1023 
E/PSD     (  343): prox near, cur ps:1023 
E/PSD     (  343): prox near, cur ps:1023 
E/PSD     (  343): prox near, cur ps:1023 
E/PSD     (  343): prox near, cur ps:1023 
E/PSD     (  343): prox near, cur ps:1023 
E/PSD     (  343): prox near, cur ps:1023 
E/PSD     (  343): prox near, cur ps:1023 
E/PSD     (  343): prox near, cur ps:1023 
E/PSD     (  343): prox near, cur ps:1023 
E/PSD     (  343): prox near, cur ps:1023 
E/PSD     (  343): prox near, cur ps:1023 
E/PSD     (  343): prox near, cur ps:1023 
E/PSD     (  343): prox near, cur ps:1023 
E/PSD     (  343): prox near, cur ps:1023 
E/PSD     (  343): prox near, cur ps:1023 
E/PSD     (  343): prox near, cur ps:1023 
E/PSD     (  343): prox near, cur ps:1023 
E/PSD     (  343): prox near, cur ps:1023 
E/PSD     (  343): prox near, cur ps:1023 
E/PSD     (  343): prox near, cur ps:1023 
E/PSD     (  343): prox near, cur ps:1023 
E/PSD     (  343): prox near, cur ps:1023 
E/PSD     (  343): prox near, cur ps:1023 
E/PSD     (  343): prox near, cur ps:1023 
E/PSD     (  343): prox near, cur ps:1023 
E/PSD     (  343): prox near, cur ps:1023 
E/PSD     (  343): prox near, cur ps:1023 
E/PSD     (  343): prox near, cur ps:1023 
E/PSD     (  343): prox near, cur ps:1023 
E/PSD     (  343): prox near, cur ps:1023 
E/PSD     (  343): prox near, cur ps:1023 
E/PSD     (  343): prox near, cur ps:1023 
E/PSD     (  343): prox near, cur ps:1023 
E/PSD     (  343): prox near, cur ps:1023 
E/PSD     (  343): prox near, cur ps:1023 
E/PSD     (  343): prox near, cur ps:1023 
E/PSD     (  343): prox near, cur ps:1023 
E/PSD     (  343): prox near, cur ps:1023 
E/PSD     (  343): prox near, cur ps:1023 
E/PSD     (  343): prox near, cur ps:1023 
E/PSD     (  343): prox near, cur ps:1023 
E/PSD     (  343): prox near, cur ps:1023 
E/PSD     (  343): prox near, cur ps:1023 
E/PSD     (  343): prox near, cur ps:1023 
E/PSD     (  343): prox near, cur ps:1023 
E/PSD     (  343): prox near, cur ps:1023 
E/PSD     (  343): prox near, cur ps:1023 
E/PSD     (  343): prox near, cur ps:1023 
E/PSD     (  343): prox near, cur ps:1023 
E/PSD     (  343): prox near, cur ps:1023 
E/PSD     (  343): prox near, cur ps:1023 
E/PSD     (  343): prox near, cur ps:1023 
E/PSD     (  343): prox near, cur ps:1023 
E/PSD     (  343): prox near, cur ps:1023 
E/PSD     (  343): prox near, cur ps:1023 
E/PSD     (  343): prox near, cur ps:1023 
E/PSD     (  343): prox near, cur ps:1023 
E/PSD     (  343): prox near, cur ps:1023 
E/PSD     (  343): prox near, cur ps:1023 
E/PSD     (  343): prox near, cur ps:1023 
E/PSD     (  343): prox near, cur ps:1023 
E/PSD     (  343): prox near, cur ps:1023 
E/PSD     (  343): prox near, cur ps:1023 
E/PSD     (  343): prox near, cur ps:1023 
E/PSD     (  343): prox near, cur ps:1023 
E/PSD     (  343): prox near, cur ps:1023 
E/PSD     (  343): prox near, cur ps:1023 
E/PSD     (  343): prox near, cur ps:1023 
E/PSD     (  343): prox near, cur ps:1023 
E/PSD     (  343): prox near, cur ps:1023 
E/PSD     (  343): prox near, cur ps:1023 
E/PSD     (  343): prox near, cur ps:1023 
E/PSD     (  343): prox near, cur ps:1023 
E/PSD     (  343): prox near, cur ps:1023 
E/PSD     (  343): prox near, cur ps:1023 
E/PSD     (  343): prox near, cur ps:1023 
E/PSD     (  343): prox near, cur ps:1023 
E/PSD     (  343): prox near, cur ps:1023 
E/PSD     (  343): prox near, cur ps:1023 
E/PSD     (  343): prox near, cur ps:1023 
E/PSD     (  343): prox near, cur ps:1023 
E/PSD     (  343): prox near, cur ps:1023 
E/PSD     (  343): prox near, cur ps:1023 
E/PSD     (  343): prox near, cur ps:1023 
E/PSD     (  343): prox near, cur ps:1023 
E/PSD     (  343): prox near, cur ps:1023 
E/PSD     (  343): prox near, cur ps:1023 
E/PSD     (  343): prox near, cur ps:1023 
E/PSD     (  343): prox near, cur ps:1023 
E/PSD     (  343): prox near, cur ps:1023 
E/PSD     (  343): prox near, cur ps:1023 
E/PSD     (  343): prox near, cur ps:1023 
E/PSD     (  343): prox near, cur ps:1023 
E/PSD     (  343): prox near, cur ps:1023 
E/PSD     (  343): prox near, cur ps:1023 
E/PSD     (  343): prox near, cur ps:1023 
E/PSD     (  343): prox near, cur ps:1023 
E/PSD     (  343): prox near, cur ps:1023 
E/PSD     (  343): prox near, cur ps:1023 
E/PSD     (  343): prox near, cur ps:1023 
E/PSD     (  343): prox near, cur ps:1023 
E/PSD     (  343): prox near, cur ps:1023 
E/PSD     (  343): prox near, cur ps:1023 
E/PSD     (  343): prox near, cur ps:1023 
E/PSD     (  343): prox near, cur ps:1023 
E/PSD     (  343): prox near, cur ps:1023 
E/PSD     (  343): prox near, cur ps:1023 
E/PSD     (  343): prox near, cur ps:1023 
E/PSD     (  343): prox near, cur ps:1023 
E/PSD     (  343): prox near, cur ps:1023 
E/PSD     (  343): prox near, cur ps:1023 
E/PSD     (  343): prox near, cur ps:1023 
E/PSD     (  343): prox near, cur ps:1023 
E/PSD     (  343): prox near, cur ps:1023 
E/PSD     (  343): prox near, cur ps:1023 
E/PSD     (  343): prox near, cur ps:1023 
E/PSD     (  343): prox near, cur ps:1023 
E/PSD     (  343): prox near, cur ps:1023 
E/PSD     (  343): prox near, cur ps:1023 
E/PSD     (  343): prox near, cur ps:1023 
E/PSD     (  343): prox near, cur ps:1023 
E/PSD     (  343): prox near, cur ps:1023 
E/PSD     (  343): prox near, cur ps:1023 
D/TelephonyProvider( 1706): simId = 0
D/TelephonyProvider( 1706): simId = 0
D/PhoneInterfaceManager( 1706): [PhoneIntfMgr] getDataEnabled: subId=1 phoneId=0
D/PhoneInterfaceManager( 1706): [PhoneIntfMgr] getDataEnabled: subId=1 retVal=false
D/PhoneInterfaceManager( 1706): [PhoneIntfMgr] getDataEnabled: subId=1 phoneId=0
D/PhoneInterfaceManager( 1706): [PhoneIntfMgr] getDataEnabled: subId=1 retVal=false
E/PSD     (  343): prox near, cur ps:1023 
E/PSD     (  343): prox near, cur ps:1023 
E/PSD     (  343): prox near, cur ps:1023 
E/PSD     (  343): prox near, cur ps:1023 
E/PSD     (  343): prox near, cur ps:1023 
E/PSD     (  343): prox near, cur ps:1023 
E/PSD     (  343): prox near, cur ps:1023 
E/PSD     (  343): prox near, cur ps:1023 
E/PSD     (  343): prox near, cur ps:1023 
E/PSD     (  343): prox near, cur ps:1023 
E/PSD     (  343): prox near, cur ps:1023 
E/PSD     (  343): prox near, cur ps:1023 
E/PSD     (  343): prox near, cur ps:1023 
E/PSD     (  343): prox near, cur ps:1023 
E/PSD     (  343): prox near, cur ps:1023 
E/PSD     (  343): prox near, cur ps:1023 
E/PSD     (  343): prox near, cur ps:1023 
E/PSD     (  343): prox near, cur ps:1023 
E/PSD     (  343): prox near, cur ps:1023 
E/PSD     (  343): prox near, cur ps:1023 
E/PSD     (  343): prox near, cur ps:1023 
E/PSD     (  343): prox near, cur ps:1023 
E/PSD     (  343): prox near, cur ps:1023 
E/PSD     (  343): prox near, cur ps:1023 
E/PSD     (  343): prox near, cur ps:1023 
E/PSD     (  343): prox near, cur ps:1023 
E/PSD     (  343): prox near, cur ps:1023 
E/PSD     (  343): prox near, cur ps:1023 
E/PSD     (  343): prox near, cur ps:1023 
E/PSD     (  343): prox near, cur ps:1023 
E/PSD     (  343): prox near, cur ps:1023 
E/PSD     (  343): prox near, cur ps:1023 
E/PSD     (  343): prox near, cur ps:1023 
E/PSD     (  343): prox near, cur ps:1023 
E/PSD     (  343): prox near, cur ps:1023 
E/PSD     (  343): prox near, cur ps:1023 
E/PSD     (  343): prox near, cur ps:1023 
E/PSD     (  343): prox near, cur ps:1023 
E/PSD     (  343): prox near, cur ps:1023 
E/PSD     (  343): prox near, cur ps:1023 
E/PSD     (  343): prox near, cur ps:1023 
E/PSD     (  343): prox near, cur ps:1023 
E/PSD     (  343): prox near, cur ps:1023 
E/PSD     (  343): prox near, cur ps:1023 
E/PSD     (  343): prox near, cur ps:1023 
E/PSD     (  343): prox near, cur ps:1023 
E/PSD     (  343): prox near, cur ps:1023 
E/PSD     (  343): prox near, cur ps:1023 
E/PSD     (  343): prox near, cur ps:1023 
E/PSD     (  343): prox near, cur ps:1023 
E/PSD     (  343): prox near, cur ps:1023 
E/PSD     (  343): prox near, cur ps:1023 
E/PSD     (  343): prox near, cur ps:1023 
E/PSD     (  343): prox near, cur ps:1023 
E/PSD     (  343): prox near, cur ps:1023 
E/PSD     (  343): prox near, cur ps:1023 
E/PSD     (  343): prox near, cur ps:1023 
E/PSD     (  343): prox near, cur ps:1023 
E/PSD     (  343): prox near, cur ps:1023 
E/PSD     (  343): prox near, cur ps:1023 
E/PSD     (  343): prox near, cur ps:1023 
E/PSD     (  343): prox near, cur ps:1023 
E/PSD     (  343): prox near, cur ps:1023 
E/PSD     (  343): prox near, cur ps:1023 
E/PSD     (  343): prox near, cur ps:1023 
E/PSD     (  343): prox near, cur ps:1023 
E/PSD     (  343): prox near, cur ps:1023 
E/PSD     (  343): prox near, cur ps:1023 
E/PSD     (  343): prox near, cur ps:1023 
E/PSD     (  343): prox near, cur ps:1023 
E/PSD     (  343): prox near, cur ps:1023 
E/PSD     (  343): prox near, cur ps:1023 
E/PSD     (  343): prox near, cur ps:1023 
E/PSD     (  343): prox near, cur ps:1023 
E/PSD     (  343): prox near, cur ps:1023 
E/PSD     (  343): prox near, cur ps:1023 
E/PSD     (  343): prox near, cur ps:1023 
E/PSD     (  343): prox near, cur ps:1023 
E/PSD     (  343): prox near, cur ps:1023 
E/PSD     (  343): prox near, cur ps:1023 
E/PSD     (  343): prox near, cur ps:1023 
E/PSD     (  343): prox near, cur ps:1023 
E/PSD     (  343): prox near, cur ps:1023 
E/PSD     (  343): prox near, cur ps:1023 
E/PSD     (  343): prox near, cur ps:1023 
E/PSD     (  343): prox near, cur ps:1023 
E/PSD     (  343): prox near, cur ps:1023 
E/PSD     (  343): prox near, cur ps:1023 
E/PSD     (  343): prox near, cur ps:1023 
E/PSD     (  343): prox near, cur ps:1023 
E/PSD     (  343): prox near, cur ps:1023 
E/PSD     (  343): prox near, cur ps:1023 
E/PSD     (  343): prox near, cur ps:1023 
E/PSD     (  343): prox near, cur ps:1023 
E/PSD     (  343): prox near, cur ps:1023 
E/PSD     (  343): prox near, cur ps:1023 
E/PSD     (  343): prox near, cur ps:1023 
E/PSD     (  343): prox near, cur ps:1023 
E/PSD     (  343): prox near, cur ps:1023 
E/PSD     (  343): prox near, cur ps:1023 
E/PSD     (  343): prox near, cur ps:1023 
E/PSD     (  343): prox near, cur ps:1023 
E/PSD     (  343): prox near, cur ps:1023 
E/PSD     (  343): prox near, cur ps:1023 
E/PSD     (  343): prox near, cur ps:1023 
E/PSD     (  343): prox near, cur ps:1023 
E/PSD     (  343): prox near, cur ps:1023 
D/VM_BMS  (  421): wake_lock acquired
D/VM_BMS  (  421): New BMS data - Size=56
D/VM_BMS  (  421): Start process_bms_data
E/PSD     (  343): prox near, cur ps:1023 
D/VM_BMS  (  421): For batt_temp=373 fcc_mah=2461
D/VM_BMS  (  421): For ocv=3814042 batt_temp=373 soc=45
D/VM_BMS  (  421): fifo_count=5 acc_count=0
D/VM_BMS  (  421): INIT: ocv=3814042 last_ocv=3814042 batt_temp=373 soc=45
D/VM_BMS  (  421): For soc=45 batt_temp=373 slope=5200
D/VM_BMS  (  421): For soc=45 batt_temp=373 rbatt_sf=90
D/VM_BMS  (  421): rbatt_mohm_default=172, rbatt_mohm=154, sf=90 batt_temp=373
D/VM_BMS  (  421): For ocv=3814185 batt_temp=373 soc=45
D/VM_BMS  (  421): FIFO=0 fifo_avg=3.869758 rbatt=0.204000 slope=0.520000 ibatt=-0.272765 ocv=3.814186 soc=45 fcc_ah=2.461000 sample_count=128 sample_interval=70 seq_num=13115
D/VM_BMS  (  421): For soc=45 batt_temp=373 slope=5200
D/VM_BMS  (  421): For soc=45 batt_temp=373 rbatt_sf=90
D/VM_BMS  (  421): rbatt_mohm_default=172, rbatt_mohm=154, sf=90 batt_temp=373
D/VM_BMS  (  421): For ocv=3814332 batt_temp=373 soc=45
D/VM_BMS  (  421): FIFO=1 fifo_avg=3.871517 rbatt=0.204000 slope=0.520000 ibatt=-0.280678 ocv=3.814332 soc=45 fcc_ah=2.461000 sample_count=128 sample_interval=70 seq_num=13115
D/VM_BMS  (  421): For soc=45 batt_temp=373 slope=5200
D/VM_BMS  (  421): For soc=45 batt_temp=373 rbatt_sf=90
D/VM_BMS  (  421): rbatt_mohm_default=172, rbatt_mohm=154, sf=90 batt_temp=373
D/VM_BMS  (  421): For ocv=3814465 batt_temp=373 soc=45
D/VM_BMS  (  421): FIFO=2 fifo_avg=3.866233 rbatt=0.204000 slope=0.520000 ibatt=-0.254090 ocv=3.814466 soc=45 fcc_ah=2.461000 sample_count=128 sample_interval=70 seq_num=13115
D/VM_BMS  (  421): For soc=45 batt_temp=373 slope=5200
D/VM_BMS  (  421): For soc=45 batt_temp=373 rbatt_sf=90
D/VM_BMS  (  421): rbatt_mohm_default=172, rbatt_mohm=154, sf=90 batt_temp=373
D/VM_BMS  (  421): For ocv=3814613 batt_temp=373 soc=45
D/VM_BMS  (  421): FIFO=3 fifo_avg=3.872120 rbatt=0.204000 slope=0.520000 ibatt=-0.282258 ocv=3.814614 soc=45 fcc_ah=2.461000 sample_count=128 sample_interval=70 seq_num=13115
D/VM_BMS  (  421): For soc=45 batt_temp=373 slope=5200
D/VM_BMS  (  421): For soc=45 batt_temp=373 rbatt_sf=90
D/VM_BMS  (  421): rbatt_mohm_default=172, rbatt_mohm=154, sf=90 batt_temp=373
D/VM_BMS  (  421): For ocv=3814790 batt_temp=373 soc=45
D/VM_BMS  (  421): FIFO=4 fifo_avg=3.883308 rbatt=0.204000 slope=0.520000 ibatt=-0.336306 ocv=3.814790 soc=45 fcc_ah=2.461000 sample_count=128 sample_interval=70 seq_num=13115
I/VM_BMS  (  421): power_supply_update: ocv_uv=3814790 ibatt=-336305 soc=45 seq_num=13115
D/VM_BMS  (  421): End process_bms_data
D/VM_BMS  (  421): wake_lock released
E/PSD     (  343): prox near, cur ps:1023 
E/PSD     (  343): prox near, cur ps:1023 
E/PSD     (  343): prox near, cur ps:1023 
E/PSD     (  343): prox near, cur ps:1023 
E/PSD     (  343): prox near, cur ps:1023 
E/PSD     (  343): prox near, cur ps:1023 
E/PSD     (  343): prox near, cur ps:1023 
E/PSD     (  343): prox near, cur ps:1023 
E/PSD     (  343): prox near, cur ps:1023 
E/PSD     (  343): prox near, cur ps:1023 
E/PSD     (  343): prox near, cur ps:1023 
E/PSD     (  343): prox near, cur ps:1023 
E/PSD     (  343): prox near, cur ps:1023 
E/PSD     (  343): prox near, cur ps:1023 
E/PSD     (  343): prox near, cur ps:1023 
E/PSD     (  343): prox near, cur ps:1023 
E/PSD     (  343): prox near, cur ps:1023 
E/PSD     (  343): prox near, cur ps:1023 
E/PSD     (  343): prox near, cur ps:1023 
