D/PowerManagerService(  907): acquire PROXIMITY_SCREEN_OFF_WAKE_LOCK from com.android.incallui
I/PowerManagerService(  907): Sleeping (uid 1000)...
D/PowerManagerService(  907): acquire PROXIMITY_SCREEN_OFF_WAKE_LOCK from com.android.incallui
I/DisplayPowerController(  907): useProximityForceSuspend = true
E/PSD     (  343): prox near, cur ps:1015 
E/PSD     (  343): set_ps_threshold: low_thd 150 high_thd 300  ps:1015 crosstalk:0  state:3 
D/WifiStateMachine(  907): handleScreenStateChanged: false
D/PowerManagerService(  907): acquire PROXIMITY_SCREEN_OFF_WAKE_LOCK from com.android.incallui
E/WifiStateMachine(  907): cancelDelayedScan -> 3469
E/native  (  907): do suspend true
V/SRS_Proc(  314): ParamSet string: screen_state=off
D/audio_hw_primary(  314): adev_set_parameters: enter: screen_state=off
D/audio_hw_primary(  314): adev_set_parameters, forusemic = bho
D/audio_hw_primary(  314): adev_set_parameters, echo_value = 
D/audio_hw_primary(  314): adev_set_parameters, SingleMicTest: mic_test = 
V/audio_hw_primary(  314): adev_set_parameters: exit with code(0)
E/PSD     (  343): prox near, cur ps:1015 
D/PowerManagerService(  907): acquire PROXIMITY_SCREEN_OFF_WAKE_LOCK from com.android.incallui
D/RecentsServiceProxy( 1238): service : android.os.BinderProxy@34a7faed
D/ColorServicesMonitor( 1744): start OppoAutoClearService in 10 minutes
D/BluetoothAdapter(12526): 740026798: getState() :  mService = null. Returning STATE_OFF
D/BluetoothAdapter(12526): 740026798: getState() :  mService = null. Returning STATE_OFF
I/NearbyDirect(12526): MagicPairScanner: BluetoothLeScanner is null, Bluetooth might be off. Enabled=false
D/PowerManagerService(  907): acquire PROXIMITY_SCREEN_OFF_WAKE_LOCK from com.android.incallui
D/PowerManagerService(  907): acquire PROXIMITY_SCREEN_OFF_WAKE_LOCK from com.android.incallui
E/PSD     (  343): prox near, cur ps:1023 
I/Traffic_DataUsageService(23773): action=android.intent.action.SCREEN_OFF
I/Traffic_DataUsageService(23773): mIsNetworkCloseScreenOff=false, mIsNetworkCloseScreenOffSim2=false
D/PhoneInterfaceManager( 1706): [PhoneIntfMgr] getDataEnabled: subId=1 phoneId=0
D/PhoneInterfaceManager( 1706): [PhoneIntfMgr] getDataEnabled: subId=1 retVal=false
D/SurfaceFlinger(  260): Set power mode=0, type=0 flinger=0xb7d78b68
D/qdhwcomposer(  260): hwc_setPowerMode: Setting mode 0 on display: 0
I/DisplayPowerController(  907): useProximityForceSuspend = true
I/DisplayPowerController(  907): useProximityForceSuspend = true
I/DisplayManagerService(  907): Display device changed: DisplayDeviceInfo{"Built-in screen": uniqueId="local:0", 540 x 960, 60.0 fps, supportedRefreshRates [60.0], density 240, 221.225 x 221.672 dpi, appVsyncOff 0, presDeadline 17666667, touch INTERNAL, rotation 0, type BUILT_IN, state OFF, FLAG_DEFAULT_DISPLAY, FLAG_ROTATES_WITH_CONTENT, FLAG_SECURE, FLAG_SUPPORTS_PROTECTED_BUFFERS}
V/ActivityManager(  907): Display changed displayId=0
D/PowerManagerService(  907): acquire PROXIMITY_SCREEN_OFF_WAKE_LOCK from com.android.incallui
D/PowerManagerService(  907): acquire PROXIMITY_SCREEN_OFF_WAKE_LOCK from com.android.incallui
E/PSD     (  343): prox near, cur ps:1023 
D/PowerManagerService(  907): acquire PROXIMITY_SCREEN_OFF_WAKE_LOCK from com.android.incallui
D/PowerManagerService(  907): acquire PROXIMITY_SCREEN_OFF_WAKE_LOCK from com.android.incallui
E/PSD     (  343): prox near, cur ps:1023 
E/PSD     (  343): prox near, cur ps:1023 
E/PSD     (  343): prox near, cur ps:1023 
E/PSD     (  343): prox near, cur ps:1023 
I/qdhwcomposer(  260): handle_blank_event: dpy:0 panel power state: 0
D/qdhwcomposer(  260): hwc_setPowerMode: Done setting mode 0 on display 0
D/SurfaceControl(  907): Excessive delay in setPowerMode(): 275ms
I/QTI PowerHAL(  907): Got set_interactive hint
I/DisplayPowerController(  907): useProximityForceSuspend = true
D/PowerManagerService(  907): acquire PROXIMITY_SCREEN_OFF_WAKE_LOCK from com.android.incallui
I/InCall  (23956): StatusBarNotifier - Will show "hang-up" action in the ongoing active call Notification
I/InCall  (23956): StatusBarNotifier - Will show "hang-up" action in the ongoing active call Notification
E/PSD     (  343): prox near, cur ps:1023 
I/TelecomManager(23956): service colorInteractWithTelecomService which = 1
I/TelecomManager(23956): colorInteractWithTelecomService ret = null
D/qdlights(  907): handle_speaker_battery_locked: battery locked!!!
I/Telecom (  907): TelecomService: service command  = 1
I/Telecom (  907): TelecomService: service command ret = null
D/PowerManagerService(  907): acquire PROXIMITY_SCREEN_OFF_WAKE_LOCK from com.android.incallui
E/PhoneStatusBar( 1238): updateNotificationTitleText  preIsInsidePanelCanSlide =true,misInsidePanelCanSlide = true,misInsidePanelOpen = false
E/PhoneStatusBar( 1238): updateNotificationTitleText  preIsInsidePanelCanSlide =true,misInsidePanelCanSlide = true,misInsidePanelOpen = false
E/PSD     (  343): prox near, cur ps:1023 
E/PSD     (  343): prox near, cur ps:1023 
D/RecentsServiceProxy( 1238): service : android.os.BinderProxy@34a7faed
E/PSD     (  343): prox near, cur ps:1023 
E/PSD     (  343): prox near, cur ps:1023 
E/PSD     (  343): prox near, cur ps:1023 
E/PSD     (  343): prox near, cur ps:1023 
E/PSD     (  343): prox near, cur ps:1023 
E/PSD     (  343): prox near, cur ps:1023 
E/PSD     (  343): prox near, cur ps:1023 
E/PSD     (  343): prox near, cur ps:1023 
E/PSD     (  343): prox near, cur ps:1023 
E/PSD     (  343): prox near, cur ps:1023 
E/PSD     (  343): prox near, cur ps:1023 
E/PSD     (  343): prox near, cur ps:1023 
E/PSD     (  343): prox near, cur ps:1023 
E/PSD     (  343): prox near, cur ps:1023 
E/PSD     (  343): prox near, cur ps:1023 
E/PSD     (  343): prox near, cur ps:1023 
E/PSD     (  343): prox near, cur ps:1023 
E/PSD     (  343): prox near, cur ps:1023 
E/PSD     (  343): prox near, cur ps:1023 
E/PSD     (  343): prox near, cur ps:1023 
E/PSD     (  343): prox near, cur ps:1023 
E/PSD     (  343): prox near, cur ps:1023 
E/PSD     (  343): prox near, cur ps:1023 
E/PSD     (  343): prox near, cur ps:1023 
E/PSD     (  343): prox near, cur ps:1023 
E/PSD     (  343): prox near, cur ps:1023 
E/PSD     (  343): prox near, cur ps:1023 
E/PSD     (  343): prox near, cur ps:1023 
E/PSD     (  343): prox near, cur ps:1023 
E/PSD     (  343): prox near, cur ps:1023 
E/PSD     (  343): prox near, cur ps:1023 
E/PSD     (  343): prox near, cur ps:1023 
E/PSD     (  343): prox near, cur ps:1023 
E/PSD     (  343): prox near, cur ps:1023 
E/PSD     (  343): prox near, cur ps:1023 
E/PSD     (  343): prox near, cur ps:1023 
E/PSD     (  343): prox near, cur ps:1023 
E/PSD     (  343): prox near, cur ps:1023 
E/PSD     (  343): prox near, cur ps:1023 
E/PSD     (  343): prox near, cur ps:1023 
E/PSD     (  343): prox near, cur ps:1023 
E/PSD     (  343): prox near, cur ps:1023 
E/PSD     (  343): prox near, cur ps:1023 
E/PSD     (  343): prox near, cur ps:1023 
E/PSD     (  343): prox near, cur ps:1023 
E/PSD     (  343): prox near, cur ps:1023 
E/PSD     (  343): prox near, cur ps:1023 
E/PSD     (  343): prox near, cur ps:1023 
E/PSD     (  343): prox near, cur ps:1023 
E/PSD     (  343): prox near, cur ps:1023 
E/PSD     (  343): prox near, cur ps:1023 
E/PSD     (  343): prox near, cur ps:1023 
E/PSD     (  343): prox near, cur ps:1023 
E/PSD     (  343): prox near, cur ps:1023 
E/PSD     (  343): prox near, cur ps:1023 
E/PSD     (  343): prox near, cur ps:1023 
E/PSD     (  343): prox near, cur ps:1023 
E/PSD     (  343): prox near, cur ps:1023 
E/PSD     (  343): prox near, cur ps:1023 
E/PSD     (  343): prox near, cur ps:1023 
E/PSD     (  343): prox near, cur ps:1023 
E/PSD     (  343): prox near, cur ps:1023 
E/PSD     (  343): prox near, cur ps:1023 
E/PSD     (  343): prox near, cur ps:1023 
W/Watchdog_N(  907): !@WatchDog_4956;
E/PSD     (  343): prox near, cur ps:1023 
E/PSD     (  343): prox near, cur ps:1023 
E/PSD     (  343): prox near, cur ps:1023 
E/PSD     (  343): prox near, cur ps:1023 
E/SQLiteLog( 1640): (284) automatic index on sqlite_sq_B75738E8(STAT_DATA_ID)
E/SQLiteLog( 1640): (284) automatic index on sqlite_sq_B72D49D8(STAT_DATA_ID)
E/PSD     (  343): prox near, cur ps:1023 
D/PowerManagerService(  907): acquire PROXIMITY_SCREEN_OFF_WAKE_LOCK from com.android.incallui
I/Icing   (19943): Usage reports 0 indexed 0 rejected 0 imm upload false
E/PSD     (  343): prox near, cur ps:1023 
I/Icing   (19943): Usage reports 0 indexed 0 rejected 0 imm upload false
I/Icing   (19943): Usage reports 0 indexed 0 rejected 0 imm upload false
I/Icing   (19943): Usage reports 0 indexed 0 rejected 0 imm upload false
E/PSD     (  343): prox near, cur ps:1023 
E/PSD     (  343): prox near, cur ps:1023 
D/PowerManagerService(  907): acquire PROXIMITY_SCREEN_OFF_WAKE_LOCK from com.android.incallui
D/PowerManagerService(  907): acquire PROXIMITY_SCREEN_OFF_WAKE_LOCK from com.android.incallui
E/PSD     (  343): prox near, cur ps:1023 
E/PSD     (  343): prox near, cur ps:1023 
I/art     (12526): Background sticky concurrent mark sweep GC freed 245506(10MB) AllocSpace objects, 37(720KB) LOS objects, 37% free, 13MB/21MB, paused 2.143ms total 166.113ms
E/PSD     (  343): prox near, cur ps:1023 
E/PSD     (  343): prox near, cur ps:1023 
E/PSD     (  343): prox near, cur ps:1023 
E/PSD     (  343): prox near, cur ps:1023 
E/PSD     (  343): prox near, cur ps:1023 
E/PSD     (  343): prox near, cur ps:1023 
E/PSD     (  343): prox near, cur ps:1023 
E/PSD     (  343): prox near, cur ps:1023 
E/PSD     (  343): prox near, cur ps:1023 
E/PSD     (  343): prox near, cur ps:1023 
E/PSD     (  343): prox near, cur ps:1023 
E/PSD     (  343): prox near, cur ps:1023 
I/Icing   (19943): Indexing 34E6232F5917666096C9A546E7AC761DBF17768E from com.google.android.gms
I/Icing   (19943): Indexing done 34E6232F5917666096C9A546E7AC761DBF17768E
D/PowerManagerService(  907): acquire PROXIMITY_SCREEN_OFF_WAKE_LOCK from com.android.incallui
E/PSD     (  343): prox near, cur ps:1023 
E/PSD     (  343): prox near, cur ps:1023 
E/PSD     (  343): prox near, cur ps:1023 
E/PSD     (  343): prox near, cur ps:1023 
D/TelephonyProvider( 1706): simId = 0
D/TelephonyProvider( 1706): simId = 0
D/PhoneInterfaceManager( 1706): [PhoneIntfMgr] getDataEnabled: subId=1 phoneId=0
D/PhoneInterfaceManager( 1706): [PhoneIntfMgr] getDataEnabled: subId=1 retVal=false
D/PhoneInterfaceManager( 1706): [PhoneIntfMgr] getDataEnabled: subId=1 phoneId=0
D/PhoneInterfaceManager( 1706): [PhoneIntfMgr] getDataEnabled: subId=1 retVal=false
E/PSD     (  343): prox near, cur ps:1023 
E/PSD     (  343): prox near, cur ps:1023 
E/PSD     (  343): prox near, cur ps:1023 
E/PSD     (  343): prox near, cur ps:1023 
E/PSD     (  343): prox near, cur ps:1023 
E/PSD     (  343): prox near, cur ps:1023 
E/PSD     (  343): prox near, cur ps:1023 
E/PSD     (  343): prox near, cur ps:1023 
E/PSD     (  343): prox near, cur ps:1023 
E/PSD     (  343): prox near, cur ps:1023 
E/PSD     (  343): prox near, cur ps:1023 
E/PSD     (  343): prox near, cur ps:1023 
E/PSD     (  343): prox near, cur ps:1023 
E/PSD     (  343): prox near, cur ps:1023 
E/PSD     (  343): prox near, cur ps:1023 
E/PSD     (  343): prox near, cur ps:1023 
E/PSD     (  343): prox near, cur ps:1023 
E/PSD     (  343): prox near, cur ps:1023 
E/PSD     (  343): prox near, cur ps:1023 
E/PSD     (  343): prox near, cur ps:1023 
E/PSD     (  343): prox near, cur ps:1023 
E/PSD     (  343): prox near, cur ps:1023 
E/PSD     (  343): prox near, cur ps:1023 
E/PSD     (  343): prox near, cur ps:1023 
E/PSD     (  343): prox near, cur ps:1023 
E/PSD     (  343): prox near, cur ps:1023 
E/PSD     (  343): prox near, cur ps:1023 
E/PSD     (  343): prox near, cur ps:1023 
E/PSD     (  343): prox near, cur ps:1023 
E/PSD     (  343): prox near, cur ps:1023 
E/PSD     (  343): prox near, cur ps:1023 
E/PSD     (  343): prox near, cur ps:1023 
E/PSD     (  343): prox near, cur ps:1023 
E/PSD     (  343): prox near, cur ps:1023 
E/PSD     (  343): prox near, cur ps:1023 
E/PSD     (  343): prox near, cur ps:1023 
E/PSD     (  343): prox near, cur ps:1023 
E/PSD     (  343): prox near, cur ps:1023 
E/PSD     (  343): prox near, cur ps:1023 
E/PSD     (  343): prox near, cur ps:1023 
E/PSD     (  343): prox near, cur ps:1023 
E/PSD     (  343): prox near, cur ps:1023 
E/PSD     (  343): prox near, cur ps:1023 
E/PSD     (  343): prox near, cur ps:1023 
E/PSD     (  343): prox near, cur ps:1023 
E/PSD     (  343): prox near, cur ps:1023 
E/PSD     (  343): prox near, cur ps:1023 
E/PSD     (  343): prox near, cur ps:1023 
E/PSD     (  343): prox near, cur ps:1023 
E/PSD     (  343): prox near, cur ps:1023 
E/PSD     (  343): prox near, cur ps:1023 
E/PSD     (  343): prox near, cur ps:1023 
E/PSD     (  343): prox near, cur ps:1023 
E/PSD     (  343): prox near, cur ps:1023 
E/PSD     (  343): prox near, cur ps:1023 
D/audio_hw_extn(  314): audio_extn_get_parameters: returns 
I/str_params(  314): key: 'all_call_states' value: ''
D/audio_hw_extn(  314): audio_extn_get_parameters: returns 
I/str_params(  314): key: 'all_call_states' value: ''
D/audio_hw_extn(  314): audio_extn_get_parameters: returns 
I/str_params(  314): key: 'all_call_states' value: ''
D/PowerManagerService(  907): acquire PROXIMITY_SCREEN_OFF_WAKE_LOCK from com.android.incallui
D/CallNotifier( 1706): setKeyForAudioChannelExp......
V/SRS_Proc(  314): ParamSet string: CallOperatorRegion=operator_bd_enable
D/audio_hw_primary(  314): adev_set_parameters: enter: CallOperatorRegion=operator_bd_enable
D/audio_hw_primary(  314): adev_set_parameters, forusemic = &h<
D/audio_hw_primary(  314): adev_set_parameters, echo_value = @
D/audio_hw_primary(  314): adev_set_parameters, SingleMicTest: mic_test = @
V/audio_hw_primary(  314): adev_set_parameters: exit with code(0)
D/PowerManagerService(  907): acquire PROXIMITY_SCREEN_OFF_WAKE_LOCK from com.android.incallui
E/PSD     (  343): prox near, cur ps:1023 
E/PSD     (  343): prox near, cur ps:1023 
E/PSD     (  343): prox near, cur ps:1023 
E/PSD     (  343): prox near, cur ps:1023 
E/PSD     (  343): prox near, cur ps:1023 
E/PSD     (  343): prox near, cur ps:1023 
E/PSD     (  343): prox near, cur ps:1023 
E/PSD     (  343): prox near, cur ps:1023 
E/PSD     (  343): prox near, cur ps:1023 
E/PSD     (  343): prox near, cur ps:1023 
E/PSD     (  343): prox near, cur ps:1023 
E/PSD     (  343): prox near, cur ps:1023 
E/PSD     (  343): prox near, cur ps:1023 
E/PSD     (  343): prox near, cur ps:1023 
E/PSD     (  343): prox near, cur ps:1023 
E/PSD     (  343): prox near, cur ps:1023 
E/PSD     (  343): prox near, cur ps:1023 
E/PSD     (  343): prox near, cur ps:1023 
E/PSD     (  343): prox near, cur ps:1023 
E/PSD     (  343): prox near, cur ps:1023 
E/PSD     (  343): prox near, cur ps:1023 
E/PSD     (  343): prox near, cur ps:1023 
E/PSD     (  343): prox near, cur ps:1023 
E/PSD     (  343): prox near, cur ps:1023 
E/PSD     (  343): prox near, cur ps:1023 
E/PSD     (  343): prox near, cur ps:1023 
E/PSD     (  343): prox near, cur ps:1023 
E/PSD     (  343): prox near, cur ps:1023 
E/PSD     (  343): prox near, cur ps:1023 
E/PSD     (  343): prox near, cur ps:1023 
E/PSD     (  343): prox near, cur ps:1023 
E/PSD     (  343): prox near, cur ps:1023 
E/PSD     (  343): prox near, cur ps:1023 
E/PSD     (  343): prox near, cur ps:1023 
E/PSD     (  343): prox near, cur ps:1023 
E/PSD     (  343): prox near, cur ps:1023 
E/PSD     (  343): prox near, cur ps:1023 
E/PSD     (  343): prox near, cur ps:1023 
E/PSD     (  343): prox near, cur ps:1023 
E/PSD     (  343): prox near, cur ps:679 
E/PSD     (  343): prox near, cur ps:679 
E/PSD     (  343): prox near, cur ps:264 
E/PSD     (  343): prox near, cur ps:264 
E/PSD     (  343): prox near, cur ps:153 
E/PSD     (  343): prox near, cur ps:153 
E/PSD     (  343): prox near, cur ps:142 
E/PSD     (  343): prox near, cur ps:142 
E/PSD     (  343): prox near, cur ps:162 
E/PSD     (  343): prox near, cur ps:163 
E/PSD     (  343): prox near, cur ps:163 
E/PSD     (  343): prox near, cur ps:162 
E/PSD     (  343): prox near, cur ps:162 
E/PSD     (  343): prox near, cur ps:182 
E/PSD     (  343): prox near, cur ps:182 
E/PSD     (  343): prox near, cur ps:207 
E/PSD     (  343): prox near, cur ps:207 
E/PSD     (  343): prox near, cur ps:219 
E/PSD     (  343): prox near, cur ps:219 
V/AlarmManager(  907): Triggering alarm #0: Alarm{156c198 type 2 when 340846822 android com.android.server.task.controllers.BatteryController.ACTION_CHARGING_STABLE}
D/PowerManagerService(  907): acquire PROXIMITY_SCREEN_OFF_WAKE_LOCK from com.android.incallui
E/PSD     (  343): prox near, cur ps:249 
I/ActivityManager(  907): Start proc 24108:com.truecaller/u0a113 for service com.truecaller/.common.background.NativeScheduler
D/ActivityManager(  907):  (1) delay start com.truecaller startResult.usingWrapper false
D/PowerManagerService(  907): acquire PROXIMITY_SCREEN_OFF_WAKE_LOCK from com.android.incallui
E/PSD     (  343): prox near, cur ps:249 
E/PSD     (  343): prox near, cur ps:251 
E/PSD     (  343): prox near, cur ps:251 
E/PSD     (  343): prox near, cur ps:274 
I/MultiDex(24108): VM with version 2.1.0 has multidex support
I/MultiDex(24108): install
I/MultiDex(24108): VM has multidex support, MultiDex support library is disabled.
E/PSD     (  343): prox near, cur ps:304 
D/FirebaseApp(24108): com.google.firebase.auth.FirebaseAuth is not linked. Skipping initialization.
E/PSD     (  343): prox near, cur ps:304 
D/FirebaseApp(24108): com.google.firebase.crash.FirebaseCrash is not linked. Skipping initialization.
I/FA      (24108): App measurement is starting up, version: 9452
I/FA      (24108): To enable debug logging run: adb shell setprop log.tag.FA VERBOSE
E/PSD     (  343): prox near, cur ps:317 
I/FirebaseInitProvider(24108): FirebaseApp initialization successful
E/PSD     (  343): prox near, cur ps:317 
E/PSD     (  343): prox near, cur ps:310 
E/PSD     (  343): prox near, cur ps:310 
E/PSD     (  343): prox near, cur ps:305 
I/CrashlyticsCore(24108): Initializing Crashlytics 2.3.11.142
E/PSD     (  343): prox near, cur ps:305 
E/PSD     (  343): prox near, cur ps:320 
E/PSD     (  343): prox near, cur ps:307 
W/Settings(24108): Setting airplane_mode_on has moved from android.provider.Settings.System to android.provider.Settings.Global, returning read-only value.
E/PSD     (  343): prox near, cur ps:307 
D/PowerManagerService(  907): acquire PROXIMITY_SCREEN_OFF_WAKE_LOCK from com.android.incallui
E/PSD     (  343): prox near, cur ps:310 
E/PSD     (  343): prox near, cur ps:310 
D/PowerManagerService(  907): acquire PROXIMITY_SCREEN_OFF_WAKE_LOCK from com.android.incallui
V/AlarmManager(  907): Triggering alarm #0: Alarm{7c2910d type 3 when 340847906 android android.content.jobscheduler.JOB_DELAY_EXPIRED}
E/PSD     (  343): prox near, cur ps:302 
D/audio_hw_extn(  314): audio_extn_get_parameters: returns 
I/str_params(  314): key: 'all_call_states' value: ''
D/audio_hw_extn(  314): audio_extn_get_parameters: returns 
I/str_params(  314): key: 'all_call_states' value: ''
D/audio_hw_extn(  314): audio_extn_get_parameters: returns 
I/str_params(  314): key: 'all_call_states' value: ''
D/CallNotifier( 1706): setKeyForAudioChannelExp......
V/SRS_Proc(  314): ParamSet string: CallOperatorRegion=operator_bd_enable
D/audio_hw_primary(  314): adev_set_parameters: enter: CallOperatorRegion=operator_bd_enable
D/audio_hw_primary(  314): adev_set_parameters, forusemic = &F
D/audio_hw_primary(  314): adev_set_parameters, echo_value = 
D/audio_hw_primary(  314): adev_set_parameters, SingleMicTest: mic_test = @
V/audio_hw_primary(  314): adev_set_parameters: exit with code(0)
D/PowerManagerService(  907): acquire PROXIMITY_SCREEN_OFF_WAKE_LOCK from com.android.incallui
D/PowerManagerService(  907): acquire PROXIMITY_SCREEN_OFF_WAKE_LOCK from com.android.incallui
D/PowerManagerService(  907): acquire PROXIMITY_SCREEN_OFF_WAKE_LOCK from com.android.incallui
D/TelecomFramework( 1706): GsmConnection: setState: STATE_ACTIVE
E/PSD     (  343): prox near, cur ps:302 
V/TelecomFramework( 1706): ConnectionServiceAdapter: setConferenceableConnections: ConnectionService@164, []
D/TelecomFramework( 1706): : Adapter set state ConnectionService@164 STATE_ACTIVE
D/TelecomFramework( 1706): : capabilities: parcelableconnection: [Capabilities: CAPABILITY_HOLD CAPABILITY_SUPPORT_HOLD CAPABILITY_MUTE]
D/TelecomFramework(23956): InCallServiceBinder: IInCallService-->updateCall callId = InCall@163
D/TelecomFramework(23956): : IInCallService-->handleMessage>> msg.what = 3
D/TelecomFramework(23956): Call: internalUpdate callid = InCall@163
W/System.err(  907): android.provider.Settings$SettingNotFoundException: oppo_leather_mode_enabled
D/TelecomFramework(23956): Call: internalUpdate fireStateChanged 
W/System.err(  907): 	at android.provider.Settings$System.getIntForUser(Settings.java:1453)
W/System.err(  907): 	at android.provider.Settings$System.getInt(Settings.java:1443)
W/System.err(  907): 	at com.android.server.telecom.ColorTelecomUtils.isLeatherModeEnabled(ColorTelecomUtils.java:749)
W/System.err(  907): 	at com.android.server.telecom.ColorTelecomUtils.sendCallActiveBroadCast(ColorTelecomUtils.java:736)
W/System.err(  907): 	at com.android.server.telecom.PhoneStateBroadcaster.onCallStateChanged(PhoneStateBroadcaster.java:58)
W/System.err(  907): 	at com.android.server.telecom.CallsManager.setCallState(CallsManager.java:1523)
W/System.err(  907): 	at com.android.server.telecom.CallsManager.markCallAsActive(CallsManager.java:1024)
I/InCall  (23956): ColorCallList - onUpdate - sub:2 mSubId:2
W/System.err(  907): 	at com.android.server.telecom.ConnectionServiceWrapper$1.handleMessage(ConnectionServiceWrapper.java:113)
W/System.err(  907): 	at android.os.Handler.dispatchMessage(Handler.java:102)
W/System.err(  907): 	at android.os.Looper.loop(Looper.java:159)
W/System.err(  907): 	at com.android.server.SystemServer.run(SystemServer.java:342)
W/System.err(  907): 	at com.android.server.SystemServer.main(SystemServer.java:243)
W/System.err(  907): 	at java.lang.reflect.Method.invoke(Native Method)
W/System.err(  907): 	at java.lang.reflect.Method.invoke(Method.java:372)
W/System.err(  907): 	at com.android.internal.os.ZygoteInit$MethodAndArgsCaller.run(ZygoteInit.java:964)
W/System.err(  907): 	at com.android.internal.os.ZygoteInit.main(ZygoteInit.java:759)
D/audio_hw_primary(  314): adev_set_mic_mute state 1
V/msm8916_platform(  314): Setting voice mute state: 1
I/InCall  (23956): StatusBarNotifier - Will show "hang-up" action in the ongoing active call Notification
D/TelecomFramework(23956): InCallServiceBinder: IInCallService-->updateCall callId = InCall@163
I/Telecom (  907): CallsManager: setCallState DIALING -> ACTIVE, call: [10828566, DIALING, com.android.phone/com.android.services.telephony.TelephonyConnectionService, *************, 0, childs(0), has_parent(false), [[Capabilities: CAPABILITY_SUPPORT_HOLD CAPABILITY_MUTE]], true, ComponentInfo{com.android.phone/com.android.services.telephony.TelephonyConnectionService}, 2, UserHandle{0} 0]
I/Telecom (  907): CallAudioManager: updateAudioStreamAndMode, mIsRinging: false, mIsTonePlaying: false
D/PowerManagerService(  907): acquire PROXIMITY_SCREEN_OFF_WAKE_LOCK from com.android.incallui
D/PowerManagerService(  907): acquire PROXIMITY_SCREEN_OFF_WAKE_LOCK from com.android.incallui
D/PowerManagerService(  907): acquire PROXIMITY_SCREEN_OFF_WAKE_LOCK from com.android.incallui
I/Telecom (  907): InCallController: onCanAddCallChanged : true
I/Telecom (  907): CallsManager:  entered manageMSimInCallTones 
D/TelecomFramework(23956): InCallServiceBinder: IInCallService-->onCanAddCallChanged canAddCall = true
D/TelecomFramework(23956): InCallServiceBinder: IInCallService-->updateCall callId = InCall@163
E/PSD     (  343): prox near, cur ps:301 
D/PowerManagerService(  907): acquire PROXIMITY_SCREEN_OFF_WAKE_LOCK from com.android.incallui
D/TelephonyProvider( 1706): simId = 0
D/TelephonyProvider( 1706): simId = 0
D/TelephonyProvider( 1706): simId = 0
D/TelephonyProvider( 1706): simId = 0
I/InCall  (23956): OppoCallCardFragment - photo is NULL!!!
E/PSD     (  343): prox near, cur ps:301 
D/PowerManagerService(  907): acquire PROXIMITY_SCREEN_OFF_WAKE_LOCK from com.android.incallui
D/PowerManagerService(  907): acquire PROXIMITY_SCREEN_OFF_WAKE_LOCK from com.android.incallui
D/PowerManagerService(  907): acquire PROXIMITY_SCREEN_OFF_WAKE_LOCK from com.android.incallui
D/PowerManagerService(  907): acquire PROXIMITY_SCREEN_OFF_WAKE_LOCK from com.android.incallui
D/PowerManagerService(  907): acquire PROXIMITY_SCREEN_OFF_WAKE_LOCK from com.android.incallui
D/TelephonyProvider( 1706): simId = 0
E/PhoneStatusBar( 1238): updateNotificationTitleText  preIsInsidePanelCanSlide =true,misInsidePanelCanSlide = true,misInsidePanelOpen = false
D/PowerManagerService(  907): acquire PROXIMITY_SCREEN_OFF_WAKE_LOCK from com.android.incallui
D/TelephonyProvider( 1706): simId = 0
D/TelephonyProvider( 1706): simId = 0
D/TelephonyProvider( 1706): simId = 0
V/AlarmManager(  907): Triggering alarm #0: Alarm{2eb3f841 type 3 when 340848165 android android.content.jobscheduler.JOB_DELAY_EXPIRED}
I/InCall  (23956): OppoCallCardFragment - photo is NULL!!!
E/PSD     (  343): prox near, cur ps:300 
D/PowerManagerService(  907): acquire PROXIMITY_SCREEN_OFF_WAKE_LOCK from com.android.incallui
D/TelephonyProvider( 1706): simId = 0
D/TelephonyProvider( 1706): simId = 0
D/TelephonyProvider( 1706): simId = 0
D/TelephonyProvider( 1706): simId = 0
D/PowerManagerService(  907): acquire PROXIMITY_SCREEN_OFF_WAKE_LOCK from com.android.incallui
D/PowerManagerService(  907): acquire PROXIMITY_SCREEN_OFF_WAKE_LOCK from com.android.incallui
I/InCall  (23956): OppoCallCardFragment - photo is NULL!!!
I/InCall  (23956): OppoCallButtonFragment - setVisible on = true
I/InCall  (23956): OppoCallButtonFragment - updateAudioButtons ... bluetoothSupported = false  speakerSupported = true
I/InCall  (23956): OppoCallButtonFragment - updateAudioButtons ...not support bluetooth
D/TelecomFramework(23956): Call: internalUpdate fireStateChanged end...
D/TelecomFramework(23956): Call: internalUpdate end
D/TelecomFramework(23956): : IInCallService-->handleMessage>> msg.what = 3
D/TelecomFramework(23956): Call: internalUpdate callid = InCall@163
D/TelecomFramework(23956): Call: internalUpdate fireStateChanged 
I/InCall  (23956): ColorCallList - onUpdate - sub:2 mSubId:2
E/PSD     (  343): prox near, cur ps:300 
I/InCall  (23956): StatusBarNotifier - Will show "hang-up" action in the ongoing active call Notification
D/c       (24108): Finding badger
D/c       (24108): Current badger:me.leolin.shortcutbadger.impl.DefaultBadger
D/TelephonyProvider( 1706): simId = 0
D/TelephonyProvider( 1706): simId = 0
E/PSD     (  343): prox near, cur ps:299 
D/TelephonyProvider( 1706): simId = 0
D/TelephonyProvider( 1706): simId = 0
D/PowerManagerService(  907): acquire PROXIMITY_SCREEN_OFF_WAKE_LOCK from com.android.incallui
I/InCall  (23956): OppoCallCardFragment - photo is NULL!!!
D/TelephonyProvider( 1706): simId = 0
D/TelephonyProvider( 1706): simId = 0
D/TelephonyProvider( 1706): simId = 0
E/PSD     (  343): prox near, cur ps:311 
D/TelephonyProvider( 1706): simId = 0
I/InCall  (23956): OppoCallCardFragment - photo is NULL!!!
D/PowerManagerService(  907): acquire PROXIMITY_SCREEN_OFF_WAKE_LOCK from com.android.incallui
D/TelephonyProvider( 1706): simId = 0
D/TelephonyProvider( 1706): simId = 0
E/PSD     (  343): prox near, cur ps:311 
D/TelephonyProvider( 1706): simId = 0
D/TelephonyProvider( 1706): simId = 0
I/InCall  (23956): OppoCallCardFragment - photo is NULL!!!
I/InCall  (23956): OppoCallButtonFragment - setVisible on = true
I/InCall  (23956): OppoCallButtonFragment - updateAudioButtons ... bluetoothSupported = false  speakerSupported = true
I/InCall  (23956): OppoCallButtonFragment - updateAudioButtons ...not support bluetooth
I/InCall  (23956): OppoAutoRedial - info:endRedialTask mIsInAutoRedial =false
D/TelecomFramework(23956): Call: internalUpdate fireStateChanged end...
D/TelecomFramework(23956): Call: internalUpdate end
D/TelecomFramework(23956): : IInCallService-->handleMessage>> msg.what = 7
D/TelecomFramework(23956): : IInCallService-->handleMessage>> msg.what = 3
D/TelecomFramework(23956): Call: internalUpdate callid = InCall@163
D/TelecomFramework(23956): Call: internalUpdate fireStateChanged 
I/InCall  (23956): ColorCallList - onUpdate - sub:2 mSubId:2
I/InCall  (23956): StatusBarNotifier - Will show "hang-up" action in the ongoing active call Notification
E/PSD     (  343): prox near, cur ps:366 
I/art     (  907): Background sticky concurrent mark sweep GC freed 117778(11MB) AllocSpace objects, 19(304KB) LOS objects, 19% free, 32MB/40MB, paused 22.920ms total 130.962ms
D/TelephonyProvider( 1706): simId = 0
D/TelephonyProvider( 1706): simId = 0
E/PSD     (  343): prox near, cur ps:366 
D/TelephonyProvider( 1706): simId = 0
D/TelephonyProvider( 1706): simId = 0
D/audio_hw_primary(  314): adev_set_mic_mute state 0
V/msm8916_platform(  314): Setting voice mute state: 0
D/PowerManagerService(  907): acquire PROXIMITY_SCREEN_OFF_WAKE_LOCK from com.android.incallui
D/PowerManagerService(  907): acquire PROXIMITY_SCREEN_OFF_WAKE_LOCK from com.android.incallui
I/InCall  (23956): OppoCallCardFragment - photo is NULL!!!
E/PhoneStatusBar( 1238): updateNotificationTitleText  preIsInsidePanelCanSlide =true,misInsidePanelCanSlide = true,misInsidePanelOpen = false
D/TelephonyProvider( 1706): simId = 0
D/TelephonyProvider( 1706): simId = 0
E/PSD     (  343): prox near, cur ps:513 
E/PhoneStatusBar( 1238): updateNotificationTitleText  preIsInsidePanelCanSlide =true,misInsidePanelCanSlide = true,misInsidePanelOpen = false
D/TelephonyProvider( 1706): simId = 0
D/TelephonyProvider( 1706): simId = 0
I/InCall  (23956): OppoCallCardFragment - photo is NULL!!!
D/TelephonyProvider( 1706): simId = 0
D/TelephonyProvider( 1706): simId = 0
D/TelephonyProvider( 1706): simId = 0
D/TelephonyProvider( 1706): simId = 0
E/PSD     (  343): prox near, cur ps:513 
I/InCall  (23956): OppoCallCardFragment - photo is NULL!!!
I/InCall  (23956): OppoCallButtonFragment - setVisible on = true
I/InCall  (23956): OppoCallButtonFragment - updateAudioButtons ... bluetoothSupported = false  speakerSupported = true
I/InCall  (23956): OppoCallButtonFragment - updateAudioButtons ...not support bluetooth
I/InCall  (23956): OppoAutoRedial - info:endRedialTask mIsInAutoRedial =false
D/TelecomFramework(23956): Call: internalUpdate fireStateChanged end...
D/TelecomFramework(23956): Call: internalUpdate end
I/Choreographer(23956): Skipped 32 frames!  The application may be doing too much work on its main thread.
E/PSD     (  343): prox near, cur ps:757 
E/PSD     (  343): prox near, cur ps:757 
E/PSD     (  343): prox near, cur ps:1023 
E/PSD     (  343): prox near, cur ps:1023 
E/PSD     (  343): prox near, cur ps:1023 
E/PSD     (  343): prox near, cur ps:1023 
E/PSD     (  343): prox near, cur ps:1023 
E/PSD     (  343): prox near, cur ps:1023 
E/PSD     (  343): prox near, cur ps:1023 
E/PSD     (  343): prox near, cur ps:1023 
E/PSD     (  343): prox near, cur ps:1023 
E/PSD     (  343): prox near, cur ps:1023 
E/PSD     (  343): prox near, cur ps:1023 
E/PSD     (  343): prox near, cur ps:1023 
E/PSD     (  343): prox near, cur ps:1023 
E/PSD     (  343): prox near, cur ps:1023 
E/PSD     (  343): prox near, cur ps:1023 
E/PSD     (  343): prox near, cur ps:1023 
E/PSD     (  343): prox near, cur ps:1023 
E/PSD     (  343): prox near, cur ps:1023 
E/PSD     (  343): prox near, cur ps:1023 
E/PSD     (  343): prox near, cur ps:1023 
E/PSD     (  343): prox near, cur ps:1023 
E/PSD     (  343): prox near, cur ps:1023 
E/PSD     (  343): prox near, cur ps:1023 
E/PSD     (  343): prox near, cur ps:1023 
E/PSD     (  343): prox near, cur ps:1023 
E/PSD     (  343): prox near, cur ps:1023 
E/PSD     (  343): prox near, cur ps:1023 
E/GpsXtraDownloader(  907): No XTRA servers were specified in the GPS configuration
D/PowerManagerService(  907): acquire PROXIMITY_SCREEN_OFF_WAKE_LOCK from com.android.incallui
D/PowerManagerService(  907): acquire PROXIMITY_SCREEN_OFF_WAKE_LOCK from com.android.incallui
E/PSD     (  343): prox near, cur ps:1023 
E/PSD     (  343): prox near, cur ps:1023 
E/PSD     (  343): prox near, cur ps:1023 
E/PSD     (  343): prox near, cur ps:1023 
E/PSD     (  343): prox near, cur ps:1023 
E/PSD     (  343): prox near, cur ps:1023 
E/PSD     (  343): prox near, cur ps:1023 
E/PSD     (  343): prox near, cur ps:1023 
E/PSD     (  343): prox near, cur ps:1023 
E/PSD     (  343): prox near, cur ps:772 
E/PSD     (  343): prox near, cur ps:619 
E/PSD     (  343): prox near, cur ps:619 
E/PSD     (  343): prox near, cur ps:157 
E/PSD     (  343): prox near, cur ps:157 
E/PSD     (  343): prox near, cur ps:40 
E/PSD     (  343): prox near, cur ps:40 
I/QTI PowerHAL(  907): Got set_interactive hint
D/SurfaceFlinger(  260): Set power mode=2, type=0 flinger=0xb7d78b68
D/qdhwcomposer(  260): hwc_setPowerMode: Setting mode 2 on display: 0
I/DisplayPowerController(  907): useProximityForceSuspend = true
I/DisplayPowerController(  907): mProximity = Negative
I/PowerManagerService(  907): onProximityNegativeForceSuspend
I/PowerManagerService(  907): Waking up from sleep (uid 1000)...
D/PowerManagerService(  907): acquire PROXIMITY_SCREEN_OFF_WAKE_LOCK from com.android.incallui
I/DisplayPowerController(  907): useProximityForceSuspend = true
I/DisplayPowerController(  907): Blocking screen on until initial contents have been drawn.
I/DisplayManagerService(  907): Display device changed: DisplayDeviceInfo{"Built-in screen": uniqueId="local:0", 540 x 960, 60.0 fps, supportedRefreshRates [60.0], density 240, 221.225 x 221.672 dpi, appVsyncOff 0, presDeadline 17666667, touch INTERNAL, rotation 0, type BUILT_IN, state ON, FLAG_DEFAULT_DISPLAY, FLAG_ROTATES_WITH_CONTENT, FLAG_SECURE, FLAG_SUPPORTS_PROTECTED_BUFFERS}
D/PowerManagerService(  907): acquire PROXIMITY_SCREEN_OFF_WAKE_LOCK from com.android.incallui
D/PowerManagerService(  907): acquire PROXIMITY_SCREEN_OFF_WAKE_LOCK from com.android.incallui
D/PowerManagerService(  907): acquire PROXIMITY_SCREEN_OFF_WAKE_LOCK from com.android.incallui
V/KeyguardServiceDelegate(  907): onScreenTurnedOn(showListener = com.android.internal.policy.impl.PhoneWindowManager$2@5f17011)
V/KeyguardServiceDelegate(  907): onScreenTurnedOn mKeyguardState.screenIsOn = true
D/KeyguardViewMediator(23184): >>>>>>>>>>>>>>>>>>>onScreenTurnedOn begin>>>>>>>>>>>>>>>>>>>>>>>>>
D/KeyguardViewMediator(23184): onScreenTurnedOn, begin ---- callback = com.android.internal.policy.IKeyguardShowCallback$Stub$Proxy@22f75d31
D/KeyguardViewMediator(23184): onScreenTurnedOn, begin ---- mSystemReady = true
D/KeyguardViewMediator(23184): onScreenTurnedOn, notifyScreenOnLocked
I/KeyguardViewManager(23184): onScreenTurnedOn mKeyguardView = null, callback.onShown
D/KeyguardViewMediator(23184): ColorViewMediatorCallback:onSystemScreenOn,mFingerprintMatched=false
V/KeyguardServiceDelegate(  907): **** SHOWN CALLED ****
I/KeyguardServiceDelegate(  907): onShown Real invoke
E/FingerprintUnlock(23184): com.coloros.fingerprint, not found
D/PowerManagerService(  907): acquire PROXIMITY_SCREEN_OFF_WAKE_LOCK from com.android.incallui
V/ActivityManager(  907): Display changed displayId=0
D/PowerManagerService(  907): acquire PROXIMITY_SCREEN_OFF_WAKE_LOCK from com.android.incallui
D/PowerManagerService(  907): acquire PROXIMITY_SCREEN_OFF_WAKE_LOCK from com.android.incallui
D/PowerManagerService(  907): acquire PROXIMITY_SCREEN_OFF_WAKE_LOCK from com.android.incallui
D/PowerManagerService(  907): acquire PROXIMITY_SCREEN_OFF_WAKE_LOCK from com.android.incallui
I/InCall  (23956): OppoInCallActivity - onResume()...
D/PowerManagerService(  907): acquire PROXIMITY_SCREEN_OFF_WAKE_LOCK from com.android.incallui
D/PowerManagerService(  907): acquire PROXIMITY_SCREEN_OFF_WAKE_LOCK from com.android.incallui
D/PowerManagerService(  907): acquire PROXIMITY_SCREEN_OFF_WAKE_LOCK from com.android.incallui
I/InCall  (23956): StatusBarNotifier - Will show "hang-up" action in the ongoing active call Notification
D/PowerManagerService(  907): acquire PROXIMITY_SCREEN_OFF_WAKE_LOCK from com.android.incallui
D/PowerManagerService(  907): acquire PROXIMITY_SCREEN_OFF_WAKE_LOCK from com.android.incallui
D/PowerManagerService(  907): acquire PROXIMITY_SCREEN_OFF_WAKE_LOCK from com.android.incallui
D/PowerManagerService(  907): acquire PROXIMITY_SCREEN_OFF_WAKE_LOCK from com.android.incallui
D/PowerManagerService(  907): acquire PROXIMITY_SCREEN_OFF_WAKE_LOCK from com.android.incallui
D/PowerManagerService(  907): acquire PROXIMITY_SCREEN_OFF_WAKE_LOCK from com.android.incallui
D/qdlights(  907): handle_speaker_battery_locked: battery locked!!!
D/PowerManagerService(  907): acquire PROXIMITY_SCREEN_OFF_WAKE_LOCK from com.android.incallui
D/PowerManagerService(  907): acquire PROXIMITY_SCREEN_OFF_WAKE_LOCK from com.android.incallui
I/DisplayPowerController(  907): Unblocked screen on after 110 ms
I/DisplayPowerController(  907): useProximityForceSuspend = true
D/WifiStateMachine(  907): handleScreenStateChanged: true
E/WifiStateMachine(  907): cancelDelayedScan -> 3470
V/SRS_Proc(  314): ParamSet string: screen_state=on
D/audio_hw_primary(  314): adev_set_parameters: enter: screen_state=on
D/audio_hw_primary(  314): adev_set_parameters, forusemic = hbh_
D/audio_hw_primary(  314): adev_set_parameters, echo_value = 8
D/audio_hw_primary(  314): adev_set_parameters, SingleMicTest: mic_test = i
V/audio_hw_primary(  314): adev_set_parameters: exit with code(0)
E/PhoneStatusBar( 1238): updateNotificationTitleText  preIsInsidePanelCanSlide =true,misInsidePanelCanSlide = true,misInsidePanelOpen = false
E/PhoneStatusBar( 1238): updateNotificationTitleText  preIsInsidePanelCanSlide =true,misInsidePanelCanSlide = true,misInsidePanelOpen = false
W/View    ( 1238): requestLayout() improperly called by StatusBarIconView(slot=com.oppo.usbselection/0x7d1 icon=StatusBarIcon(pkg=com.oppo.usbselectionuser=0 id=0x7f02000e level=0 visible=true num=0 ) notification=Notification(pri=2 contentView=com.oppo.usbselection/0x7f030005 vibrate=null sound=null defaults=0x0 flags=0x22 color=0x00000000 vis=PRIVATE)) during layout: running second layout pass
D/ColorServicesMonitor( 1744): cancel starting OppoAutoClearService!
D/ColorServicesMonitor( 1744): enableProximitySensor
D/ColorServicesMonitor( 1744): mProximityListener.onSensorChanged values[0]:5.0
D/ColorServicesMonitor( 1744): mProximityListener.onSensorChanged active: false
D/ColorServicesMonitor( 1744): mProximitySensorActive = false
D/ColorServicesMonitor( 1744): disableProximitySensor
D/PowerManagerService(  907): acquire PROXIMITY_SCREEN_OFF_WAKE_LOCK from com.android.incallui
D/BluetoothAdapter(12526): 740026798: getState() :  mService = null. Returning STATE_OFF
D/BluetoothAdapter(12526): 740026798: getState() :  mService = null. Returning STATE_OFF
I/NearbyDirect(12526): MagicPairScanner: BluetoothLeScanner is null, Bluetooth might be off. Enabled=false
D/PowerManagerService(  907): acquire PROXIMITY_SCREEN_OFF_WAKE_LOCK from com.android.incallui
D/RecentsServiceProxy( 1238): service : android.os.BinderProxy@34a7faed
D/TelephonyProvider( 1706): simId = 0
D/TelephonyProvider( 1706): simId = 0
D/PhoneInterfaceManager( 1706): [PhoneIntfMgr] getDataEnabled: subId=1 phoneId=0
D/PhoneInterfaceManager( 1706): [PhoneIntfMgr] getDataEnabled: subId=1 retVal=false
D/PhoneInterfaceManager( 1706): [PhoneIntfMgr] getDataEnabled: subId=1 phoneId=0
D/PhoneInterfaceManager( 1706): [PhoneIntfMgr] getDataEnabled: subId=1 retVal=false
E/PSD     (  343): set_ps_threshold: low_thd 82 high_thd 122  ps:2 crosstalk:0  state:1 
D/qdhwcomposer(  260): hwc_setPowerMode: Done setting mode 2 on display 0
D/SurfaceControl(  907): Excessive delay in setPowerMode(): 445ms
I/qdhwcomposer(  260): handle_blank_event: dpy:0 panel power state: 1
I/DisplayPowerController(  907): useProximityForceSuspend = true
E/native  (  907): do suspend false
E/PSD     (  343): set_ps_threshold: low_thd 83 high_thd 123  ps:3 crosstalk:0  state:1 
I/DisplayPowerController(  907): useProximityForceSuspend = true
I/DisplayPowerController(  907): useProximityForceSuspend = true
E/PSD     (  343): set_ps_threshold: low_thd 84 high_thd 124  ps:4 crosstalk:0  state:1 
E/InputReader(  907): ABS y overstep the boundary !!!
E/InputReader(  907): Device driver report y =1880, but max is 1750 
D/RecentsServiceProxy( 1238): service : android.os.BinderProxy@34a7faed
D/PowerManagerService(  907): acquire PROXIMITY_SCREEN_OFF_WAKE_LOCK from com.android.incallui
E/PSD     (  343): set_ps_threshold: low_thd 91 high_thd 131  ps:11 crosstalk:0  state:1 
D/PowerManagerService(  907): acquire PROXIMITY_SCREEN_OFF_WAKE_LOCK from com.android.incallui
D/RecentsServiceProxy( 1238): service : android.os.BinderProxy@34a7faed
D/RecentsServiceProxy( 1238): service : android.os.BinderProxy@34a7faed
D/PhoneInterfaceManager( 1706): [PhoneIntfMgr] getDataEnabled: subId=1 phoneId=0
D/PhoneInterfaceManager( 1706): [PhoneIntfMgr] getDataEnabled: subId=1 retVal=false
I/ActivityManager(  907): START u0 {act=android.intent.action.MAIN cat=[android.intent.category.HOME] flg=0x10200000 cmp=com.oppo.launcher/.Launcher} from uid 1000 and from pid 907 on display 0
E/InputLog(  907): WindowManager :  startDockOrHome ok
I/InCall  (23956): StatusBarNotifier - Will show "hang-up" action in the ongoing active call Notification
D/PowerManagerService(  907): acquire PROXIMITY_SCREEN_OFF_WAKE_LOCK from com.android.incallui
I/InCall  (23956): StatusBarNotifier - Will show "hang-up" action in the ongoing active call Notification
I/TelecomManager(23956): service colorInteractWithTelecomService which = 1
I/TelecomManager(23956): colorInteractWithTelecomService ret = null
V/AlarmManager(  907): Triggering alarm #0: Alarm{18400672 type 3 when 340853165 android android.content.jobscheduler.JOB_DEADLINE_EXPIRED}
I/Telecom (  907): TelecomService: service command  = 1
I/Telecom (  907): TelecomService: service command ret = null
V/ActivityManager(  907): Display changed displayId=0
V/WindowManager(  907): Changing focus from Window{26064987 u0 com.android.incallui/com.android.incallui.OppoInCallActivity} to null Callers=com.android.server.wm.WindowManagerService.relayoutWindow:3446 com.android.server.wm.Session.relayout:202 android.view.IWindowSession$Stub.onTransact:273 com.android.server.wm.Session.onTransact:130 
D/AppChangeReceiver(23852): receive:android.intent.action.OPPO_ROM_APP_CHANGE  nextPkg:com.oppo.launcher
D/PowerManagerService(  907): acquire PROXIMITY_SCREEN_OFF_WAKE_LOCK from com.android.incallui
I/PhoneStatusBar( 1238): position = 1, mNotificationIcons_height =27,width = 27, tempWidth = 27, mIconSize = 27
V/WindowManager(  907): Changing focus from null to Window{11b00fb4 u0 com.oppo.launcher/com.oppo.launcher.Launcher} Callers=com.android.server.wm.WindowManagerService.relayoutWindow:3446 com.android.server.wm.Session.relayout:202 android.view.IWindowSession$Stub.onTransact:273 com.android.server.wm.Session.onTransact:130 
I/Adreno-EGL( 1549): <qeglDrvAPI_eglInitialize:379>: EGL 1.4 QUALCOMM build: AU_LINUX_ANDROID_LA.BR.1.1.3.C8.05.01.00.115.092_msm8916_64_refs/tags/AU_LINUX_ANDROID_LA.BR.1.1.3.C8.05.01.00.115.092__release_AU (I6eddbfa548)
I/Adreno-EGL( 1549): OpenGL ES Shader Compiler Version: E031.25.03.04
I/Adreno-EGL( 1549): Build Date: 09/16/15 Wed
I/Adreno-EGL( 1549): Local Branch: 
I/Adreno-EGL( 1549): Remote Branch: refs/tags/AU_LINUX_ANDROID_LA.BR.1.1.3.C8.05.01.00.115.092
I/Adreno-EGL( 1549): Local Patches: NONE
I/Adreno-EGL( 1549): Reconstruct Branch: NOTHING
I/OpenGLRenderer( 1549): Initialized EGL, version 1.4
E/PhoneStatusBar( 1238): updateNotificationTitleText  preIsInsidePanelCanSlide =true,misInsidePanelCanSlide = true,misInsidePanelOpen = false
D/PowerManagerService(  907): acquire PROXIMITY_SCREEN_OFF_WAKE_LOCK from com.android.incallui
D/PowerManagerService(  907): acquire PROXIMITY_SCREEN_OFF_WAKE_LOCK from com.android.incallui
D/PowerManagerService(  907): acquire PROXIMITY_SCREEN_OFF_WAKE_LOCK from com.android.incallui
D/PowerManagerService(  907): acquire PROXIMITY_SCREEN_OFF_WAKE_LOCK from com.android.incallui
D/PowerManagerService(  907): acquire PROXIMITY_SCREEN_OFF_WAKE_LOCK from com.android.incallui
E/PhoneStatusBar( 1238): updateNotificationTitleText  preIsInsidePanelCanSlide =true,misInsidePanelCanSlide = true,misInsidePanelOpen = false
D/PowerManagerService(  907): acquire PROXIMITY_SCREEN_OFF_WAKE_LOCK from com.android.incallui
D/RecentsServiceProxy( 1238): service : android.os.BinderProxy@34a7faed
E/PSD     (  343): set_ps_threshold: low_thd 80 high_thd 120  ps:0 crosstalk:0  state:1 
E/PSD     (  343): set_ps_threshold: low_thd 81 high_thd 121  ps:1 crosstalk:0  state:1 
E/PSD     (  343): set_ps_threshold: low_thd 82 high_thd 122  ps:2 crosstalk:0  state:1 
D/OppoGuardElf(23852): BackgroundMemClearService clearCount: 1  availMem: 270790656
D/PowerManagerService(  907): acquire PROXIMITY_SCREEN_OFF_WAKE_LOCK from com.android.incallui
D/NetworkStatsRecorder(  907): recordSnapshotLocked.dev:snapshot size:2
D/NetworkStatsRecorder(  907): recordSnapshotLocked.xt:snapshot size:2
D/NetworkStatsRecorder(  907): recordSnapshotLocked.uid:snapshot size:266
D/NetworkStatsRecorder(  907): recordSnapshotLocked.uid_tag:snapshot size:266
D/PowerManagerService(  907): acquire PROXIMITY_SCREEN_OFF_WAKE_LOCK from com.android.incallui
E/PSD     (  343): set_ps_threshold: low_thd 84 high_thd 124  ps:4 crosstalk:0  state:1 
D/OppoGuardElf(23852): BackgroundMemClearService clear_num: 0  cost_time: 338
D/BluetoothAdapter(12526): 740026798: getState() :  mService = null. Returning STATE_OFF
D/BluetoothAdapter(12526): 740026798: getState() :  mService = null. Returning STATE_OFF
I/NearbyDirect(12526): MagicPairScanner: BluetoothLeScanner is null, Bluetooth might be off. Enabled=false
E/PSD     (  343): set_ps_threshold: low_thd 93 high_thd 133  ps:13 crosstalk:0  state:1 
E/PSD     (  343): set_ps_threshold: low_thd 53 high_thd 73  ps:13 crosstalk:0  state:0 
I/DisplayPowerController(  907): useProximityForceSuspend = true
I/DisplayPowerController(  907): mProximity = Positive
I/PowerManagerService(  907): onProximityPositiveForceSuspend
I/PowerManagerService(  907): Going to sleep due to proximity (uid 1000)...
V/KeyguardServiceDelegate(  907): onScreenTurnedOff(why = 4)
V/KeyguardServiceDelegate(  907): onScreenTurnedOff mKeyguardState.screenIsOn = false
D/PowerManagerService(  907): wakelock list dump: mLocks.size=1:
D/PowerManagerService(  907): acquire PROXIMITY_SCREEN_OFF_WAKE_LOCK from com.android.incallui
I/PowerManagerService(  907): Sleeping (uid 1000)...
D/PowerManagerService(  907): acquire PROXIMITY_SCREEN_OFF_WAKE_LOCK from com.android.incallui
I/DisplayPowerController(  907): useProximityForceSuspend = true
E/PSD     (  343): prox near, cur ps:84 
D/WifiStateMachine(  907): handleScreenStateChanged: false
E/WifiStateMachine(  907): cancelDelayedScan -> 3471
D/PowerManagerService(  907): acquire PROXIMITY_SCREEN_OFF_WAKE_LOCK from com.android.incallui
E/native  (  907): do suspend true
V/SRS_Proc(  314): ParamSet string: screen_state=off
D/audio_hw_primary(  314): adev_set_parameters: enter: screen_state=off
D/audio_hw_primary(  314): adev_set_parameters, forusemic = hbho
D/audio_hw_primary(  314): adev_set_parameters, echo_value = 8
D/audio_hw_primary(  314): adev_set_parameters, SingleMicTest: mic_test = i
V/audio_hw_primary(  314): adev_set_parameters: exit with code(0)
E/PSD     (  343): prox near, cur ps:24 
D/PowerManagerService(  907): acquire PROXIMITY_SCREEN_OFF_WAKE_LOCK from com.android.incallui
D/ColorServicesMonitor( 1744): start OppoAutoClearService in 10 minutes
D/RecentsServiceProxy( 1238): service : android.os.BinderProxy@34a7faed
D/PowerManagerService(  907): acquire PROXIMITY_SCREEN_OFF_WAKE_LOCK from com.android.incallui
D/BluetoothAdapter(12526): 740026798: getState() :  mService = null. Returning STATE_OFF
D/BluetoothAdapter(12526): 740026798: getState() :  mService = null. Returning STATE_OFF
I/NearbyDirect(12526): MagicPairScanner: BluetoothLeScanner is null, Bluetooth might be off. Enabled=false
D/PowerManagerService(  907): acquire PROXIMITY_SCREEN_OFF_WAKE_LOCK from com.android.incallui
E/PSD     (  343): prox near, cur ps:24 
I/Traffic_DataUsageService(23773): action=android.intent.action.SCREEN_OFF
I/Traffic_DataUsageService(23773): mIsNetworkCloseScreenOff=false, mIsNetworkCloseScreenOffSim2=false
D/PhoneInterfaceManager( 1706): [PhoneIntfMgr] getDataEnabled: subId=1 phoneId=0
D/PhoneInterfaceManager( 1706): [PhoneIntfMgr] getDataEnabled: subId=1 retVal=false
D/SurfaceFlinger(  260): Set power mode=0, type=0 flinger=0xb7d78b68
D/qdhwcomposer(  260): hwc_setPowerMode: Setting mode 0 on display: 0
I/DisplayPowerController(  907): useProximityForceSuspend = true
