I/TelecomManager(23883): service colorInteractWithTelecomService which = 1004
I/TelecomManager(23883): colorInteractWithTelecomService ret = null
I/Telecom (  907): TelecomService: service command  = 1004
I/Telecom (  907): TelecomService: service command ret = null
I/TelecomManager(23883): addNewOutgoingCall intent = Intent { act=android.intent.action.CALL_PRIVILEGED dat=tel:xxxxxxxxxxxxx flg=0x800000 cmp=com.android.server.telecom/.PrivilegedCallActivity (has extras) }
V/WindowManager(  907): Changing focus from Window{c09223e u0 com.android.server.telecom/com.android.server.telecom.PrivilegedCallActivity EXITING} to Window{3a3683ac u0 com.android.dialer/com.android.dialer.DialtactsActivity} Callers=com.android.server.wm.WindowManagerService.removeWindowLocked:2845 com.android.server.wm.WindowManagerService.removeWindowLocked:2775 com.android.server.wm.WindowManagerService.removeWindow:2765 com.android.server.wm.Session.remove:192 
W/InputMethodManagerService(  907): Window already focused, ignoring focus gain of: com.android.internal.view.IInputMethodClient$Stub$Proxy@1c71244a attribute=null, token = android.os.BinderProxy@e247d5f
I/Dialer_DialtactsActivity(23812): onResume
I/Dialer_DialtactsActivity(23812): onResume end
I/Telecom (  907): Call: setTargetPhoneAccount  ComponentInfo{com.android.phone/com.android.services.telephony.TelephonyConnectionService}, 2, UserHandle{0} 
I/ActivityManager(  907): START u0 {act=android.intent.action.MAIN flg=0x10840000 cmp=com.android.incallui/.OppoInCallActivity (has extras)} from uid 1000 and from pid 907 on display 0
V/WindowManager(  907): addAppToken: AppWindowToken{cf9166d token=Token{d188e84 ActivityRecord{275f0c97 u0 com.android.incallui/.OppoInCallActivity t490}}} to stack=1 task=490 at 0
I/Dialer_DialtactsActivity(23812): onPause
I/InCall  (23956): OppoInCallActivity - onCreate(): this is our very first launch, checking intent...
I/Telecom (  907): Call: CallerInfo received for *************: com.android.internal.telephony.CallerInfo@23b0f78f { name non-null, phoneNumber non-null }
D/TelephonyProvider( 1706): simId = 0
D/TelephonyProvider( 1706): simId = 0
D/TelephonyProvider( 1706): simId = 0
D/TelephonyProvider( 1706): simId = 0
I/InCall  (23956): OppoCallCardFragment - photo is NULL!!!
D/TelephonyProvider( 1706): simId = 0
D/TelephonyProvider( 1706): simId = 0
D/TelephonyProvider( 1706): simId = 0
D/TelephonyProvider( 1706): simId = 0
I/InCall  (23956): OppoCallCardFragment - photo is NULL!!!
I/InCall  (23956): OppoPhoneUtils - Input Call Number:+919844930512
I/InCall  (23956): OppoPhoneUtils - Output Call Number
D/TelephonyProvider( 1706): simId = 0
D/TelephonyProvider( 1706): simId = 0
D/TelephonyProvider( 1706): simId = 0
D/TelephonyProvider( 1706): simId = 0
I/InCall  (23956): OppoCallCardFragment - photo is NULL!!!
I/InCall  (23956): OppoCallButtonFragment - updateAudioButtons ... bluetoothSupported = false  speakerSupported = true
I/InCall  (23956): OppoCallButtonFragment - updateAudioButtons ...not support bluetooth
I/InCall  (23956): OppoCallButtonFragment - updateAudioButtons ... bluetoothSupported = false  speakerSupported = true
I/InCall  (23956): OppoCallButtonFragment - updateAudioButtons ...not support bluetooth
I/InCall  (23956): OppoCallButtonFragment - updateAudioButtons ... bluetoothSupported = false  speakerSupported = true
I/InCall  (23956): OppoCallButtonFragment - updateAudioButtons ...not support bluetooth
D/TelephonyProvider( 1706): simId = 0
D/TelephonyProvider( 1706): simId = 0
D/TelephonyProvider( 1706): simId = 0
D/TelephonyProvider( 1706): simId = 0
I/InCall  (23956): OppoCallCardFragment - photo is NULL!!!
D/TelephonyProvider( 1706): simId = 0
D/TelephonyProvider( 1706): simId = 0
D/PhoneInterfaceManager( 1706): [PhoneIntfMgr] getDataEnabled: subId=1 phoneId=0
D/PhoneInterfaceManager( 1706): [PhoneIntfMgr] getDataEnabled: subId=1 retVal=false
D/PhoneInterfaceManager( 1706): [PhoneIntfMgr] getDataEnabled: subId=1 phoneId=0
D/PhoneInterfaceManager( 1706): [PhoneIntfMgr] getDataEnabled: subId=1 retVal=false
D/TelephonyProvider( 1706): simId = 0
D/TelephonyProvider( 1706): simId = 0
D/TelephonyProvider( 1706): simId = 0
D/TelephonyProvider( 1706): simId = 0
I/InCall  (23956): OppoCallCardFragment - photo is NULL!!!
E/InCall  (23956): ColorTelecomAdapter - error mute, mPhone is null
I/InCall  (23956): OppoCallButtonFragment - setVisible on = true
I/InCall  (23956): OppoCallButtonFragment - updateAudioButtons ... bluetoothSupported = false  speakerSupported = true
I/InCall  (23956): OppoCallButtonFragment - updateAudioButtons ...not support bluetooth
I/InCall  (23956): OppoInCallActivity - onResume()...
V/WindowManager(  907): Adding window Window{26064987 u0 com.android.incallui/com.android.incallui.OppoInCallActivity} at 8 of 14 (after Window{3a3683ac u0 com.android.dialer/com.android.dialer.DialtactsActivity})
D/TelephonyProvider( 1706): simId = 0
D/TelephonyProvider( 1706): simId = 0
D/TelephonyProvider( 1706): simId = 0
D/TelephonyProvider( 1706): simId = 0
I/InCall  (23956): OppoCallCardFragment - photo is NULL!!!
D/TelephonyProvider( 1706): simId = 0
D/TelephonyProvider( 1706): simId = 0
D/TelephonyProvider( 1706): simId = 0
D/TelephonyProvider( 1706): simId = 0
I/InCall  (23956): OppoCallCardFragment - photo is NULL!!!
D/TelephonyProvider( 1706): simId = 0
D/TelephonyProvider( 1706): simId = 0
D/OppoMissedCallAlertReceiver(23883): onReceive : action = oppo.intent.action.CANCEL.MISSED.CALL.NOTIFICATIONS
D/TelephonyProvider( 1706): simId = 0
D/TelephonyProvider( 1706): simId = 0
I/InCall  (23956): OppoCallCardFragment - photo is NULL!!!
V/WindowManager(  907): Changing focus from Window{3a3683ac u0 com.android.dialer/com.android.dialer.DialtactsActivity} to Window{26064987 u0 com.android.incallui/com.android.incallui.OppoInCallActivity} Callers=com.android.server.wm.WindowManagerService.relayoutWindow:3446 com.android.server.wm.Session.relayout:202 android.view.IWindowSession$Stub.onTransact:273 com.android.server.wm.Session.onTransact:130 
I/Adreno-EGL(23956): <qeglDrvAPI_eglInitialize:379>: EGL 1.4 QUALCOMM build: AU_LINUX_ANDROID_LA.BR.1.1.3.C8.05.01.00.115.092_msm8916_64_refs/tags/AU_LINUX_ANDROID_LA.BR.1.1.3.C8.05.01.00.115.092__release_AU (I6eddbfa548)
I/Adreno-EGL(23956): OpenGL ES Shader Compiler Version: E031.25.03.04
I/Adreno-EGL(23956): Build Date: 09/16/15 Wed
I/Adreno-EGL(23956): Local Branch: 
I/Adreno-EGL(23956): Remote Branch: refs/tags/AU_LINUX_ANDROID_LA.BR.1.1.3.C8.05.01.00.115.092
I/Adreno-EGL(23956): Local Patches: NONE
I/Adreno-EGL(23956): Reconstruct Branch: NOTHING
I/OpenGLRenderer(23956): Initialized EGL, version 1.4
W/InputMethodManager(23812): startInputInner : InputBindResult == null need restart
W/InputMethodManagerService(  907): Starting input on non-focused client com.android.internal.view.IInputMethodClient$Stub$Proxy@19b82fdc (uid=10006 pid=23812)
D/RecentsServiceProxy( 1238): service : android.os.BinderProxy@34a7faed
V/RenderScript(23956): Application requested CPU execution
V/RenderScript(23956): 0xb7452f30 Launching thread(s), CPUs 4
W/WindowManager(  907): On display=0 Rebuild removed 9 windows but added 8
W/WindowManager(  907): java.lang.RuntimeException: here
W/WindowManager(  907): 	at com.android.server.wm.WindowManagerService.rebuildAppWindowListLocked(WindowManagerService.java:9155)
W/WindowManager(  907): 	at com.android.server.wm.WindowManagerService.rebuildAppWindowListLocked(WindowManagerService.java:9082)
W/WindowManager(  907): 	at com.android.server.wm.WindowManagerService.handleAppTransitionReadyLocked(WindowManagerService.java:9629)
W/WindowManager(  907): 	at com.android.server.wm.WindowManagerService.performLayoutAndPlaceSurfacesLockedInner(WindowManagerService.java:10529)
W/WindowManager(  907): 	at com.android.server.wm.WindowManagerService.performLayoutAndPlaceSurfacesLockedLoop(WindowManagerService.java:9333)
W/WindowManager(  907): 	at com.android.server.wm.WindowManagerService.performLayoutAndPlaceSurfacesLocked(WindowManagerService.java:9275)
W/WindowManager(  907): 	at com.android.server.wm.WindowManagerService.access$300(WindowManagerService.java:183)
W/WindowManager(  907): 	at com.android.server.wm.WindowManagerService$H.handleMessage(WindowManagerService.java:8146)
W/WindowManager(  907): 	at android.os.Handler.dispatchMessage(Handler.java:102)
W/WindowManager(  907): 	at android.os.Looper.loop(Looper.java:159)
W/WindowManager(  907): 	at android.os.HandlerThread.run(HandlerThread.java:61)
W/WindowManager(  907): 	at com.android.server.ServiceThread.run(ServiceThread.java:46)
W/WindowManager(  907): This window was lost: Window{c09223e u0 com.android.server.telecom/com.android.server.telecom.PrivilegedCallActivity EXITING}
W/WindowManager(  907): mDisplayId=0 mSession=Session{36a0416e 23883:1000} mClient=android.os.BinderProxy@14f12f9
W/WindowManager(  907): mOwnerUid=1000 mShowToOwnerOnly=true package=com.android.server.telecom appop=NONE
W/WindowManager(  907): mAttrs=WM.LayoutParams{(0,0)(wrapxwrap) gr=#11 sim=#120 ty=2 fl=#1820002 fmt=-2 wanim=0xc030036 surfaceInsets=Rect(0, 0 - 0, 0) needsMenuKey=2}
W/WindowManager(  907): Requested w=513 h=287 mLayoutSeq=40071
W/WindowManager(  907): mWinAnimator=WindowStateAnimator{a1974dd com.android.server.telecom/com.android.server.telecom.PrivilegedCallActivity}
W/WindowManager(  907): isWinAnimatorAnimationNull=truemBaseLayer=21000 mSubLayer=0 mAnimLayer=21045+0=21045 mLastLayer=21040
W/WindowManager(  907): mToken=AppWindowToken{23d168f2 token=Token{2c4e33fd ActivityRecord{8e06854 u0 com.android.server.telecom/.PrivilegedCallActivity t488}}}
W/WindowManager(  907): mRootToken=AppWindowToken{23d168f2 token=Token{2c4e33fd ActivityRecord{8e06854 u0 com.android.server.telecom/.PrivilegedCallActivity t488}}}
W/WindowManager(  907): mAppToken=AppWindowToken{23d168f2 token=Token{2c4e33fd ActivityRecord{8e06854 u0 com.android.server.telecom/.PrivilegedCallActivity t488}}}
W/WindowManager(  907):  mAppToken.mAppAnimator.animation null ? truemViewVisibility=0x0 mHaveFrame=true mObscured=false
W/WindowManager(  907): mSeq=0 mSystemUiVisibility=0x0
W/WindowManager(  907): mGivenContentInsets=[0,0][0,0] mGivenVisibleInsets=[0,0][0,0]
W/WindowManager(  907): mConfiguration={1.0 404mcc72mnc en_US ?layoutDir sw360dp w360dp h614dp 240dpi nrml long port finger -keyb/v/h -nav/h s.102mThemeChanged = 0mThemeChangedFlags = 0mFlipFont = 0}
W/WindowManager(  907): mHasSurface=true mShownFrame=[13.0,355.0][526.0,642.0] isReadyForDisplay()=false
W/WindowManager(  907): mFrame=[13,355][526,642] last=[13,355][526,642]
W/WindowManager(  907): mSystemDecorRect=[0,0][513,287] last=[0,0][0,0]
W/WindowManager(  907): Frames: containing=[0,38][540,960] parent=[0,38][540,960]
W/WindowManager(  907):     display=[0,38][540,960] overscan=[0,38][540,960]
W/WindowManager(  907):     content=[13,355][526,642] visible=[13,355][526,642]
W/WindowManager(  907):     decor=[0,38][540,960]
W/WindowManager(  907): Cur insets: overscan=[0,0][0,0] content=[0,0][0,0] visible=[0,0][0,0] stable=[0,0][0,0]
W/WindowManager(  907): Lst insets: overscan=[0,0][0,0] content=[0,0][0,0] visible=[0,0][0,0] stable=[0,0][0,0]
W/WindowManager(  907): WindowStateAnimator{a1974dd com.android.server.telecom/com.android.server.telecom.PrivilegedCallActivity}:
W/WindowManager(  907):   mAnimating=false mLocalAnimating=false mAnimationIsEntrance=true mAnimation=null
W/WindowManager(  907):   mSurface=Surface(name=com.android.server.telecom/com.android.server.telecom.PrivilegedCallActivity)
W/WindowManager(  907):   mDrawState=HAS_DRAWN mLastHidden=true
W/WindowManager(  907):   Surface: shown=false layer=21040 alpha=1.0 rect=(13.0,355.0) 513.0 x 287.0
W/WindowManager(  907): mExiting=true mRemoveOnExit=true mDestroying=false mRemoved=false
W/WindowManager(  907): Current app token list:
V/WindowManager(  907):   Stack #0 tasks from bottom to top:
V/WindowManager(  907):     Task #1 activities from bottom to top:
V/WindowManager(  907):       activity #0: Token{947fe99 ActivityRecord{37268be0 u0 com.oppo.launcher/.Launcher t1}}
V/WindowManager(  907):   Stack #1 tasks from bottom to top:
V/WindowManager(  907):     Task #418 activities from bottom to top:
V/WindowManager(  907):       activity #0: Token{4f5d34a null}
V/WindowManager(  907):     Task #24 activities from bottom to top:
V/WindowManager(  907):       activity #0: Token{3552644d null}
V/WindowManager(  907):     Task #241 activities from bottom to top:
V/WindowManager(  907):       activity #0: Token{100c6ce1 null}
V/WindowManager(  907):     Task #427 activities from bottom to top:
V/WindowManager(  907):       activity #0: Token{25c4aeaf null}
V/WindowManager(  907):     Task #452 activities from bottom to top:
V/WindowManager(  907):       activity #0: Token{1c92286c null}
V/WindowManager(  907):     Task #488 activities from bottom to top:
V/WindowManager(  907):       activity #0: Token{33141db4 ActivityRecord{29bf9a87 u0 com.android.dialer/.DialtactsActivity t488}}
V/WindowManager(  907):     Task #490 activities from bottom to top:
V/WindowManager(  907):       activity #0: Token{d188e84 ActivityRecord{275f0c97 u0 com.android.incallui/.OppoInCallActivity t490}}
W/WindowManager(  907): Final window list:
V/WindowManager(  907):  Display #0
V/WindowManager(  907):   #13: Window{1f7384e1 u0 OppoRecentsPanel}
V/WindowManager(  907):   #12: Window{1cda7f76 u0 TickerPanel}
V/WindowManager(  907):   #11: Window{10c23e16 u0 StatusBar}
V/WindowManager(  907):   #10: Window{87164a5 u0 Keyguard}
V/WindowManager(  907):   #9: Window{2b73e467 u0 InputMethod}
V/WindowManager(  907):   #8: Window{26064987 u0 com.android.incallui/com.android.incallui.OppoInCallActivity}
V/WindowManager(  907):   #7: Window{3a3683ac u0 com.android.dialer/com.android.dialer.DialtactsActivity}
V/WindowManager(  907):   #6: Window{11b00fb4 u0 com.oppo.launcher/com.oppo.launcher.Launcher}
V/WindowManager(  907):   #5: Window{7c898b1 u0 com.android.server.telecom/com.android.server.telecom.PrivilegedCallActivity EXITING}
V/WindowManager(  907):   #4: Window{10bd81a2 u0 com.android.server.telecom/com.android.server.telecom.PrivilegedCallActivity EXITING}
V/WindowManager(  907):   #3: Window{db5c4a7 u0 com.android.server.telecom/com.android.server.telecom.PrivilegedCallActivity EXITING}
V/WindowManager(  907):   #2: Window{1eccd719 u0 com.android.server.telecom/com.android.server.telecom.PrivilegedCallActivity EXITING}
V/WindowManager(  907):   #1: Window{b94d005 u0 com.android.server.telecom/com.android.server.telecom.PrivilegedCallActivity EXITING}
V/WindowManager(  907):   #0: Window{2637f1e0 u0 com.android.systemui.ImageWallpaper}
I/ActivityManager(  907): Displayed com.android.incallui/.OppoInCallActivity: +613ms
I/PowerManagerService(  907): wakeup due to window flag : FLAG_TURN_SCREEN_ON / SET_TURN_ON_SCREEN
I/Dialer_DialtactsActivity(23812): onStop
I/Telecom (  907): CallAudioManager: updateAudioStreamAndMode, mIsRinging: false, mIsTonePlaying: false
I/Telecom (  907): InCallController: Attempting to bind to InCall com.android.incallui, is dupe? false 
I/MediaFocusControl(  907):  AudioFocus  requestAudioFocus() from AudioFocus_For_Phone_Ring_And_Calls req=2flags=0x4
W/MessageQueue( 1238): Handler (android.media.AudioManager$FocusEventHandlerDelegate$1) {1de3fd48} sending message to a Handler on a dead thread
W/MessageQueue( 1238): java.lang.IllegalStateException: Handler (android.media.AudioManager$FocusEventHandlerDelegate$1) {1de3fd48} sending message to a Handler on a dead thread
W/MessageQueue( 1238): 	at android.os.MessageQueue.enqueueMessage(MessageQueue.java:347)
W/MessageQueue( 1238): 	at android.os.Handler.enqueueMessage(Handler.java:631)
W/MessageQueue( 1238): 	at android.os.Handler.sendMessageAtTime(Handler.java:600)
W/MessageQueue( 1238): 	at android.os.Handler.sendMessageDelayed(Handler.java:570)
W/MessageQueue( 1238): 	at android.os.Handler.sendMessage(Handler.java:507)
W/MessageQueue( 1238): 	at android.media.AudioManager$1.dispatchAudioFocusChange(AudioManager.java:2521)
W/MessageQueue( 1238): 	at android.media.IAudioFocusDispatcher$Stub.onTransact(IAudioFocusDispatcher.java:57)
W/MessageQueue( 1238): 	at android.os.Binder.execTransact(Binder.java:446)
D/audio_hw_primary(  314): adev_set_mode: mode 2
D/audio_hw_extn(  314): audio_extn_get_parameters: returns 
I/str_params(  314): key: 'in_call' value: ''
D/AudioPolicyManager(  314): SetPhoneState: Voice call state = 1
D/AudioPolicyManager(  314): Entering to call mode oldState :: 0 state::2 
D/AudioPolicyManager(  314):  calling suspendOutput on call mode for primary output
I/Telecom (  907): CallAudioManager: updateAudioStreamAndMode, mIsRinging: false, mIsTonePlaying: false
I/Diraccpp(  314): Dirac_command command 9 cmdSize 4
D/Diraccpp(  314): case EFFECT_CMD_SET_DEVICE:
D/voice_extn(  314): update_calls: enter:
D/voice_extn(  314): update_calls: cur_state=1 new_state=1 vsid=10c01000
D/voice_extn(  314): update_calls: cur_state=1 new_state=1 vsid=10dc1000
D/voice_extn(  314): update_calls: cur_state=1 new_state=1 vsid=10c02000
D/voice_extn(  314): update_calls: cur_state=1 new_state=1 vsid=10803000
D/voice_extn(  314): update_calls: cur_state=1 new_state=1 vsid=10002000
I/Telecom (  907): CallAudioManager: changing audio state from [AudioState isMuted: false, route; EARPIECE, supportedRouteMask: EARPIECE, SPEAKER] to [AudioState isMuted: false, route; EARPIECE, supportedRouteMask: EARPIECE, SPEAKER]
D/TelecomFramework(23956): InCallServiceBinder: IInCallService-->setInCallAdapter
D/TelecomFramework(23956): : IInCallService-->handleMessage>> msg.what = 1
I/InCall  (23956): OppoInCallPresenter - New service connection replacing existing one.
D/TelecomFramework(23956): InCallServiceBinder: IInCallService-->addCall callId = InCall@163
I/Telecom (  907): InCallController: onConnected to ComponentInfo{com.android.incallui/com.android.incallui.InCallServiceImpl}
I/Telecom (  907): InCallController: Adding 1 calls to InCallService after onConnected: ComponentInfo{com.android.incallui/com.android.incallui.InCallServiceImpl}
I/Telecom (  907): InCallController: addCall after binding: [10828566, CONNECTING, null, *************, 0, childs(0), has_parent(false), [[Capabilities:]], false, ComponentInfo{com.android.phone/com.android.services.telephony.TelephonyConnectionService}, 2, UserHandle{0} 0]
I/Telecom (  907): InCallController: Calling onAudioStateChanged, audioState: null -> [AudioState isMuted: false, route; EARPIECE, supportedRouteMask: EARPIECE, SPEAKER]
D/TelecomFramework(23956): : IInCallService-->handleMessage>> msg.what = 2
D/TelecomFramework(23956): Call: internalUpdate callid = InCall@163
D/TelecomFramework(23956): InCallServiceBinder: IInCallService-->onAudioStateChanged audioState = [AudioState isMuted: false, route; EARPIECE, supportedRouteMask: EARPIECE, SPEAKER]
D/TelecomFramework(23956): Call: internalUpdate fireStateChanged 
D/TelecomFramework(23956): Call: internalUpdate fireStateChanged end...
D/TelecomFramework(23956): Call: internalUpdate end
V/GpsNetInitiatedHandler(  907): ACTION_NEW_OUTGOING_CALL - false
D/LocSvc_NiH(  907): OutgoingCallReceiver :: onReceive
D/LocSvc_NiH(  907): bundle != null
I/Telecom (  907): CallsManager: Creating a new outgoing call with handle: *************
D/TelephonyProvider( 1706): simId = 0
D/TelecomFramework(23956): InCallServiceBinder: IInCallService-->updateCall callId = InCall@163
D/TelephonyProvider( 1706): simId = 0
D/TelephonyProvider( 1706): simId = 0
D/TelephonyProvider( 1706): simId = 0
I/InCall  (23956): OppoCallCardFragment - photo is NULL!!!
I/Telecom (  907): CallsManager: updateLchStatus subInConversation: 2
I/Telecom (  907): CreateConnectionProcessor: Trying attempt CallAttemptRecord(ComponentInfo{com.android.phone/com.android.services.telephony.TelephonyConnectionService}, 2, UserHandle{0},ComponentInfo{com.android.phone/com.android.services.telephony.TelephonyConnectionService}, 2, UserHandle{0})
D/TelephonyProvider( 1706): simId = 0
D/TelephonyProvider( 1706): simId = 0
D/TelephonyProvider( 1706): simId = 0
D/TelephonyProvider( 1706): simId = 0
I/Telecom (  907): CreateConnectionProcessor: Attempting to call from ComponentInfo{com.android.phone/com.android.services.telephony.TelephonyConnectionService}
D/TelecomFramework( 1706): : recieve---  msg.what = 1
D/TelecomFramework( 1706): : IConnectionService-->createConnection id = ConnectionService@164
D/TelecomFramework( 1706): : recieve---  msg.what = 2
D/TelecomFramework( 1706): : Enqueueing pre-init request ConnectionService@164
I/InCall  (23956): OppoCallCardFragment - photo is NULL!!!
D/TaskPersister(  907): removeObsoleteFile: deleting file=489_task_thumbnail.png
I/Telecom (  907): ServiceBinderConnection: Service bound ComponentInfo{com.android.phone/com.android.services.telephony.TelephonyConnectionService}
D/TelecomFramework( 1706): TelephonyConnectionService: createConnection, callManagerAccount: ComponentInfo{com.android.phone/com.android.services.telephony.TelephonyConnectionService}, 2, UserHandle{0}, callId: ConnectionService@164, request: ConnectionRequest tel:%2B919844930512 Bundle[EMPTY_PARCEL], isIncoming: false, isUnknown: false
I/Telephony( 1706): TelephonyConnectionService: onCreateOutgoingConnection, request: ConnectionRequest tel:%2B919844930512 Bundle[EMPTY_PARCEL]
D/TelecomFramework( 1706): GsmConnection: setAddress tel:%2B919844930512
D/TelecomFramework( 1706): GsmConnection: setState: STATE_INITIALIZING
D/TelecomFramework( 1706): GsmConnection: setVideoState 0
I/SpeechPhoneStateListener(23830): onCallStateChanged simId =1
E/GestureMonitorController( 1726): updateGesturePhoneState no such gesture
E/GestureMonitorController( 1726): updateGesturePhoneState no such gesture
E/GestureMonitorController( 1726): updateGesturePhoneState no such gesture
E/GestureMonitorController( 1726): updateGesturePhoneState no such gesture
V/KeyguardUpdateMonitor(23184): onReceive ACTION_PHONE_STATE_CHANGED state OFFHOOK
D/PhoneStatusBar( 1238): TelephonyManager.EXTRA_STATE = OFFHOOK
D/TelecomFramework( 1706): GsmConnection: setCallerDisplayName null
D/TelecomFramework( 1706): GsmConnection: setVideoState 0
D/TelecomFramework( 1706): GsmConnection: setCallSubstate 0
D/audio_hw_extn(  314): audio_extn_get_parameters: returns 
I/str_params(  314): key: 'all_call_states' value: ''
D/audio_hw_extn(  314): audio_extn_get_parameters: returns 
I/str_params(  314): key: 'all_call_states' value: ''
D/audio_hw_extn(  314): audio_extn_get_parameters: returns 
I/str_params(  314): key: 'all_call_states' value: ''
D/TelecomFramework( 1706): TelephonyConnectionService: createConnection, connection: [TelephonyConnection objId:966481666 type:gsm state:STATE_INITIALIZING capabilities:[Capabilities: CAPABILITY_SUPPORT_HOLD CAPABILITY_MUTE] address:[bd7acea07ba6c9354ac6301e1902044ee19533ff] originalConnection: incoming: false state: DIALING post dial state: NOT_STARTED partOfConf:N]OriginalConnection is incoming: false state: DIALING post dial state: NOT_STARTED
V/TelecomFramework( 1706): TelephonyConnectionService: createConnection, number: +919844930512, state: STATE_INITIALIZING, capabilities: [Capabilities: CAPABILITY_SUPPORT_HOLD CAPABILITY_MUTE]
D/TelecomFramework( 1706): TelephonyConnectionService: createConnection, calling handleCreateConnectionSuccessful ConnectionService@164
I/TelecomFramework( 1706): TelephonyConnectionService: getAccountHandle, return account handle from local, ComponentInfo{com.android.phone/com.android.services.telephony.TelephonyConnectionService}, 2, UserHandle{0}
D/TelecomFramework( 1706): : remote connection services found: []
D/TelephonyProvider( 1706): simId = 0
D/PhoneStatusBar( 1238): TelephonyManager.EXTRA_STATE = OFFHOOK
E/GestureMonitorController( 1726): updateGesturePhoneState no such gesture
V/KeyguardUpdateMonitor(23184): onReceive ACTION_PHONE_STATE_CHANGED state OFFHOOK
E/GestureMonitorController( 1726): updateGesturePhoneState no such gesture
E/GestureMonitorController( 1726): updateGesturePhoneState no such gesture
E/GestureMonitorController( 1726): updateGesturePhoneState no such gesture
I/Telecom (  907): CallAudioManager: updateAudioStreamAndMode, mIsRinging: false, mIsTonePlaying: false
I/Telecom (  907): CallsManager: setCallState CONNECTING -> CONNECTING, call: [10828566, CONNECTING, com.android.phone/com.android.services.telephony.TelephonyConnectionService, *************, 0, childs(0), has_parent(false), [[Capabilities: CAPABILITY_SUPPORT_HOLD CAPABILITY_MUTE]], false, ComponentInfo{com.android.phone/com.android.services.telephony.TelephonyConnectionService}, 2, UserHandle{0} 0]
I/Telecom (  907): CallsManager:  entered manageMSimInCallTones 
I/Telecom (  907): CallsManager: setCallState CONNECTING -> DIALING, call: [10828566, CONNECTING, com.android.phone/com.android.services.telephony.TelephonyConnectionService, *************, 0, childs(0), has_parent(false), [[Capabilities: CAPABILITY_SUPPORT_HOLD CAPABILITY_MUTE]], false, ComponentInfo{com.android.phone/com.android.services.telephony.TelephonyConnectionService}, 2, UserHandle{0} 0]
I/Telecom (  907): PhoneStateBroadcaster: Broadcasted state change: 2
I/Telecom (  907): CallAudioManager: updateAudioStreamAndMode, mIsRinging: false, mIsTonePlaying: false
D/TelecomFramework(23956): InCallServiceBinder: IInCallService-->updateCall callId = InCall@163
D/audio_hw_extn(  314): audio_extn_get_parameters: returns 
I/str_params(  314): key: 'all_call_states' value: ''
D/audio_hw_extn(  314): audio_extn_get_parameters: returns 
I/str_params(  314): key: 'all_call_states' value: ''
D/audio_hw_extn(  314): audio_extn_get_parameters: returns 
I/str_params(  314): key: 'all_call_states' value: ''
D/TelephonyProvider( 1706): simId = 0
V/SRS_Proc(  314): ParamSet string: vsid=282857472;call_state=2
D/audio_hw_primary(  314): adev_set_parameters: enter: vsid=282857472;call_state=2
D/audio_hw_primary(  314): adev_set_parameters, forusemic = _h<q
D/audio_hw_primary(  314): adev_set_parameters, echo_value = L
D/audio_hw_primary(  314): adev_set_parameters, SingleMicTest: mic_test = 
D/voice_extn(  314): update_call_states is_call_active:0 in_call:1, mode:2
D/voice_extn(  314): update_calls: enter:
D/voice_extn(  314): update_calls: cur_state=1 new_state=1 vsid=10c01000
D/voice_extn(  314): update_calls: cur_state=1 new_state=2 vsid=10dc1000
D/voice_extn(  314): update_calls: INACTIVE -> ACTIVE vsid:10dc1000
D/voice   (  314): voice_start_usecase: enter usecase:voice2-call
D/audio_hw_primary(  314): adev_get_mccmnc_flag, lile add property_get gsm.operator.numeric = 40495,40472
D/audio_hw_primary(  314): adev_get_mccmnc_flag, lile add sim = 40495
D/audio_hw_primary(  314): select_devices: set_headphone_speaker_open_delay 0
V/sound_trigger_hw(  314): handle_audio_concurrency: Enter, event type = 1
D/sound_trigger_platform(  314): platform_stdev_check_and_update_concurrency: concurrency active 0, tx 1, rx 0, concurrency session_allowed 0
I/Telecom (  907): CallsManager:  entered manageMSimInCallTones 
I/Telecom (  907): CallsManager: setActiveSubscription = 2
I/Telecom (  907): CallsManager: setActiveSubscription changed 
I/Telecom (  907): CallAudioManager: updateAudioStreamAndMode, mIsRinging: false, mIsTonePlaying: false
I/SpeechPhoneStateListener(23830): onCallStateChanged simId =1
D/TelecomFramework(23956): InCallServiceBinder: IInCallService-->updateCall callId = InCall@163
I/TelecomFramework( 1706): : setActiveSubscription ConnectionService@164
D/GpsNetInitiatedHandler(  907): onCallStateChanged(): state is 2
D/RilInfoMonitor(  907): onCallStateChanged(): state is 2
D/TelecomFramework( 1706): : recieve---  msg.what = 21
D/TelecomFramework( 1706): TelephonyConnectionService: setActiveSubscription ConnectionService@164
I/Telephony( 1706): GsmConnection: setActiveSubscription subId:2
D/TelephonyProvider( 1706): simId = 0
D/TelephonyProvider( 1706): simId = 0
I/InCall  (23956): OppoCallCardFragment - photo is NULL!!!
I/InCall  (23956): OppoCallButtonFragment - setVisible on = true
I/InCall  (23956): OppoCallButtonFragment - updateAudioButtons ... bluetoothSupported = false  speakerSupported = true
I/InCall  (23956): OppoCallButtonFragment - updateAudioButtons ...not support bluetooth
D/TelecomFramework(23956): : IInCallService-->handleMessage>> msg.what = 5
I/InCall  (23956): OppoCallButtonFragment - updateAudioButtons ... bluetoothSupported = false  speakerSupported = true
I/InCall  (23956): OppoCallButtonFragment - updateAudioButtons ...not support bluetooth
D/TelecomFramework(23956): : IInCallService-->handleMessage>> msg.what = 3
D/TelecomFramework(23956): Call: internalUpdate callid = InCall@163
D/TelecomFramework(23956): Call: internalUpdate fireStateChanged 
D/        (  314): Failed to fetch the lookup information of the device 00000029 
E/ACDB-LOADER(  314): Error: ACDB AFE returned = -19
D/        (  314): Failed to fetch the lookup information of the device 00000007 
E/ACDB-LOADER(  314): Error: ACDB AFE returned = -19
D/        (  314): Failed to fetch the lookup information of the device 00000029 
E/ACDB-LOADER(  314): Error: ACDB AANC returned = -19
D/voice   (  314): voice_config.rate 8000
D/TelephonyProvider( 1706): simId = 0
D/TelephonyProvider( 1706): simId = 0
D/TelephonyProvider( 1706): simId = 0
D/TelephonyProvider( 1706): simId = 0
I/InCall  (23956): OppoCallCardFragment - photo is NULL!!!
D/voice   (  314): voice_start_usecase: exit: status(0)
D/voice_extn(  314): update_calls: cur_state=1 new_state=1 vsid=10c02000
D/voice_extn(  314): update_calls: cur_state=1 new_state=1 vsid=10803000
D/voice_extn(  314): update_calls: cur_state=1 new_state=1 vsid=10002000
V/audio_hw_primary(  314): adev_set_parameters: exit with code(0)
D/CallNotifier( 1706): setKeyForAudioChannelExp......
V/SRS_Proc(  314): ParamSet string: CallOperatorRegion=operator_bd_enable
D/audio_hw_primary(  314): adev_set_parameters: enter: CallOperatorRegion=operator_bd_enable
D/audio_hw_primary(  314): adev_set_parameters, forusemic = Lh<
D/audio_hw_primary(  314): adev_set_parameters, echo_value = M
D/audio_hw_primary(  314): adev_set_parameters, SingleMicTest: mic_test = 
V/audio_hw_primary(  314): adev_set_parameters: exit with code(0)
D/TelecomFramework( 1706): GsmConnection: setState: STATE_DIALING
V/TelecomFramework( 1706): ConnectionServiceAdapter: setConferenceableConnections: ConnectionService@164, []
D/TelecomFramework( 1706): : Adapter set state ConnectionService@164 STATE_DIALING
D/TelecomFramework(23956): InCallServiceBinder: IInCallService-->updateCall callId = InCall@163
I/Telecom (  907): CallsManager: setCallState DIALING -> DIALING, call: [10828566, DIALING, com.android.phone/com.android.services.telephony.TelephonyConnectionService, *************, 0, childs(0), has_parent(false), [[Capabilities: CAPABILITY_SUPPORT_HOLD CAPABILITY_MUTE]], true, ComponentInfo{com.android.phone/com.android.services.telephony.TelephonyConnectionService}, 2, UserHandle{0} 0]
I/Telecom (  907): CallsManager:  entered manageMSimInCallTones 
I/Telecom (  907): CallsManager: setActiveSubscription = 2
I/Telecom (  907): CallsManager: setActiveSubscription not changed 
D/TelephonyProvider( 1706): simId = 0
D/TelephonyProvider( 1706): simId = 0
D/TelephonyProvider( 1706): simId = 0
D/TelephonyProvider( 1706): simId = 0
I/InCall  (23956): OppoCallCardFragment - photo is NULL!!!
D/TelephonyProvider( 1706): simId = 0
D/TelephonyProvider( 1706): simId = 0
D/TelephonyProvider( 1706): simId = 0
D/TelephonyProvider( 1706): simId = 0
I/InCall  (23956): OppoCallCardFragment - photo is NULL!!!
I/InCall  (23956): OppoCallButtonFragment - setVisible on = true
I/InCall  (23956): OppoCallButtonFragment - updateAudioButtons ... bluetoothSupported = false  speakerSupported = true
I/InCall  (23956): OppoCallButtonFragment - updateAudioButtons ...not support bluetooth
D/TelecomFramework(23956): Call: internalUpdate fireStateChanged end...
D/TelecomFramework(23956): Call: internalUpdate end
D/TelecomFramework(23956): : IInCallService-->handleMessage>> msg.what = 3
D/TelecomFramework(23956): Call: internalUpdate callid = InCall@163
D/TelecomFramework(23956): Call: internalUpdate fireStateChanged 
D/TelephonyProvider( 1706): simId = 0
D/TelephonyProvider( 1706): simId = 0
D/TelephonyProvider( 1706): simId = 0
D/TelephonyProvider( 1706): simId = 0
I/InCall  (23956): OppoCallCardFragment - photo is NULL!!!
D/TelephonyProvider( 1706): simId = 0
D/TelephonyProvider( 1706): simId = 0
D/TelephonyProvider( 1706): simId = 0
D/TelephonyProvider( 1706): simId = 0
I/InCall  (23956): OppoCallCardFragment - photo is NULL!!!
D/TelephonyProvider( 1706): simId = 0
D/TelephonyProvider( 1706): simId = 0
D/TelephonyProvider( 1706): simId = 0
D/TelephonyProvider( 1706): simId = 0
I/InCall  (23956): OppoCallCardFragment - photo is NULL!!!
I/InCall  (23956): OppoCallButtonFragment - setVisible on = true
I/InCall  (23956): OppoCallButtonFragment - updateAudioButtons ... bluetoothSupported = false  speakerSupported = true
I/InCall  (23956): OppoCallButtonFragment - updateAudioButtons ...not support bluetooth
D/TelecomFramework(23956): Call: internalUpdate fireStateChanged end...
D/TelecomFramework(23956): Call: internalUpdate end
D/TelecomFramework(23956): : IInCallService-->handleMessage>> msg.what = 3
D/TelecomFramework(23956): Call: internalUpdate callid = InCall@163
D/TelecomFramework(23956): Call: internalUpdate fireStateChanged 
I/InCall  (23956): ColorCallList - onUpdate - sub:2 mSubId:2
D/TelephonyProvider( 1706): simId = 0
D/TelephonyProvider( 1706): simId = 0
D/TelephonyProvider( 1706): simId = 0
D/TelephonyProvider( 1706): simId = 0
I/InCall  (23956): OppoCallCardFragment - photo is NULL!!!
D/TelephonyProvider( 1706): simId = 0
D/TelephonyProvider( 1706): simId = 0
D/TelephonyProvider( 1706): simId = 0
D/TelephonyProvider( 1706): simId = 0
I/InCall  (23956): OppoCallCardFragment - photo is NULL!!!
D/TelephonyProvider( 1706): simId = 0
D/TelephonyProvider( 1706): simId = 0
D/TelephonyProvider( 1706): simId = 0
D/TelephonyProvider( 1706): simId = 0
I/InCall  (23956): OppoCallCardFragment - photo is NULL!!!
I/InCall  (23956): OppoCallButtonFragment - setVisible on = true
I/InCall  (23956): OppoCallButtonFragment - updateAudioButtons ... bluetoothSupported = false  speakerSupported = true
I/InCall  (23956): OppoCallButtonFragment - updateAudioButtons ...not support bluetooth
D/TelecomFramework(23956): Call: internalUpdate fireStateChanged end...
D/TelecomFramework(23956): Call: internalUpdate end
D/TelecomFramework(23956): : IInCallService-->handleMessage>> msg.what = 3
D/TelecomFramework(23956): Call: internalUpdate callid = InCall@163
D/TelecomFramework(23956): Call: internalUpdate fireStateChanged 
I/InCall  (23956): ColorCallList - onUpdate - sub:2 mSubId:2
D/TelephonyProvider( 1706): simId = 0
D/TelephonyProvider( 1706): simId = 0
D/TelephonyProvider( 1706): simId = 0
D/TelephonyProvider( 1706): simId = 0
I/InCall  (23956): OppoCallCardFragment - photo is NULL!!!
D/TelephonyProvider( 1706): simId = 0
D/TelephonyProvider( 1706): simId = 0
D/TelephonyProvider( 1706): simId = 0
D/TelephonyProvider( 1706): simId = 0
I/InCall  (23956): OppoCallCardFragment - photo is NULL!!!
D/TelephonyProvider( 1706): simId = 0
D/TelephonyProvider( 1706): simId = 0
D/TelephonyProvider( 1706): simId = 0
D/TelephonyProvider( 1706): simId = 0
I/InCall  (23956): OppoCallCardFragment - photo is NULL!!!
I/InCall  (23956): OppoCallButtonFragment - setVisible on = true
I/InCall  (23956): OppoCallButtonFragment - updateAudioButtons ... bluetoothSupported = false  speakerSupported = true
I/InCall  (23956): OppoCallButtonFragment - updateAudioButtons ...not support bluetooth
D/TelecomFramework(23956): Call: internalUpdate fireStateChanged end...
D/TelecomFramework(23956): Call: internalUpdate end
D/PowerManagerService(  907): acquire PROXIMITY_SCREEN_OFF_WAKE_LOCK from com.android.incallui
I/DisplayPowerController(  907): useProximityForceSuspend = true
I/DisplayPowerController(  907): useProximityForceSuspend = true
I/DisplayPowerController(  907): mProximity = Negative
I/PowerManagerService(  907): onProximityNegativeForceSuspend
E/PSD     (  343): set_ps_threshold: low_thd 140 high_thd 180  ps:60 crosstalk:0  state:1 
E/PSD     (  343): set_ps_threshold: low_thd 143 high_thd 183  ps:63 crosstalk:0  state:1 
D/PowerManagerService(  907): acquire PROXIMITY_SCREEN_OFF_WAKE_LOCK from com.android.incallui
E/PSD     (  343): set_ps_threshold: low_thd 92 high_thd 132  ps:12 crosstalk:0  state:1 
E/PSD     (  343): set_ps_threshold: low_thd 80 high_thd 120  ps:0 crosstalk:0  state:1 
E/PSD     (  343): set_ps_threshold: low_thd 137 high_thd 177  ps:57 crosstalk:0  state:1 
V/KeyguardServiceDelegate(  907): onScreenTurnedOff(why = 4)
V/KeyguardServiceDelegate(  907): onScreenTurnedOff mKeyguardState.screenIsOn = false
I/DisplayPowerController(  907): useProximityForceSuspend = true
I/DisplayPowerController(  907): mProximity = Positive
I/PowerManagerService(  907): onProximityPositiveForceSuspend
I/PowerManagerService(  907): Going to sleep due to proximity (uid 1000)...
D/PowerManagerService(  907): wakelock list dump: mLocks.size=3:
D/PowerManagerService(  907): acquire PROXIMITY_SCREEN_OFF_WAKE_LOCK from com.android.incallui
I/PowerManagerService(  907): Sleeping (uid 1000)...
D/PowerManagerService(  907): acquire PROXIMITY_SCREEN_OFF_WAKE_LOCK from com.android.incallui
I/DisplayPowerController(  907): useProximityForceSuspend = true
D/WifiStateMachine(  907): handleScreenStateChanged: false
E/WifiStateMachine(  907): cancelDelayedScan -> 3467
E/native  (  907): do suspend true
V/SRS_Proc(  314): ParamSet string: screen_state=off
D/audio_hw_primary(  314): adev_set_parameters: enter: screen_state=off
D/audio_hw_primary(  314): adev_set_parameters, forusemic = bh
D/audio_hw_primary(  314): adev_set_parameters, echo_value = 
D/audio_hw_primary(  314): adev_set_parameters, SingleMicTest: mic_test = 
V/audio_hw_primary(  314): adev_set_parameters: exit with code(0)
D/PowerManagerService(  907): acquire PROXIMITY_SCREEN_OFF_WAKE_LOCK from com.android.incallui
E/PSD     (  343): prox near, cur ps:481 
D/PowerManagerService(  907): acquire PROXIMITY_SCREEN_OFF_WAKE_LOCK from com.android.incallui
D/RecentsServiceProxy( 1238): service : android.os.BinderProxy@34a7faed
D/ColorServicesMonitor( 1744): start OppoAutoClearService in 10 minutes
E/PSD     (  343): prox near, cur ps:621 
D/PowerManagerService(  907): acquire PROXIMITY_SCREEN_OFF_WAKE_LOCK from com.android.incallui
D/PowerManagerService(  907): acquire PROXIMITY_SCREEN_OFF_WAKE_LOCK from com.android.incallui
D/BluetoothAdapter(12526): 740026798: getState() :  mService = null. Returning STATE_OFF
D/BluetoothAdapter(12526): 740026798: getState() :  mService = null. Returning STATE_OFF
I/NearbyDirect(12526): MagicPairScanner: BluetoothLeScanner is null, Bluetooth might be off. Enabled=false
I/Traffic_DataUsageService(23773): action=android.intent.action.SCREEN_OFF
I/Traffic_DataUsageService(23773): mIsNetworkCloseScreenOff=false, mIsNetworkCloseScreenOffSim2=false
D/PhoneInterfaceManager( 1706): [PhoneIntfMgr] getDataEnabled: subId=1 phoneId=0
D/PhoneInterfaceManager( 1706): [PhoneIntfMgr] getDataEnabled: subId=1 retVal=false
E/PSD     (  343): prox near, cur ps:621 
D/SurfaceFlinger(  260): Set power mode=0, type=0 flinger=0xb7d78b68
D/qdhwcomposer(  260): hwc_setPowerMode: Setting mode 0 on display: 0
I/DisplayPowerController(  907): useProximityForceSuspend = true
I/DisplayPowerController(  907): useProximityForceSuspend = true
I/DisplayManagerService(  907): Display device changed: DisplayDeviceInfo{"Built-in screen": uniqueId="local:0", 540 x 960, 60.0 fps, supportedRefreshRates [60.0], density 240, 221.225 x 221.672 dpi, appVsyncOff 0, presDeadline 17666667, touch INTERNAL, rotation 0, type BUILT_IN, state OFF, FLAG_DEFAULT_DISPLAY, FLAG_ROTATES_WITH_CONTENT, FLAG_SECURE, FLAG_SUPPORTS_PROTECTED_BUFFERS}
V/ActivityManager(  907): Display changed displayId=0
D/PowerManagerService(  907): acquire PROXIMITY_SCREEN_OFF_WAKE_LOCK from com.android.incallui
D/PowerManagerService(  907): acquire PROXIMITY_SCREEN_OFF_WAKE_LOCK from com.android.incallui
D/PowerManagerService(  907): acquire PROXIMITY_SCREEN_OFF_WAKE_LOCK from com.android.incallui
D/PowerManagerService(  907): acquire PROXIMITY_SCREEN_OFF_WAKE_LOCK from com.android.incallui
E/PSD     (  343): prox near, cur ps:773 
E/PSD     (  343): prox near, cur ps:773 
E/PSD     (  343): prox near, cur ps:729 
E/PSD     (  343): prox near, cur ps:729 
I/qdhwcomposer(  260): handle_blank_event: dpy:0 panel power state: 0
D/qdhwcomposer(  260): hwc_setPowerMode: Done setting mode 0 on display 0
D/SurfaceControl(  907): Excessive delay in setPowerMode(): 269ms
I/QTI PowerHAL(  907): Got set_interactive hint
I/DisplayPowerController(  907): useProximityForceSuspend = true
D/PowerManagerService(  907): acquire PROXIMITY_SCREEN_OFF_WAKE_LOCK from com.android.incallui
I/InCall  (23956): StatusBarNotifier - Will show "hang-up" action in the ongoing active call Notification
I/InCall  (23956): StatusBarNotifier - Will show "hang-up" action in the ongoing active call Notification
E/PSD     (  343): prox near, cur ps:655 
I/TelecomManager(23956): service colorInteractWithTelecomService which = 1
I/TelecomManager(23956): colorInteractWithTelecomService ret = null
I/Telecom (  907): TelecomService: service command  = 1
I/Telecom (  907): TelecomService: service command ret = null
D/PowerManagerService(  907): acquire PROXIMITY_SCREEN_OFF_WAKE_LOCK from com.android.incallui
D/qdlights(  907): handle_speaker_battery_locked: battery locked!!!
E/PSD     (  343): prox near, cur ps:655 
I/PhoneStatusBar( 1238): position = 1, mNotificationIcons_height =27,width = 27, tempWidth = 27, mIconSize = 27
E/PhoneStatusBar( 1238): updateNotificationTitleText  preIsInsidePanelCanSlide =true,misInsidePanelCanSlide = true,misInsidePanelOpen = false
E/PhoneStatusBar( 1238): updateNotificationTitleText  preIsInsidePanelCanSlide =true,misInsidePanelCanSlide = true,misInsidePanelOpen = false
E/PSD     (  343): prox near, cur ps:372 
E/PSD     (  343): prox near, cur ps:372 
D/RecentsServiceProxy( 1238): service : android.os.BinderProxy@34a7faed
E/PSD     (  343): prox near, cur ps:307 
E/PSD     (  343): prox near, cur ps:307 
E/PSD     (  343): prox near, cur ps:220 
E/PSD     (  343): prox near, cur ps:220 
E/PSD     (  343): prox near, cur ps:100 
I/DisplayPowerController(  907): useProximityForceSuspend = true
I/DisplayPowerController(  907): mProximity = Negative
I/PowerManagerService(  907): onProximityNegativeForceSuspend
I/PowerManagerService(  907): Waking up from sleep (uid 1000)...
D/PowerManagerService(  907): acquire PROXIMITY_SCREEN_OFF_WAKE_LOCK from com.android.incallui
I/QTI PowerHAL(  907): Got set_interactive hint
I/DisplayPowerController(  907): useProximityForceSuspend = true
I/DisplayPowerController(  907): Blocking screen on until initial contents have been drawn.
D/SurfaceFlinger(  260): Set power mode=2, type=0 flinger=0xb7d78b68
D/qdhwcomposer(  260): hwc_setPowerMode: Setting mode 2 on display: 0
I/DisplayManagerService(  907): Display device changed: DisplayDeviceInfo{"Built-in screen": uniqueId="local:0", 540 x 960, 60.0 fps, supportedRefreshRates [60.0], density 240, 221.225 x 221.672 dpi, appVsyncOff 0, presDeadline 17666667, touch INTERNAL, rotation 0, type BUILT_IN, state ON, FLAG_DEFAULT_DISPLAY, FLAG_ROTATES_WITH_CONTENT, FLAG_SECURE, FLAG_SUPPORTS_PROTECTED_BUFFERS}
D/PowerManagerService(  907): acquire PROXIMITY_SCREEN_OFF_WAKE_LOCK from com.android.incallui
D/PowerManagerService(  907): acquire PROXIMITY_SCREEN_OFF_WAKE_LOCK from com.android.incallui
D/PowerManagerService(  907): acquire PROXIMITY_SCREEN_OFF_WAKE_LOCK from com.android.incallui
D/PowerManagerService(  907): acquire PROXIMITY_SCREEN_OFF_WAKE_LOCK from com.android.incallui
V/KeyguardServiceDelegate(  907): onScreenTurnedOn(showListener = com.android.internal.policy.impl.PhoneWindowManager$2@5f17011)
D/KeyguardViewMediator(23184): >>>>>>>>>>>>>>>>>>>onScreenTurnedOn begin>>>>>>>>>>>>>>>>>>>>>>>>>
D/KeyguardViewMediator(23184): onScreenTurnedOn, begin ---- callback = com.android.internal.policy.IKeyguardShowCallback$Stub$Proxy@10465d8
D/KeyguardViewMediator(23184): onScreenTurnedOn, begin ---- mSystemReady = true
D/KeyguardViewMediator(23184): onScreenTurnedOn, notifyScreenOnLocked
V/KeyguardServiceDelegate(  907): onScreenTurnedOn mKeyguardState.screenIsOn = true
I/KeyguardViewManager(23184): onScreenTurnedOn mKeyguardView = null, callback.onShown
D/KeyguardViewMediator(23184): ColorViewMediatorCallback:onSystemScreenOn,mFingerprintMatched=false
V/KeyguardServiceDelegate(  907): **** SHOWN CALLED ****
I/KeyguardServiceDelegate(  907): onShown Real invoke
E/FingerprintUnlock(23184): com.coloros.fingerprint, not found
I/InCall  (23956): OppoInCallActivity - onResume()...
V/ActivityManager(  907): Display changed displayId=0
I/InCall  (23956): StatusBarNotifier - Will show "hang-up" action in the ongoing active call Notification
D/PowerManagerService(  907): acquire PROXIMITY_SCREEN_OFF_WAKE_LOCK from com.android.incallui
D/PowerManagerService(  907): acquire PROXIMITY_SCREEN_OFF_WAKE_LOCK from com.android.incallui
V/ActivityManager(  907): Display changed displayId=0
D/PowerManagerService(  907): acquire PROXIMITY_SCREEN_OFF_WAKE_LOCK from com.android.incallui
D/PowerManagerService(  907): acquire PROXIMITY_SCREEN_OFF_WAKE_LOCK from com.android.incallui
D/PowerManagerService(  907): acquire PROXIMITY_SCREEN_OFF_WAKE_LOCK from com.android.incallui
D/PowerManagerService(  907): acquire PROXIMITY_SCREEN_OFF_WAKE_LOCK from com.android.incallui
D/PowerManagerService(  907): acquire PROXIMITY_SCREEN_OFF_WAKE_LOCK from com.android.incallui
D/PowerManagerService(  907): acquire PROXIMITY_SCREEN_OFF_WAKE_LOCK from com.android.incallui
D/PowerManagerService(  907): acquire PROXIMITY_SCREEN_OFF_WAKE_LOCK from com.android.incallui
D/PowerManagerService(  907): acquire PROXIMITY_SCREEN_OFF_WAKE_LOCK from com.android.incallui
D/PowerManagerService(  907): acquire PROXIMITY_SCREEN_OFF_WAKE_LOCK from com.android.incallui
D/PowerManagerService(  907): acquire PROXIMITY_SCREEN_OFF_WAKE_LOCK from com.android.incallui
D/PowerManagerService(  907): acquire PROXIMITY_SCREEN_OFF_WAKE_LOCK from com.android.incallui
D/qdlights(  907): handle_speaker_battery_locked: battery locked!!!
D/PowerManagerService(  907): acquire PROXIMITY_SCREEN_OFF_WAKE_LOCK from com.android.incallui
D/WifiStateMachine(  907): handleScreenStateChanged: true
E/WifiStateMachine(  907): cancelDelayedScan -> 3468
E/PhoneStatusBar( 1238): updateNotificationTitleText  preIsInsidePanelCanSlide =true,misInsidePanelCanSlide = true,misInsidePanelOpen = false
V/SRS_Proc(  314): ParamSet string: screen_state=on
D/audio_hw_primary(  314): adev_set_parameters: enter: screen_state=on
D/audio_hw_primary(  314): adev_set_parameters, forusemic = bh_
D/audio_hw_primary(  314): adev_set_parameters, echo_value = 
D/audio_hw_primary(  314): adev_set_parameters, SingleMicTest: mic_test = 
V/audio_hw_primary(  314): adev_set_parameters: exit with code(0)
I/DisplayPowerController(  907): Unblocked screen on after 126 ms
I/DisplayPowerController(  907): useProximityForceSuspend = true
D/ColorServicesMonitor( 1744): cancel starting OppoAutoClearService!
D/ColorServicesMonitor( 1744): enableProximitySensor
D/ColorServicesMonitor( 1744): mProximityListener.onSensorChanged values[0]:5.0
D/ColorServicesMonitor( 1744): mProximityListener.onSensorChanged active: false
D/ColorServicesMonitor( 1744): mProximitySensorActive = false
D/ColorServicesMonitor( 1744): disableProximitySensor
D/PowerManagerService(  907): acquire PROXIMITY_SCREEN_OFF_WAKE_LOCK from com.android.incallui
D/BluetoothAdapter(12526): 740026798: getState() :  mService = null. Returning STATE_OFF
D/BluetoothAdapter(12526): 740026798: getState() :  mService = null. Returning STATE_OFF
I/NearbyDirect(12526): MagicPairScanner: BluetoothLeScanner is null, Bluetooth might be off. Enabled=false
D/PowerManagerService(  907): acquire PROXIMITY_SCREEN_OFF_WAKE_LOCK from com.android.incallui
D/RecentsServiceProxy( 1238): service : android.os.BinderProxy@34a7faed
E/PSD     (  343): set_ps_threshold: low_thd 96 high_thd 136  ps:16 crosstalk:0  state:1 
E/native  (  907): do suspend false
I/qdhwcomposer(  260): handle_blank_event: dpy:0 panel power state: 1
D/qdhwcomposer(  260): hwc_setPowerMode: Done setting mode 2 on display 0
D/SurfaceControl(  907): Excessive delay in setPowerMode(): 421ms
I/DisplayPowerController(  907): useProximityForceSuspend = true
E/PSD     (  343): set_ps_threshold: low_thd 86 high_thd 126  ps:6 crosstalk:0  state:1 
I/DisplayPowerController(  907): useProximityForceSuspend = true
I/DisplayPowerController(  907): useProximityForceSuspend = true
I/DisplayPowerController(  907): useProximityForceSuspend = true
V/KeyguardServiceDelegate(  907): onScreenTurnedOff(why = 4)
V/KeyguardServiceDelegate(  907): onScreenTurnedOff mKeyguardState.screenIsOn = false
I/DisplayPowerController(  907): mProximity = Positive
I/PowerManagerService(  907): onProximityPositiveForceSuspend
I/PowerManagerService(  907): Going to sleep due to proximity (uid 1000)...
D/PowerManagerService(  907): wakelock list dump: mLocks.size=3:
